--- Details ---
depth: 2
gates_per_level: 10
num-parties: 3
pid: 0
repeat: 1
security_param: 128
seed: 200
threads: 6

--- Circuit ---
Input: 10
Addition: 0
Multiplication: 20
Multiplication with Fan-in 3: 0
Multiplication with Fan-in 4: 0
Subtraction: 0
Addition with constant: 0
Multiplication with constant: 0
ReLU: 0
MSB: 0
Equals to zero: 0
Less than zero: 0
Dotproduct: 0
Dotproduct with truncation: 0
Invalid: 0
Total: 30
Depth: 3

TIMER pid=0 off_eval.run()=10461.96 ms
TIMER pid=0 online_loop=0.00 ms
--- Repetition 1 ---
time: 10465.793664 ms
sent: 704 bytes

--- Statistics ---
peak_resident_set_size: 8928
peak_virtual_memory: 942132

BcastBus[p=0]: drop_self=5 witness_disp=9 drop_unkn=0 tnacks=0 wnacks=2 nack_origin_drop=0 nack_recv=3
  tx[1]: app_bytes=0 tx_dg=0 retx=0 evict=0 poisoned=0
  tx[2]: app_bytes=0 tx_dg=0 retx=0 evict=0 poisoned=0
  tx[3]: app_bytes=704 tx_dg=3 retx=0 evict=0 poisoned=0
  rx[1]: rx_dg=0 poisoned=0
  rx[2]: rx_dg=0 poisoned=0
  rx[3]: rx_dg=0 poisoned=0
TDMAScheduler[p=0]: slot_ns=1048544 cycle_slots=4 waits=2939 ns_waited=12146480138 sends={in=5 out=0 boundary_spans=0}
TDMAScheduler[p=0]: per-slot send counts: slot0(own)=5 slot1(oth)=0 slot2(oth)=0 slot3(oth)=0
