--- Details ---
depth: 100
gates_per_level: 5000
num-parties: 3
pid: 0
repeat: 1
security_param: 128
seed: 200
threads: 6

--- Circuit ---
Input: 5000
Addition: 0
Multiplication: 500000
Multiplication with Fan-in 3: 0
Multiplication with Fan-in 4: 0
Subtraction: 0
Addition with constant: 0
Multiplication with constant: 0
ReLU: 0
MSB: 0
Equals to zero: 0
Less than zero: 0
Dotproduct: 0
Dotproduct with truncation: 0
Invalid: 0
Total: 505000
Depth: 101

TIMER pid=0 off_eval.run()=5997.68 ms
TIMER pid=0 online_loop=3.01 ms
--- Repetition 1 ---
time: 6161.763851 ms
sent: 12080064 bytes

--- Statistics ---
peak_resident_set_size: 1181692
peak_virtual_memory: 2022104

BcastBus[p=0]: drop_self=8631 witness_disp=48 drop_unkn=0 tnacks=0 wnacks=0 nack_origin_drop=0 nack_recv=0
  tx[1]: app_bytes=0 tx_dg=0 retx=0 evict=0 poisoned=0
  tx[2]: app_bytes=0 tx_dg=0 retx=0 evict=0 poisoned=0
  tx[3]: app_bytes=12080064 tx_dg=8631 retx=0 evict=0 poisoned=0
  rx[1]: rx_dg=0 poisoned=0
  rx[2]: rx_dg=0 poisoned=0
  rx[3]: rx_dg=0 poisoned=0
TDMAScheduler[p=0]: slot_ns=1048544 cycle_slots=4 waits=68 ns_waited=181508387 sends={in=8565 out=66 boundary_spans=66}
TDMAScheduler[p=0]: per-slot send counts: slot0(own)=8631 slot1(oth)=0 slot2(oth)=0 slot3(oth)=0
