--- Details ---
depth: 100
gates_per_level: 5000
num-parties: 3
pid: 3
repeat: 1
security_param: 128
seed: 200
threads: 6

--- Circuit ---
Input: 5000
Addition: 0
Multiplication: 500000
Multiplication with Fan-in 3: 0
Multiplication with Fan-in 4: 0
Subtraction: 0
Addition with constant: 0
Multiplication with constant: 0
ReLU: 0
MSB: 0
Equals to zero: 0
Less than zero: 0
Dotproduct: 0
Dotproduct with truncation: 0
Invalid: 0
Total: 505000
Depth: 101

TIMER pid=3 off_eval.run()=7487.22 ms
TIMER pid=3 online_loop=2964.58 ms
--- Repetition 1 ---
time: 10470.423863 ms
sent: 5334400 bytes

--- Statistics ---
peak_resident_set_size: 583068
peak_virtual_memory: 1530668

BcastBus[p=3]: drop_self=4004 witness_disp=4004 drop_unkn=25 tnacks=0 wnacks=0 nack_origin_drop=0 nack_recv=0
  tx[0]: app_bytes=0 tx_dg=0 retx=0 evict=0 poisoned=0
  tx[1]: app_bytes=2667200 tx_dg=2002 retx=0 evict=0 poisoned=0
  tx[2]: app_bytes=2667200 tx_dg=2002 retx=0 evict=0 poisoned=0
  rx[0]: rx_dg=8631 poisoned=0
  rx[1]: rx_dg=2002 poisoned=0
  rx[2]: rx_dg=2002 poisoned=0
TDMAScheduler[p=3]: slot_ns=1048544 cycle_slots=4 waits=194 ns_waited=381920145 sends={in=4003 out=1 boundary_spans=1}
TDMAScheduler[p=3]: per-slot send counts: slot0(oth)=0 slot1(oth)=0 slot2(oth)=0 slot3(own)=4004
