--- Details ---
depth: 100
gates_per_level: 15000
num-parties: 4
pid: 2
repeat: 1
security_param: 128
seed: 200
threads: 6

--- Circuit ---
Input: 15000
Addition: 0
Multiplication: 1500000
Multiplication with Fan-in 3: 0
Multiplication with Fan-in 4: 0
Subtraction: 0
Addition with constant: 0
Multiplication with constant: 0
ReLU: 0
MSB: 0
Equals to zero: 0
Less than zero: 0
Dotproduct: 0
Dotproduct with truncation: 0
Invalid: 0
Total: 1515000
Depth: 101

TS pid=2 wall=1777448937124 pre_sync
TS pid=2 wall=1777448937866 post_sync
TIMER pid=2 off_eval.run()=3927.96 ms
TS pid=2 wall=1777448941794 post_offline
TS pid=2 wall=1777448941895 post_setrandom
TS pid=2 wall=1777448941895 online_layer=0
TS pid=2 wall=1777448965691 online_layer=1
TS pid=2 wall=1777448966016 online_layer=5
TS pid=2 wall=1777448967488 online_layer=25
TS pid=2 wall=1777448969330 online_layer=50
TS pid=2 wall=1777448971179 online_layer=75
TS pid=2 wall=1777448972936 online_layer=99
TIMER pid=2 online_loop=31113.84 ms
--- Repetition 1 ---
time: 35142.391838 ms
sent: 18000000 bytes

--- Statistics ---
peak_resident_set_size: 1638336
peak_virtual_memory: 2212392

BcastBus[p=2]: drop_self=13206 witness_disp=52300 drop_unkn=0 tnacks=0 wnacks=0 nack_origin_drop=0 nack_recv=0
  tx[0]: app_bytes=0 tx_dg=0 retx=0 evict=0 poisoned=0
  tx[1]: app_bytes=6000000 tx_dg=4402 retx=0 evict=0 poisoned=0
  tx[3]: app_bytes=6000000 tx_dg=4402 retx=0 evict=0 poisoned=0
  tx[4]: app_bytes=6000000 tx_dg=4402 retx=0 evict=0 poisoned=0
  rx[0]: rx_dg=0 poisoned=0
  rx[1]: rx_dg=4402 poisoned=0
  rx[3]: rx_dg=4402 poisoned=0
  rx[4]: rx_dg=4402 poisoned=0
