--- Details ---
depth: 10
gates_per_level: 1000
num-parties: 3
pid: 0
repeat: 1
security_param: 128
seed: 200
threads: 6

--- Circuit ---
Input: 1000
Addition: 0
Multiplication: 10000
Multiplication with Fan-in 3: 0
Multiplication with Fan-in 4: 0
Subtraction: 0
Addition with constant: 0
Multiplication with constant: 0
ReLU: 0
MSB: 0
Equals to zero: 0
Less than zero: 0
Dotproduct: 0
Dotproduct with truncation: 0
Invalid: 0
Total: 11000
Depth: 11

TS pid=0 wall=1777587367100 pre_sync
TS pid=0 wall=1777587367525 post_sync
TIMER pid=0 off_eval.run()=324.60 ms
TS pid=0 wall=1777587367849 post_offline
TS pid=0 wall=1777587367855 post_setrandom
TS pid=0 wall=1777587367855 online_layer=0
TS pid=0 wall=1777587367855 online_layer=1
TS pid=0 wall=1777587367855 online_layer=5
TIMER pid=0 online_loop=0.25 ms
--- Repetition 1 ---
time: 330.366347 ms
sent: 256064 bytes

--- Statistics ---
peak_resident_set_size: 33772
peak_virtual_memory: 803644

BcastBus[p=0]: drop_self=190 witness_disp=0 drop_unkn=0 tnacks=0 wnacks=0 nack_origin_drop=0 nack_recv=5
  tx[1]: app_bytes=0 tx_dg=0 retx=0 evict=0 poisoned=0
  tx[2]: app_bytes=0 tx_dg=0 retx=0 evict=0 poisoned=0
  tx[3]: app_bytes=256064 tx_dg=185 retx=5 evict=0 poisoned=0
  rx[1]: rx_dg=0 poisoned=0
  rx[2]: rx_dg=0 poisoned=0
  rx[3]: rx_dg=0 poisoned=0
TDMAScheduler[p=0]: slot_ns=1048544 cycle_slots=4 waits=3 ns_waited=6509292 sends={in=188 out=2 boundary_spans=2}
TDMAScheduler[p=0]: per-slot send counts: slot0(own)=190 slot1(oth)=0 slot2(oth)=0 slot3(oth)=0
