--- Details ---
depth: 10
gates_per_level: 1000
num-parties: 3
pid: 2
repeat: 1
security_param: 128
seed: 200
threads: 6

--- Circuit ---
Input: 1000
Addition: 0
Multiplication: 10000
Multiplication with Fan-in 3: 0
Multiplication with Fan-in 4: 0
Subtraction: 0
Addition with constant: 0
Multiplication with constant: 0
ReLU: 0
MSB: 0
Equals to zero: 0
Less than zero: 0
Dotproduct: 0
Dotproduct with truncation: 0
Invalid: 0
Total: 11000
Depth: 11

TS pid=2 wall=1777587363616 pre_sync
TS pid=2 wall=1777587365288 post_sync
TIMER pid=2 off_eval.run()=86.44 ms
TS pid=2 wall=1777587365374 post_offline
TS pid=2 wall=1777587365380 post_setrandom
TS pid=2 wall=1777587365380 online_layer=0
TS pid=2 wall=1777587365917 online_layer=1
TS pid=2 wall=1777587365994 online_layer=5
TIMER pid=2 online_loop=719.39 ms
--- Repetition 1 ---
time: 811.270178 ms
sent: 106640 bytes

--- Statistics ---
peak_resident_set_size: 21032
peak_virtual_memory: 790360

BcastBus[p=2]: drop_self=84 witness_disp=270 drop_unkn=0 tnacks=0 wnacks=0 nack_origin_drop=0 nack_recv=5
  tx[0]: app_bytes=0 tx_dg=0 retx=0 evict=0 poisoned=0
  tx[1]: app_bytes=53280 tx_dg=42 retx=0 evict=0 poisoned=0
  tx[3]: app_bytes=53360 tx_dg=42 retx=0 evict=0 poisoned=0
  rx[0]: rx_dg=0 poisoned=0
  rx[1]: rx_dg=42 poisoned=0
  rx[3]: rx_dg=42 poisoned=0
TDMAScheduler[p=2]: slot_ns=1048544 cycle_slots=4 waits=18 ns_waited=39062304 sends={in=84 out=0 boundary_spans=0}
TDMAScheduler[p=2]: per-slot send counts: slot0(oth)=0 slot1(oth)=0 slot2(own)=84 slot3(oth)=0
