--- Details ---
depth: 10
gates_per_level: 1000
num-parties: 3
pid: 3
repeat: 1
security_param: 128
seed: 200
threads: 6

--- Circuit ---
Input: 1000
Addition: 0
Multiplication: 10000
Multiplication with Fan-in 3: 0
Multiplication with Fan-in 4: 0
Subtraction: 0
Addition with constant: 0
Multiplication with constant: 0
ReLU: 0
MSB: 0
Equals to zero: 0
Less than zero: 0
Dotproduct: 0
Dotproduct with truncation: 0
Invalid: 0
Total: 11000
Depth: 11

TS pid=3 wall=1777587363133 pre_sync
TS pid=3 wall=1777587364911 post_sync
^recovery_us: sender=0 seq=1 idx=154 attempts=1 14835
^recovery_us: sender=0 seq=1 idx=155 attempts=1 14868
^recovery_us: sender=0 seq=1 idx=156 attempts=1 14882
^recovery_us: sender=0 seq=1 idx=157 attempts=1 14907
^recovery_us: sender=0 seq=2 idx=0 attempts=1 15551
TIMER pid=3 off_eval.run()=740.82 ms
TS pid=3 wall=1777587365652 post_offline
TS pid=3 wall=1777587365657 post_setrandom
TS pid=3 wall=1777587365660 online_layer=0
TS pid=3 wall=1777587365677 online_layer=1
TS pid=3 wall=1777587365753 online_layer=5
TIMER pid=3 online_loop=201.10 ms
--- Repetition 1 ---
time: 946.845597 ms
sent: 106720 bytes

--- Statistics ---
peak_resident_set_size: 21320
peak_virtual_memory: 921524

BcastBus[p=3]: drop_self=89 witness_disp=84 drop_unkn=0 tnacks=5 wnacks=0 nack_origin_drop=0 nack_recv=0
  tx[0]: app_bytes=0 tx_dg=0 retx=0 evict=0 poisoned=0
  tx[1]: app_bytes=53360 tx_dg=42 retx=0 evict=0 poisoned=0
  tx[2]: app_bytes=53360 tx_dg=42 retx=0 evict=0 poisoned=0
  rx[0]: rx_dg=186 poisoned=0
  rx[1]: rx_dg=42 poisoned=0
  rx[2]: rx_dg=42 poisoned=0
TDMAScheduler[p=3]: slot_ns=1048544 cycle_slots=4 waits=19 ns_waited=34576954 sends={in=83 out=6 boundary_spans=6}
TDMAScheduler[p=3]: per-slot send counts: slot0(oth)=0 slot1(oth)=0 slot2(oth)=0 slot3(own)=89
