=== Native distributed Asterisk MPC — TSN (eno2) ===
n=3 g=5000 d=100 repeat=1 slot_ns=1048544
active hosts: P0=local, P1=server1 P2=server2 P3=server3 
preflight: taprio aligned on all hosts (cycle=4194176, base_time mod cycle=0)
--- starting timesrcd (backend=ptp ptp_dev=/dev/ptp1) ---
--- launching MPC parties ---

=== Per-party results ===
--- Party 0 (local) ---
pid: 0
time: 6300.421309 ms
sent: 12080064 bytes
--- Party 1 (server1) ---
pid: 1
time: 11452.113285 ms
sent: 5332800 bytes
--- Party 2 (server2) ---
pid: 2
time: 11452.164666 ms
sent: 5332800 bytes
--- Party 3 (server3) ---
pid: 3
time: 11518.614116 ms
sent: 5334400 bytes

=== Retransmit + scheduler audit ===
P0: retx=0   poison=0   in_slot=8764   out_of_slot=81  boundary_spans=80 
P1: retx=0   poison=0   in_slot=4004   out_of_slot=0   boundary_spans=0  
P2: retx=0   poison=0   in_slot=4004   out_of_slot=0   boundary_spans=0  
P3: retx=0   poison=0   in_slot=4210   out_of_slot=8   boundary_spans=7  
