--- Details ---
depth: 100
gates_per_level: 5000
num-parties: 3
pid: 1
repeat: 1
security_param: 128
seed: 200
threads: 6

--- Circuit ---
Input: 5000
Addition: 0
Multiplication: 500000
Multiplication with Fan-in 3: 0
Multiplication with Fan-in 4: 0
Subtraction: 0
Addition with constant: 0
Multiplication with constant: 0
ReLU: 0
MSB: 0
Equals to zero: 0
Less than zero: 0
Dotproduct: 0
Dotproduct with truncation: 0
Invalid: 0
Total: 505000
Depth: 101

TIMER pid=1 off_eval.run()=1329.64 ms
TIMER pid=1 online_loop=10084.33 ms
--- Repetition 1 ---
time: 11452.113285 ms
sent: 5332800 bytes

--- Statistics ---
peak_resident_set_size: 551580
peak_virtual_memory: 1522412

BcastBus[p=1]: drop_self=4004 witness_disp=12636 drop_unkn=0 tnacks=0 wnacks=0 nack_origin_drop=0 nack_recv=214
  tx[0]: app_bytes=0 tx_dg=0 retx=0 evict=0 poisoned=0
  tx[2]: app_bytes=2665600 tx_dg=2002 retx=0 evict=0 poisoned=0
  tx[3]: app_bytes=2667200 tx_dg=2002 retx=0 evict=0 poisoned=0
  rx[0]: rx_dg=0 poisoned=0
  rx[2]: rx_dg=2002 poisoned=0
  rx[3]: rx_dg=2002 poisoned=0
TDMAScheduler[p=1]: slot_ns=1048544 cycle_slots=4 waits=103 ns_waited=119683504 sends={in=4004 out=0 boundary_spans=0}
TDMAScheduler[p=1]: per-slot send counts: slot0(oth)=0 slot1(own)=4004 slot2(oth)=0 slot3(oth)=0
