=== Native distributed Asterisk MPC — TSN (eno2) ===
n=3 g=10000 d=100 repeat=1 slot_ns=1048544
active hosts: P0=local, P1=server1 P2=server2 P3=server3 
preflight: taprio aligned on all hosts (cycle=4194176, base_time mod cycle=0)
--- starting timesrcd (backend=ptp ptp_dev=/dev/ptp1) ---
--- launching MPC parties ---

=== Per-party results ===
--- Party 0 (local) ---
pid: 0
time: 12884.960531 ms
sent: 24160064 bytes
--- Party 1 (server1) ---
pid: 1
time: 21367.400342 ms
sent: 10666400 bytes
--- Party 2 (server2) ---
pid: 2
time: 21298.178729 ms
sent: 10666400 bytes
--- Party 3 (server3) ---
pid: 3
time: 21230.84772 ms
sent: 10667200 bytes

=== Retransmit + scheduler audit ===
P0: retx=0   poison=0   in_slot=17072  out_of_slot=188 boundary_spans=187
P1: retx=0   poison=0   in_slot=8000   out_of_slot=4   boundary_spans=4  
P2: retx=0   poison=0   in_slot=7969   out_of_slot=35  boundary_spans=35 
P3: retx=0   poison=0   in_slot=8004   out_of_slot=0   boundary_spans=0  
