--- Details ---
depth: 100
gates_per_level: 20000
num-parties: 4
pid: 2
repeat: 1
security_param: 128
seed: 200
threads: 6

--- Circuit ---
Input: 20000
Addition: 0
Multiplication: 2000000
Multiplication with Fan-in 3: 0
Multiplication with Fan-in 4: 0
Subtraction: 0
Addition with constant: 0
Multiplication with constant: 0
ReLU: 0
MSB: 0
Equals to zero: 0
Less than zero: 0
Dotproduct: 0
Dotproduct with truncation: 0
Invalid: 0
Total: 2020000
Depth: 101

TS pid=2 wall=1777449002935 pre_sync
TS pid=2 wall=1777449003584 post_sync
TIMER pid=2 off_eval.run()=5251.94 ms
TS pid=2 wall=1777449008836 post_offline
TS pid=2 wall=1777449008970 post_setrandom
TS pid=2 wall=1777449008971 online_layer=0
TS pid=2 wall=1777449040865 online_layer=1
TS pid=2 wall=1777449041253 online_layer=5
TS pid=2 wall=1777449043150 online_layer=25
TS pid=2 wall=1777449045516 online_layer=50
TS pid=2 wall=1777449048100 online_layer=75
TS pid=2 wall=1777449050365 online_layer=99
TIMER pid=2 online_loop=41489.20 ms
--- Repetition 1 ---
time: 46875.271897 ms
sent: 24000000 bytes

--- Statistics ---
peak_resident_set_size: 2181280
peak_virtual_memory: 2789584

BcastBus[p=2]: drop_self=17416 witness_disp=69329 drop_unkn=0 tnacks=0 wnacks=0 nack_origin_drop=1 nack_recv=11
  tx[0]: app_bytes=0 tx_dg=0 retx=0 evict=0 poisoned=0
  tx[1]: app_bytes=8000000 tx_dg=5802 retx=0 evict=0 poisoned=0
  tx[3]: app_bytes=8000000 tx_dg=5802 retx=10 evict=0 poisoned=0
  tx[4]: app_bytes=8000000 tx_dg=5802 retx=0 evict=0 poisoned=0
  rx[0]: rx_dg=0 poisoned=0
  rx[1]: rx_dg=5802 poisoned=0
  rx[3]: rx_dg=5802 poisoned=0
  rx[4]: rx_dg=5802 poisoned=0
