=== Native distributed Asterisk MPC — TSN (eno2) ===
n=3 g=20000 d=100 repeat=1 slot_ns=1048544
active hosts: P0=local, P1=ds15 P2=ds16 P3=ds17 
preflight: taprio aligned on all hosts (cycle=4194176, base_time mod cycle=0)
--- starting timesrcd (backend=ptp ptp_dev=/dev/ptp1) ---
--- launching MPC parties ---

=== Per-party results ===
--- Party 0 (local) ---
pid: 0
time: 25889.027866 ms
sent: 48320064 bytes
--- Party 1 (ds15) ---
pid: 1
time: 49748.822986 ms
sent: 21332800 bytes
--- Party 2 (ds16) ---
pid: 2
time: 49635.013727 ms
sent: 21332800 bytes
--- Party 3 (ds17) ---
pid: 3
time: 49633.294103 ms
sent: 21334400 bytes

=== Retransmit + scheduler audit ===
P0: retx=0   poison=0   in_slot=34109  out_of_slot=408 boundary_spans=406
P1: retx=0   poison=0   in_slot=15601  out_of_slot=3   boundary_spans=3  
P2: retx=0   poison=0   in_slot=15793  out_of_slot=9   boundary_spans=9  
P3: retx=0   poison=0   in_slot=15779  out_of_slot=23  boundary_spans=23 
