--- Details ---
depth: 100
gates_per_level: 20000
num-parties: 3
pid: 0
repeat: 1
security_param: 128
seed: 200
threads: 6

--- Circuit ---
Input: 20000
Addition: 0
Multiplication: 2000000
Multiplication with Fan-in 3: 0
Multiplication with Fan-in 4: 0
Subtraction: 0
Addition with constant: 0
Multiplication with constant: 0
ReLU: 0
MSB: 0
Equals to zero: 0
Less than zero: 0
Dotproduct: 0
Dotproduct with truncation: 0
Invalid: 0
Total: 2020000
Depth: 101

TIMER pid=0 off_eval.run()=25209.00 ms
TIMER pid=0 online_loop=49.17 ms
--- Repetition 1 ---
time: 25889.027866 ms
sent: 48320064 bytes

--- Statistics ---
peak_resident_set_size: 4683256
peak_virtual_memory: 5573388

BcastBus[p=0]: drop_self=34517 witness_disp=164 drop_unkn=0 tnacks=0 wnacks=0 nack_origin_drop=0 nack_recv=0
  tx[1]: app_bytes=0 tx_dg=0 retx=0 evict=0 poisoned=0
  tx[2]: app_bytes=0 tx_dg=0 retx=0 evict=0 poisoned=0
  tx[3]: app_bytes=48320064 tx_dg=34517 retx=0 evict=0 poisoned=0
  rx[1]: rx_dg=0 poisoned=0
  rx[2]: rx_dg=0 poisoned=0
  rx[3]: rx_dg=0 poisoned=0
TDMAScheduler[p=0]: slot_ns=1048544 cycle_slots=4 waits=411 ns_waited=1287847001 sends={in=34109 out=408 boundary_spans=406}
TDMAScheduler[p=0]: per-slot send counts: slot0(own)=34515 slot1(oth)=2 slot2(oth)=0 slot3(oth)=0
