--- Details ---
depth: 100
gates_per_level: 20000
num-parties: 3
pid: 1
repeat: 1
security_param: 128
seed: 200
threads: 6

--- Circuit ---
Input: 20000
Addition: 0
Multiplication: 2000000
Multiplication with Fan-in 3: 0
Multiplication with Fan-in 4: 0
Subtraction: 0
Addition with constant: 0
Multiplication with constant: 0
ReLU: 0
MSB: 0
Equals to zero: 0
Less than zero: 0
Dotproduct: 0
Dotproduct with truncation: 0
Invalid: 0
Total: 2020000
Depth: 101

TIMER pid=1 off_eval.run()=5275.60 ms
TIMER pid=1 online_loop=44321.39 ms
--- Repetition 1 ---
time: 49748.822986 ms
sent: 21332800 bytes

--- Statistics ---
peak_resident_set_size: 2179800
peak_virtual_memory: 2903016

BcastBus[p=1]: drop_self=15604 witness_disp=50295 drop_unkn=143 tnacks=0 wnacks=0 nack_origin_drop=0 nack_recv=198
  tx[0]: app_bytes=0 tx_dg=0 retx=0 evict=0 poisoned=0
  tx[2]: app_bytes=10665600 tx_dg=7802 retx=0 evict=0 poisoned=0
  tx[3]: app_bytes=10667200 tx_dg=7802 retx=0 evict=0 poisoned=0
  rx[0]: rx_dg=0 poisoned=0
  rx[2]: rx_dg=7802 poisoned=0
  rx[3]: rx_dg=7802 poisoned=0
TDMAScheduler[p=1]: slot_ns=1048544 cycle_slots=4 waits=285 ns_waited=654642028 sends={in=15601 out=3 boundary_spans=3}
TDMAScheduler[p=1]: per-slot send counts: slot0(oth)=0 slot1(own)=15604 slot2(oth)=0 slot3(oth)=0
