--- Details ---
depth: 100
gates_per_level: 20000
num-parties: 3
pid: 3
repeat: 1
security_param: 128
seed: 200
threads: 6

--- Circuit ---
Input: 20000
Addition: 0
Multiplication: 2000000
Multiplication with Fan-in 3: 0
Multiplication with Fan-in 4: 0
Subtraction: 0
Addition with constant: 0
Multiplication with constant: 0
ReLU: 0
MSB: 0
Equals to zero: 0
Less than zero: 0
Dotproduct: 0
Dotproduct with truncation: 0
Invalid: 0
Total: 2020000
Depth: 101

TIMER pid=3 off_eval.run()=31735.98 ms
TIMER pid=3 online_loop=17831.44 ms
--- Repetition 1 ---
time: 49633.294103 ms
sent: 21334400 bytes

--- Statistics ---
peak_resident_set_size: 2260920
peak_virtual_memory: 3151224

BcastBus[p=3]: drop_self=15802 witness_disp=15604 drop_unkn=115 tnacks=0 wnacks=0 nack_origin_drop=0 nack_recv=198
  tx[0]: app_bytes=0 tx_dg=0 retx=0 evict=0 poisoned=0
  tx[1]: app_bytes=10667200 tx_dg=7802 retx=0 evict=0 poisoned=0
  tx[2]: app_bytes=10667200 tx_dg=7802 retx=198 evict=0 poisoned=0
  rx[0]: rx_dg=34517 poisoned=0
  rx[1]: rx_dg=7802 poisoned=0
  rx[2]: rx_dg=7802 poisoned=0
TDMAScheduler[p=3]: slot_ns=1048544 cycle_slots=4 waits=291 ns_waited=620111111 sends={in=15779 out=23 boundary_spans=23}
TDMAScheduler[p=3]: per-slot send counts: slot0(oth)=0 slot1(oth)=0 slot2(oth)=0 slot3(own)=15802
