--- Details ---
buy_list_size: 1024
num-parties: 3
pid: 0
repeat: 1
security_param: 128
seed: 200
sell_list_size: 1024
threads: 64

--- Circuit ---
Input: 3
Addition: 7169
Multiplication: 12292
Multiplication with Fan-in 3: 0
Multiplication with Fan-in 4: 0
Subtraction: 3075
Addition with constant: 10242
Multiplication with constant: 2060
ReLU: 0
MSB: 0
Equals to zero: 1
Less than zero: 3073
Dotproduct: 0
Dotproduct with truncation: 0
Invalid: 0
Total: 37915
Depth: 7

--- Repetition 1 ---
time: 6239.519372 ms
sent: 1709969 bytes

--- Statistics ---
peak_resident_set_size: 1526788
peak_virtual_memory: 6795440

NetIOMP: pid=0 peer=1 ios  ns_send=0 ns_recv=0
NetIOMP: pid=0 peer=1 ios2 ns_send=0 ns_recv=0
NetIOMP: pid=0 peer=2 ios  ns_send=0 ns_recv=0
NetIOMP: pid=0 peer=2 ios2 ns_send=0 ns_recv=0
NetIOMP: pid=0 peer=3 ios  ns_send=927740 ns_recv=0
NetIOMP: pid=0 peer=3 ios2 ns_send=0 ns_recv=0
NetIOMP: pid=0 TOTAL ns_send=927740 ns_recv=0
