--- Details ---
buy_list_size: 16
num-parties: 3
pid: 2
repeat: 1
security_param: 128
seed: 200
sell_list_size: 16
threads: 1

--- Circuit ---
Input: 3
Addition: 113
Multiplication: 196
Multiplication with Fan-in 3: 0
Multiplication with Fan-in 4: 0
Subtraction: 51
Addition with constant: 162
Multiplication with constant: 44
ReLU: 0
MSB: 0
Equals to zero: 1
Less than zero: 49
Dotproduct: 0
Dotproduct with truncation: 0
Invalid: 0
Total: 619
Depth: 7

--- Repetition 1 ---
time: 193.759117 ms
sent: 4981 bytes

--- Statistics ---
peak_resident_set_size: 26468
peak_virtual_memory: 182296

NetIOMP: pid=2 peer=0 ios  ns_send=0 ns_recv=0
NetIOMP: pid=2 peer=0 ios2 ns_send=0 ns_recv=0
NetIOMP: pid=2 peer=1 ios  ns_send=0 ns_recv=210807
NetIOMP: pid=2 peer=1 ios2 ns_send=9937 ns_recv=0
NetIOMP: pid=2 peer=3 ios  ns_send=5832 ns_recv=0
NetIOMP: pid=2 peer=3 ios2 ns_send=0 ns_recv=146726432
NetIOMP: pid=2 TOTAL ns_send=15769 ns_recv=146937239
