--- Details ---
depth: 100
gates_per_level: 10000
num-parties: 3
pid: 0
repeat: 1
security_param: 128
seed: 200
threads: 64

--- Circuit ---
Input: 10000
Addition: 0
Multiplication: 1000000
Multiplication with Fan-in 3: 0
Multiplication with Fan-in 4: 0
Subtraction: 0
Addition with constant: 0
Multiplication with constant: 0
ReLU: 0
MSB: 0
Equals to zero: 0
Less than zero: 0
Dotproduct: 0
Dotproduct with truncation: 0
Invalid: 0
Total: 1010000
Depth: 101

TS pid=0 wall=1777429003940 pre_sync
TS pid=0 wall=1777429003978 post_sync
TS pid=0 wall=1777429015650 post_offline
TS pid=0 wall=1777429016048 post_setrandom
TS pid=0 wall=1777429016048 online_layer=0
TS pid=0 wall=1777429016048 online_layer=1
TS pid=0 wall=1777429016048 online_layer=5
TS pid=0 wall=1777429016049 online_layer=25
TS pid=0 wall=1777429016051 online_layer=50
TS pid=0 wall=1777429016052 online_layer=75
TS pid=0 wall=1777429016054 online_layer=99
--- Repetition 1 ---
time: 12075.408071 ms
sent: 24160064 bytes

--- Statistics ---
peak_resident_set_size: 2336580
peak_virtual_memory: 7589116

NetIOMP: pid=0 peer=1 ios  ns_send=0 ns_recv=0
NetIOMP: pid=0 peer=1 ios2 ns_send=0 ns_recv=0
NetIOMP: pid=0 peer=2 ios  ns_send=0 ns_recv=0
NetIOMP: pid=0 peer=2 ios2 ns_send=0 ns_recv=0
NetIOMP: pid=0 peer=3 ios  ns_send=221003202 ns_recv=0
NetIOMP: pid=0 peer=3 ios2 ns_send=0 ns_recv=0
NetIOMP: pid=0 TOTAL ns_send=221003202 ns_recv=0
