--- Details ---
depth: 100
gates_per_level: 10000
num-parties: 3
pid: 2
repeat: 1
security_param: 128
seed: 200
threads: 6

--- Circuit ---
Input: 10000
Addition: 0
Multiplication: 1000000
Multiplication with Fan-in 3: 0
Multiplication with Fan-in 4: 0
Subtraction: 0
Addition with constant: 0
Multiplication with constant: 0
ReLU: 0
MSB: 0
Equals to zero: 0
Less than zero: 0
Dotproduct: 0
Dotproduct with truncation: 0
Invalid: 0
Total: 1010000
Depth: 101

TS pid=2 wall=1777428304111 pre_sync
TS pid=2 wall=1777428304128 post_sync
TS pid=2 wall=1777428306811 post_offline
TS pid=2 wall=1777428306881 post_setrandom
TS pid=2 wall=1777428306881 online_layer=0
TS pid=2 wall=1777428321913 online_layer=1
TS pid=2 wall=1777428322105 online_layer=5
TS pid=2 wall=1777428323054 online_layer=25
TS pid=2 wall=1777428324238 online_layer=50
TS pid=2 wall=1777428325431 online_layer=75
TS pid=2 wall=1777428326576 online_layer=99
--- Repetition 1 ---
time: 22496.828494 ms
sent: 10666400 bytes

--- Statistics ---
peak_resident_set_size: 1088256
peak_virtual_memory: 1894576

NetIOMP: pid=2 peer=0 ios  ns_send=0 ns_recv=0
NetIOMP: pid=2 peer=0 ios2 ns_send=0 ns_recv=0
NetIOMP: pid=2 peer=1 ios  ns_send=0 ns_recv=15083724
NetIOMP: pid=2 peer=1 ios2 ns_send=413021 ns_recv=0
NetIOMP: pid=2 peer=3 ios  ns_send=329155 ns_recv=0
NetIOMP: pid=2 peer=3 ios2 ns_send=0 ns_recv=15348673718
NetIOMP: pid=2 TOTAL ns_send=742176 ns_recv=15363757442
