--- Details ---
depth: 100
gates_per_level: 10000
num-parties: 3
pid: 3
repeat: 1
security_param: 128
seed: 200
threads: 6

--- Circuit ---
Input: 10000
Addition: 0
Multiplication: 1000000
Multiplication with Fan-in 3: 0
Multiplication with Fan-in 4: 0
Subtraction: 0
Addition with constant: 0
Multiplication with constant: 0
ReLU: 0
MSB: 0
Equals to zero: 0
Less than zero: 0
Dotproduct: 0
Dotproduct with truncation: 0
Invalid: 0
Total: 1010000
Depth: 101

TS pid=3 wall=1777428304319 pre_sync
TS pid=3 wall=1777428304319 post_sync
TS pid=3 wall=1777428322013 post_offline
TS pid=3 wall=1777428322059 post_setrandom
TS pid=3 wall=1777428322059 online_layer=0
TS pid=3 wall=1777428322102 online_layer=1
TS pid=3 wall=1777428322295 online_layer=5
TS pid=3 wall=1777428323244 online_layer=25
TS pid=3 wall=1777428324428 online_layer=50
TS pid=3 wall=1777428325621 online_layer=75
TS pid=3 wall=1777428326766 online_layer=99
--- Repetition 1 ---
time: 22496.279593 ms
sent: 10667200 bytes

--- Statistics ---
peak_resident_set_size: 1139908
peak_virtual_memory: 1822348

NetIOMP: pid=3 peer=0 ios  ns_send=0 ns_recv=14007921628
NetIOMP: pid=3 peer=0 ios2 ns_send=0 ns_recv=0
NetIOMP: pid=3 peer=1 ios  ns_send=0 ns_recv=465257626
NetIOMP: pid=3 peer=1 ios2 ns_send=555785 ns_recv=0
NetIOMP: pid=3 peer=2 ios  ns_send=0 ns_recv=5325137
NetIOMP: pid=3 peer=2 ios2 ns_send=413641 ns_recv=0
NetIOMP: pid=3 TOTAL ns_send=969426 ns_recv=14478504391
