--- Details ---
buy_list_size: 256
num-parties: 3
pid: 3
repeat: 1
security_param: 128
seed: 200
sell_list_size: 256
threads: 1

--- Circuit ---
Input: 3
Addition: 1793
Multiplication: 3076
Multiplication with Fan-in 3: 0
Multiplication with Fan-in 4: 0
Subtraction: 771
Addition with constant: 2562
Multiplication with constant: 524
ReLU: 0
MSB: 0
Equals to zero: 1
Less than zero: 769
Dotproduct: 0
Dotproduct with truncation: 0
Invalid: 0
Total: 9499
Depth: 7

--- Repetition 1 ---
time: 2788.636993 ms
sent: 78110 bytes

--- Statistics ---
peak_resident_set_size: 207932
peak_virtual_memory: 360840

NetIOMP: pid=3 peer=0 ios  ns_send=0 ns_recv=2136367067
NetIOMP: pid=3 peer=0 ios2 ns_send=0 ns_recv=0
NetIOMP: pid=3 peer=1 ios  ns_send=0 ns_recv=27654216
NetIOMP: pid=3 peer=1 ios2 ns_send=31970 ns_recv=0
NetIOMP: pid=3 peer=2 ios  ns_send=0 ns_recv=144958
NetIOMP: pid=3 peer=2 ios2 ns_send=15702 ns_recv=0
NetIOMP: pid=3 TOTAL ns_send=47672 ns_recv=2164166241
