--- Details ---
depth: 100
gates_per_level: 20000
num-parties: 3
pid: 1
repeat: 1
security_param: 128
seed: 200
threads: 6

--- Circuit ---
Input: 20000
Addition: 0
Multiplication: 2000000
Multiplication with Fan-in 3: 0
Multiplication with Fan-in 4: 0
Subtraction: 0
Addition with constant: 0
Multiplication with constant: 0
ReLU: 0
MSB: 0
Equals to zero: 0
Less than zero: 0
Dotproduct: 0
Dotproduct with truncation: 0
Invalid: 0
Total: 2020000
Depth: 101

TS pid=1 wall=1777428436301 pre_sync
TS pid=1 wall=1777428436314 post_sync
TS pid=1 wall=1777428441505 post_offline
TS pid=1 wall=1777428441652 post_setrandom
TS pid=1 wall=1777428441652 online_layer=0
TS pid=1 wall=1777428472379 online_layer=1
TS pid=1 wall=1777428472759 online_layer=5
TS pid=1 wall=1777428474645 online_layer=25
TS pid=1 wall=1777428477019 online_layer=50
TS pid=1 wall=1777428479397 online_layer=75
TS pid=1 wall=1777428481677 online_layer=99
--- Repetition 1 ---
time: 45456.627607 ms
sent: 21332800 bytes

--- Statistics ---
peak_resident_set_size: 2162528
peak_virtual_memory: 3074952

NetIOMP: pid=1 peer=0 ios  ns_send=0 ns_recv=0
NetIOMP: pid=1 peer=0 ios2 ns_send=0 ns_recv=0
NetIOMP: pid=1 peer=2 ios  ns_send=876301 ns_recv=0
NetIOMP: pid=1 peer=2 ios2 ns_send=0 ns_recv=453837897
NetIOMP: pid=1 peer=3 ios  ns_send=850064 ns_recv=0
NetIOMP: pid=1 peer=3 ios2 ns_send=0 ns_recv=30637175790
NetIOMP: pid=1 TOTAL ns_send=1726365 ns_recv=31091013687
