--- Details ---
depth: 100
gates_per_level: 20000
num-parties: 3
pid: 2
repeat: 1
security_param: 128
seed: 200
threads: 6

--- Circuit ---
Input: 20000
Addition: 0
Multiplication: 2000000
Multiplication with Fan-in 3: 0
Multiplication with Fan-in 4: 0
Subtraction: 0
Addition with constant: 0
Multiplication with constant: 0
ReLU: 0
MSB: 0
Equals to zero: 0
Less than zero: 0
Dotproduct: 0
Dotproduct with truncation: 0
Invalid: 0
Total: 2020000
Depth: 101

TS pid=2 wall=1777428436261 pre_sync
TS pid=2 wall=1777428436275 post_sync
TS pid=2 wall=1777428441436 post_offline
TS pid=2 wall=1777428441581 post_setrandom
TS pid=2 wall=1777428441581 online_layer=0
TS pid=2 wall=1777428472342 online_layer=1
TS pid=2 wall=1777428472722 online_layer=5
TS pid=2 wall=1777428474608 online_layer=25
TS pid=2 wall=1777428476980 online_layer=50
TS pid=2 wall=1777428479361 online_layer=75
TS pid=2 wall=1777428481640 online_layer=99
--- Repetition 1 ---
time: 45459.499992 ms
sent: 21332800 bytes

--- Statistics ---
peak_resident_set_size: 2161268
peak_virtual_memory: 3073704

NetIOMP: pid=2 peer=0 ios  ns_send=0 ns_recv=0
NetIOMP: pid=2 peer=0 ios2 ns_send=0 ns_recv=0
NetIOMP: pid=2 peer=1 ios  ns_send=0 ns_recv=89847327
NetIOMP: pid=2 peer=1 ios2 ns_send=847985 ns_recv=0
NetIOMP: pid=2 peer=3 ios  ns_send=771831 ns_recv=0
NetIOMP: pid=2 peer=3 ios2 ns_send=0 ns_recv=31264426445
NetIOMP: pid=2 TOTAL ns_send=1619816 ns_recv=31354273772
