--- Details ---
depth: 100
gates_per_level: 10000
num-parties: 4
pid: 2
repeat: 1
security_param: 128
seed: 200
threads: 6

--- Circuit ---
Input: 10000
Addition: 0
Multiplication: 1000000
Multiplication with Fan-in 3: 0
Multiplication with Fan-in 4: 0
Subtraction: 0
Addition with constant: 0
Multiplication with constant: 0
ReLU: 0
MSB: 0
Equals to zero: 0
Less than zero: 0
Dotproduct: 0
Dotproduct with truncation: 0
Invalid: 0
Total: 1010000
Depth: 101

TS pid=2 wall=1777449469319 pre_sync
TS pid=2 wall=1777449469846 post_sync
TIMER pid=2 off_eval.run()=2670.59 ms
TS pid=2 wall=1777449472517 post_offline
TS pid=2 wall=1777449472589 post_setrandom
TS pid=2 wall=1777449472590 online_layer=0
TS pid=2 wall=1777449488622 online_layer=1
TS pid=2 wall=1777449489067 online_layer=5
TS pid=2 wall=1777449491110 online_layer=25
TS pid=2 wall=1777449493666 online_layer=50
TS pid=2 wall=1777449496223 online_layer=75
TS pid=2 wall=1777449498675 online_layer=99
TIMER pid=2 online_loop=26188.06 ms
--- Repetition 1 ---
time: 28931.090496 ms
sent: 12000000 bytes

--- Statistics ---
peak_resident_set_size: 1095120
peak_virtual_memory: 1914860

BcastBus[p=2]: drop_self=9006 witness_disp=35272 drop_unkn=0 tnacks=0 wnacks=0 nack_origin_drop=0 nack_recv=0
  tx[0]: app_bytes=0 tx_dg=0 retx=0 evict=0 poisoned=0
  tx[1]: app_bytes=4000000 tx_dg=3002 retx=0 evict=0 poisoned=0
  tx[3]: app_bytes=4000000 tx_dg=3002 retx=0 evict=0 poisoned=0
  tx[4]: app_bytes=4000000 tx_dg=3002 retx=0 evict=0 poisoned=0
  rx[0]: rx_dg=0 poisoned=0
  rx[1]: rx_dg=3002 poisoned=0
  rx[3]: rx_dg=3002 poisoned=0
  rx[4]: rx_dg=3002 poisoned=0
