=== Native distributed Asterisk MPC — TSN (eno2) ===
n=3 g=15000 d=100 repeat=1 slot_ns=1048544
active hosts: P0=local, P1=ds15 P2=ds16 P3=ds17 
preflight: taprio aligned on all hosts (cycle=4194176, base_time mod cycle=0)
--- starting timesrcd (backend=ptp ptp_dev=/dev/ptp1) ---
--- launching MPC parties ---

=== Per-party results ===
--- Party 0 (local) ---
pid: 0
time: 19359.788953 ms
sent: 36240064 bytes
--- Party 1 (ds15) ---
pid: 1
time: 31767.60844 ms
sent: 16000000 bytes
--- Party 2 (ds16) ---
pid: 2
time: 31767.905202 ms
sent: 16000000 bytes
--- Party 3 (ds17) ---
pid: 3
time: 31767.154353 ms
sent: 16000000 bytes

=== Retransmit + scheduler audit ===
P0: retx=0   poison=0   in_slot=25792  out_of_slot=322 boundary_spans=322
P1: retx=0   poison=0   in_slot=11589  out_of_slot=15  boundary_spans=15 
P2: retx=0   poison=0   in_slot=11587  out_of_slot=17  boundary_spans=17 
P3: retx=0   poison=0   in_slot=11821  out_of_slot=9   boundary_spans=9  
