--- Details ---
depth: 100
gates_per_level: 15000
num-parties: 3
pid: 0
repeat: 1
security_param: 128
seed: 200
threads: 6

--- Circuit ---
Input: 15000
Addition: 0
Multiplication: 1500000
Multiplication with Fan-in 3: 0
Multiplication with Fan-in 4: 0
Subtraction: 0
Addition with constant: 0
Multiplication with constant: 0
ReLU: 0
MSB: 0
Equals to zero: 0
Less than zero: 0
Dotproduct: 0
Dotproduct with truncation: 0
Invalid: 0
Total: 1515000
Depth: 101

TIMER pid=0 off_eval.run()=18826.32 ms
TIMER pid=0 online_loop=8.78 ms
--- Repetition 1 ---
time: 19359.788953 ms
sent: 36240064 bytes

--- Statistics ---
peak_resident_set_size: 3514420
peak_virtual_memory: 4465512

BcastBus[p=0]: drop_self=26114 witness_disp=124 drop_unkn=0 tnacks=0 wnacks=0 nack_origin_drop=0 nack_recv=226
  tx[1]: app_bytes=0 tx_dg=0 retx=0 evict=0 poisoned=0
  tx[2]: app_bytes=0 tx_dg=0 retx=0 evict=0 poisoned=0
  tx[3]: app_bytes=36240064 tx_dg=25888 retx=226 evict=0 poisoned=0
  rx[1]: rx_dg=0 poisoned=0
  rx[2]: rx_dg=0 poisoned=0
  rx[3]: rx_dg=0 poisoned=0
TDMAScheduler[p=0]: slot_ns=1048544 cycle_slots=4 waits=329 ns_waited=1001756164 sends={in=25792 out=322 boundary_spans=322}
TDMAScheduler[p=0]: per-slot send counts: slot0(own)=26114 slot1(oth)=0 slot2(oth)=0 slot3(oth)=0
