--- Details ---
depth: 100
gates_per_level: 15000
num-parties: 3
pid: 1
repeat: 1
security_param: 128
seed: 200
threads: 6

--- Circuit ---
Input: 15000
Addition: 0
Multiplication: 1500000
Multiplication with Fan-in 3: 0
Multiplication with Fan-in 4: 0
Subtraction: 0
Addition with constant: 0
Multiplication with constant: 0
ReLU: 0
MSB: 0
Equals to zero: 0
Less than zero: 0
Dotproduct: 0
Dotproduct with truncation: 0
Invalid: 0
Total: 1515000
Depth: 101

TS pid=1 wall=1777428358430 pre_sync
TS pid=1 wall=1777428358471 post_sync
TS pid=1 wall=1777428362369 post_offline
TS pid=1 wall=1777428362487 post_setrandom
TS pid=1 wall=1777428362487 online_layer=0
TS pid=1 wall=1777428385804 online_layer=1
TS pid=1 wall=1777428386083 online_layer=5
TS pid=1 wall=1777428387506 online_layer=25
TS pid=1 wall=1777428389289 online_layer=50
TS pid=1 wall=1777428391077 online_layer=75
TS pid=1 wall=1777428392781 online_layer=99
--- Repetition 1 ---
time: 34385.156112 ms
sent: 16000000 bytes

--- Statistics ---
peak_resident_set_size: 1625728
peak_virtual_memory: 2388988

NetIOMP: pid=1 peer=0 ios  ns_send=0 ns_recv=0
NetIOMP: pid=1 peer=0 ios2 ns_send=0 ns_recv=0
NetIOMP: pid=1 peer=2 ios  ns_send=607513 ns_recv=0
NetIOMP: pid=1 peer=2 ios2 ns_send=0 ns_recv=434185060
NetIOMP: pid=1 peer=3 ios  ns_send=526913 ns_recv=0
NetIOMP: pid=1 peer=3 ios2 ns_send=0 ns_recv=23256614721
NetIOMP: pid=1 TOTAL ns_send=1134426 ns_recv=23690799781
