--- Details ---
buy_list_size: 128
num-parties: 3
pid: 1
repeat: 1
security_param: 128
seed: 200
sell_list_size: 128
threads: 1

--- Circuit ---
Input: 3
Addition: 897
Multiplication: 1540
Multiplication with Fan-in 3: 0
Multiplication with Fan-in 4: 0
Subtraction: 387
Addition with constant: 1282
Multiplication with constant: 268
ReLU: 0
MSB: 0
Equals to zero: 1
Less than zero: 385
Dotproduct: 0
Dotproduct with truncation: 0
Invalid: 0
Total: 4763
Depth: 7

--- Repetition 1 ---
time: 1410.316279 ms
sent: 39093 bytes

--- Statistics ---
peak_resident_set_size: 109724
peak_virtual_memory: 265448

NetIOMP: pid=1 peer=0 ios  ns_send=0 ns_recv=0
NetIOMP: pid=1 peer=0 ios2 ns_send=0 ns_recv=0
NetIOMP: pid=1 peer=2 ios  ns_send=18879 ns_recv=0
NetIOMP: pid=1 peer=2 ios2 ns_send=0 ns_recv=1373533
NetIOMP: pid=1 peer=3 ios  ns_send=11425 ns_recv=0
NetIOMP: pid=1 peer=3 ios2 ns_send=0 ns_recv=1086194847
NetIOMP: pid=1 TOTAL ns_send=30304 ns_recv=1087568380
