--- Details ---
buy_list_size: 128
num-parties: 3
pid: 2
repeat: 1
security_param: 128
seed: 200
sell_list_size: 128
threads: 1

--- Circuit ---
Input: 3
Addition: 897
Multiplication: 1540
Multiplication with Fan-in 3: 0
Multiplication with Fan-in 4: 0
Subtraction: 387
Addition with constant: 1282
Multiplication with constant: 268
ReLU: 0
MSB: 0
Equals to zero: 1
Less than zero: 385
Dotproduct: 0
Dotproduct with truncation: 0
Invalid: 0
Total: 4763
Depth: 7

--- Repetition 1 ---
time: 1410.302958 ms
sent: 39093 bytes

--- Statistics ---
peak_resident_set_size: 109648
peak_virtual_memory: 265448

NetIOMP: pid=2 peer=0 ios  ns_send=0 ns_recv=0
NetIOMP: pid=2 peer=0 ios2 ns_send=0 ns_recv=0
NetIOMP: pid=2 peer=1 ios  ns_send=0 ns_recv=2515476
NetIOMP: pid=2 peer=1 ios2 ns_send=20453 ns_recv=0
NetIOMP: pid=2 peer=3 ios  ns_send=11811 ns_recv=0
NetIOMP: pid=2 peer=3 ios2 ns_send=0 ns_recv=1087321663
NetIOMP: pid=2 TOTAL ns_send=32264 ns_recv=1089837139
