--- Details ---
depth: 100
gates_per_level: 20000
num-parties: 4
pid: 3
repeat: 1
security_param: 128
seed: 200
threads: 6

--- Circuit ---
Input: 20000
Addition: 0
Multiplication: 2000000
Multiplication with Fan-in 3: 0
Multiplication with Fan-in 4: 0
Subtraction: 0
Addition with constant: 0
Multiplication with constant: 0
ReLU: 0
MSB: 0
Equals to zero: 0
Less than zero: 0
Dotproduct: 0
Dotproduct with truncation: 0
Invalid: 0
Total: 2020000
Depth: 101

TS pid=3 wall=1777449195685 pre_sync
TS pid=3 wall=1777449196643 post_sync
TIMER pid=3 off_eval.run()=4172.98 ms
TS pid=3 wall=1777449200816 post_offline
TS pid=3 wall=1777449200932 post_setrandom
TS pid=3 wall=1777449200932 online_layer=0
TS pid=3 wall=1777449234816 online_layer=1
TS pid=3 wall=1777449235220 online_layer=5
TS pid=3 wall=1777449237138 online_layer=25
TS pid=3 wall=1777449239613 online_layer=50
TS pid=3 wall=1777449242056 online_layer=75
TS pid=3 wall=1777449244405 online_layer=99
TIMER pid=3 online_loop=43567.42 ms
--- Repetition 1 ---
time: 47856.684189 ms
sent: 24000000 bytes

--- Statistics ---
peak_resident_set_size: 2181248
peak_virtual_memory: 2773224

BcastBus[p=3]: drop_self=17406 witness_disp=69329 drop_unkn=0 tnacks=0 wnacks=0 nack_origin_drop=0 nack_recv=0
  tx[0]: app_bytes=0 tx_dg=0 retx=0 evict=0 poisoned=0
  tx[1]: app_bytes=8000000 tx_dg=5802 retx=0 evict=0 poisoned=0
  tx[2]: app_bytes=8000000 tx_dg=5802 retx=0 evict=0 poisoned=0
  tx[4]: app_bytes=8000000 tx_dg=5802 retx=0 evict=0 poisoned=0
  rx[0]: rx_dg=0 poisoned=0
  rx[1]: rx_dg=5802 poisoned=0
  rx[2]: rx_dg=5802 poisoned=0
  rx[4]: rx_dg=5802 poisoned=0
