--- Details ---
depth: 100
gates_per_level: 15000
num-parties: 4
pid: 2
repeat: 1
security_param: 128
seed: 200
threads: 6

--- Circuit ---
Input: 15000
Addition: 0
Multiplication: 1500000
Multiplication with Fan-in 3: 0
Multiplication with Fan-in 4: 0
Subtraction: 0
Addition with constant: 0
Multiplication with constant: 0
ReLU: 0
MSB: 0
Equals to zero: 0
Less than zero: 0
Dotproduct: 0
Dotproduct with truncation: 0
Invalid: 0
Total: 1515000
Depth: 101

TS pid=2 wall=1777449131055 pre_sync
TS pid=2 wall=1777449131733 post_sync
TIMER pid=2 off_eval.run()=3952.54 ms
TS pid=2 wall=1777449135686 post_offline
TS pid=2 wall=1777449135789 post_setrandom
TS pid=2 wall=1777449135789 online_layer=0
TS pid=2 wall=1777449160344 online_layer=1
TS pid=2 wall=1777449160672 online_layer=5
TS pid=2 wall=1777449162151 online_layer=25
TS pid=2 wall=1777449163996 online_layer=50
TS pid=2 wall=1777449165846 online_layer=75
TS pid=2 wall=1777449167614 online_layer=99
TIMER pid=2 online_loop=31898.15 ms
--- Repetition 1 ---
time: 35953.666075 ms
sent: 18000000 bytes

--- Statistics ---
peak_resident_set_size: 1638080
peak_virtual_memory: 2414440

BcastBus[p=2]: drop_self=13206 witness_disp=52300 drop_unkn=0 tnacks=0 wnacks=0 nack_origin_drop=0 nack_recv=0
  tx[0]: app_bytes=0 tx_dg=0 retx=0 evict=0 poisoned=0
  tx[1]: app_bytes=6000000 tx_dg=4402 retx=0 evict=0 poisoned=0
  tx[3]: app_bytes=6000000 tx_dg=4402 retx=0 evict=0 poisoned=0
  tx[4]: app_bytes=6000000 tx_dg=4402 retx=0 evict=0 poisoned=0
  rx[0]: rx_dg=0 poisoned=0
  rx[1]: rx_dg=4402 poisoned=0
  rx[3]: rx_dg=4402 poisoned=0
  rx[4]: rx_dg=4402 poisoned=0
