--- Details ---
depth: 100
gates_per_level: 15000
num-parties: 4
pid: 4
repeat: 1
security_param: 128
seed: 200
threads: 6

--- Circuit ---
Input: 15000
Addition: 0
Multiplication: 1500000
Multiplication with Fan-in 3: 0
Multiplication with Fan-in 4: 0
Subtraction: 0
Addition with constant: 0
Multiplication with constant: 0
ReLU: 0
MSB: 0
Equals to zero: 0
Less than zero: 0
Dotproduct: 0
Dotproduct with truncation: 0
Invalid: 0
Total: 1515000
Depth: 101

TS pid=4 wall=1777449130876 pre_sync
TS pid=4 wall=1777449131997 post_sync
TIMER pid=4 off_eval.run()=28527.61 ms
TS pid=4 wall=1777449160524 post_offline
TS pid=4 wall=1777449160585 post_setrandom
TS pid=4 wall=1777449160585 online_layer=0
TS pid=4 wall=1777449160650 online_layer=1
TS pid=4 wall=1777449160998 online_layer=5
TS pid=4 wall=1777449162476 online_layer=25
TS pid=4 wall=1777449164324 online_layer=50
TS pid=4 wall=1777449166169 online_layer=75
TS pid=4 wall=1777449167943 online_layer=99
TIMER pid=4 online_loop=7428.98 ms
--- Repetition 1 ---
time: 36017.52331 ms
sent: 18000000 bytes

--- Statistics ---
peak_resident_set_size: 1698008
peak_virtual_memory: 2606392

BcastBus[p=4]: drop_self=13206 witness_disp=26412 drop_unkn=0 tnacks=0 wnacks=0 nack_origin_drop=0 nack_recv=0
  tx[0]: app_bytes=0 tx_dg=0 retx=0 evict=0 poisoned=0
  tx[1]: app_bytes=6000000 tx_dg=4402 retx=0 evict=0 poisoned=0
  tx[2]: app_bytes=6000000 tx_dg=4402 retx=0 evict=0 poisoned=0
  tx[3]: app_bytes=6000000 tx_dg=4402 retx=0 evict=0 poisoned=0
  rx[0]: rx_dg=25888 poisoned=0
  rx[1]: rx_dg=4402 poisoned=0
  rx[2]: rx_dg=4402 poisoned=0
  rx[3]: rx_dg=4402 poisoned=0
