--- Details ---
depth: 100
gates_per_level: 5000
num-parties: 3
pid: 0
repeat: 1
security_param: 128
seed: 200
threads: 6

--- Circuit ---
Input: 5000
Addition: 0
Multiplication: 500000
Multiplication with Fan-in 3: 0
Multiplication with Fan-in 4: 0
Subtraction: 0
Addition with constant: 0
Multiplication with constant: 0
ReLU: 0
MSB: 0
Equals to zero: 0
Less than zero: 0
Dotproduct: 0
Dotproduct with truncation: 0
Invalid: 0
Total: 505000
Depth: 101

TS pid=0 wall=1777587724691 pre_sync
TS pid=0 wall=1777587724768 post_sync
TIMER pid=0 off_eval.run()=14605.55 ms
TS pid=0 wall=1777587739373 post_offline
TS pid=0 wall=1777587739609 post_setrandom
TS pid=0 wall=1777587739609 online_layer=0
TS pid=0 wall=1777587739609 online_layer=1
TS pid=0 wall=1777587739609 online_layer=5
TS pid=0 wall=1777587739611 online_layer=25
TS pid=0 wall=1777587739614 online_layer=50
TS pid=0 wall=1777587739617 online_layer=75
TS pid=0 wall=1777587739619 online_layer=99
TIMER pid=0 online_loop=10.84 ms
--- Repetition 1 ---
time: 14851.67807 ms
sent: 12080064 bytes

--- Statistics ---
peak_resident_set_size: 1182172
peak_virtual_memory: 2129184

BcastBus[p=0]: drop_self=9015 witness_disp=48 drop_unkn=0 tnacks=0 wnacks=0 nack_origin_drop=0 nack_recv=384
  tx[1]: app_bytes=0 tx_dg=0 retx=0 evict=0 poisoned=0
  tx[2]: app_bytes=0 tx_dg=0 retx=0 evict=0 poisoned=0
  tx[3]: app_bytes=12080064 tx_dg=8631 retx=384 evict=0 poisoned=0
  rx[1]: rx_dg=0 poisoned=0
  rx[2]: rx_dg=0 poisoned=0
  rx[3]: rx_dg=0 poisoned=0
TDMAScheduler[p=0]: slot_ns=1048544 cycle_slots=4 waits=103 ns_waited=318518059 sends={in=8925 out=90 boundary_spans=88}
TDMAScheduler[p=0]: per-slot send counts: slot0(own)=9013 slot1(oth)=2 slot2(oth)=0 slot3(oth)=0
