--- Details ---
depth: 100
gates_per_level: 5000
num-parties: 3
pid: 3
repeat: 1
security_param: 128
seed: 200
threads: 6

--- Circuit ---
Input: 5000
Addition: 0
Multiplication: 500000
Multiplication with Fan-in 3: 0
Multiplication with Fan-in 4: 0
Subtraction: 0
Addition with constant: 0
Multiplication with constant: 0
ReLU: 0
MSB: 0
Equals to zero: 0
Less than zero: 0
Dotproduct: 0
Dotproduct with truncation: 0
Invalid: 0
Total: 505000
Depth: 101

TS pid=3 wall=1777587720788 pre_sync
TS pid=3 wall=1777587722465 post_sync
^recovery_us: sender=0 seq=1 idx=85 attempts=1 30464
^recovery_us: sender=0 seq=1 idx=86 attempts=1 30506
^recovery_us: sender=0 seq=1 idx=87 attempts=1 30521
^recovery_us: sender=0 seq=1 idx=88 attempts=1 30535
^recovery_us: sender=0 seq=1 idx=174 attempts=1 30548
^recovery_us: sender=0 seq=1 idx=175 attempts=1 30561
^recovery_us: sender=0 seq=1 idx=176 attempts=1 30597
^recovery_us: sender=0 seq=1 idx=177 attempts=1 30612
^recovery_us: sender=0 seq=1 idx=263 attempts=1 30633
^recovery_us: sender=0 seq=1 idx=264 attempts=1 30648
^recovery_us: sender=0 seq=1 idx=265 attempts=1 30662
^recovery_us: sender=0 seq=1 idx=266 attempts=1 30683
^recovery_us: sender=0 seq=1 idx=352 attempts=1 30697
^recovery_us: sender=0 seq=1 idx=353 attempts=1 30711
^recovery_us: sender=0 seq=1 idx=354 attempts=1 30732
^recovery_us: sender=0 seq=1 idx=355 attempts=1 30745
^recovery_us: sender=0 seq=1 idx=441 attempts=1 30758
^recovery_us: sender=0 seq=1 idx=442 attempts=1 30779
^recovery_us: sender=0 seq=1 idx=443 attempts=1 30792
^recovery_us: sender=0 seq=1 idx=444 attempts=1 30806
^recovery_us: sender=0 seq=1 idx=530 attempts=1 30826
^recovery_us: sender=0 seq=1 idx=531 attempts=1 30839
^recovery_us: sender=0 seq=1 idx=532 attempts=1 30853
^recovery_us: sender=0 seq=1 idx=533 attempts=1 30873
^recovery_us: sender=0 seq=1 idx=619 attempts=1 30887
^recovery_us: sender=0 seq=1 idx=620 attempts=1 30900
^recovery_us: sender=0 seq=1 idx=621 attempts=1 30920
^recovery_us: sender=0 seq=1 idx=622 attempts=1 30940
^recovery_us: sender=0 seq=1 idx=708 attempts=1 30954
^recovery_us: sender=0 seq=1 idx=709 attempts=1 30991
^recovery_us: sender=0 seq=1 idx=710 attempts=1 31006
^recovery_us: sender=0 seq=1 idx=711 attempts=1 31019
^recovery_us: sender=0 seq=1 idx=797 attempts=1 31040
^recovery_us: sender=0 seq=1 idx=798 attempts=1 31056
^recovery_us: sender=0 seq=1 idx=799 attempts=1 31069
^recovery_us: sender=0 seq=1 idx=800 attempts=1 31091
^recovery_us: sender=0 seq=1 idx=886 attempts=1 31112
^recovery_us: sender=0 seq=1 idx=887 attempts=1 31129
^recovery_us: sender=0 seq=1 idx=888 attempts=1 31159
^recovery_us: sender=0 seq=1 idx=889 attempts=1 31180
^recovery_us: sender=0 seq=1 idx=975 attempts=1 31202
^recovery_us: sender=0 seq=1 idx=976 attempts=1 31222
^recovery_us: sender=0 seq=1 idx=977 attempts=1 31241
^recovery_us: sender=0 seq=1 idx=978 attempts=1 31255
^recovery_us: sender=0 seq=1 idx=1064 attempts=1 31283
^recovery_us: sender=0 seq=1 idx=1065 attempts=1 31304
^recovery_us: sender=0 seq=1 idx=1066 attempts=1 31318
^recovery_us: sender=0 seq=1 idx=1067 attempts=1 31344
^recovery_us: sender=0 seq=1 idx=1153 attempts=1 31362
^recovery_us: sender=0 seq=1 idx=1154 attempts=1 31375
^recovery_us: sender=0 seq=1 idx=1155 attempts=1 31401
^recovery_us: sender=0 seq=1 idx=1156 attempts=1 31421
^recovery_us: sender=0 seq=1 idx=1242 attempts=1 31434
^recovery_us: sender=0 seq=1 idx=1243 attempts=1 31461
^recovery_us: sender=0 seq=1 idx=1244 attempts=1 31481
^recovery_us: sender=0 seq=1 idx=1245 attempts=1 31495
^recovery_us: sender=0 seq=1 idx=1331 attempts=1 31522
^recovery_us: sender=0 seq=1 idx=1332 attempts=1 31543
^recovery_us: sender=0 seq=1 idx=1333 attempts=1 31556
^recovery_us: sender=0 seq=1 idx=1334 attempts=1 31757
^recovery_us: sender=0 seq=1 idx=1420 attempts=1 31787
^recovery_us: sender=0 seq=1 idx=1421 attempts=1 31808
^recovery_us: sender=0 seq=1 idx=1422 attempts=1 31823
^recovery_us: sender=0 seq=1 idx=1423 attempts=1 31844
^recovery_us: sender=0 seq=1 idx=1509 attempts=1 31859
^recovery_us: sender=0 seq=1 idx=1510 attempts=1 31874
^recovery_us: sender=0 seq=1 idx=1511 attempts=1 31894
^recovery_us: sender=0 seq=1 idx=1512 attempts=1 31909
^recovery_us: sender=0 seq=1 idx=1598 attempts=1 31923
^recovery_us: sender=0 seq=1 idx=1599 attempts=1 31943
^recovery_us: sender=0 seq=1 idx=1600 attempts=1 31957
^recovery_us: sender=0 seq=1 idx=1601 attempts=1 31970
^recovery_us: sender=0 seq=1 idx=1687 attempts=1 32002
^recovery_us: sender=0 seq=1 idx=1688 attempts=1 32018
^recovery_us: sender=0 seq=1 idx=1689 attempts=1 32040
^recovery_us: sender=0 seq=1 idx=1690 attempts=1 32057
^recovery_us: sender=0 seq=1 idx=1776 attempts=1 32070
^recovery_us: sender=0 seq=1 idx=1777 attempts=1 32082
^recovery_us: sender=0 seq=1 idx=1778 attempts=1 32103
^recovery_us: sender=0 seq=1 idx=1779 attempts=1 32119
^recovery_us: sender=0 seq=1 idx=1865 attempts=1 32132
^recovery_us: sender=0 seq=1 idx=1866 attempts=1 32153
^recovery_us: sender=0 seq=1 idx=1867 attempts=1 32166
^recovery_us: sender=0 seq=1 idx=1868 attempts=1 32179
^recovery_us: sender=0 seq=1 idx=1954 attempts=1 32204
^recovery_us: sender=0 seq=1 idx=1955 attempts=1 32219
^recovery_us: sender=0 seq=1 idx=1956 attempts=1 32233
^recovery_us: sender=0 seq=1 idx=1957 attempts=1 32253
^recovery_us: sender=0 seq=1 idx=2043 attempts=1 32266
^recovery_us: sender=0 seq=1 idx=2044 attempts=1 32279
^recovery_us: sender=0 seq=1 idx=2045 attempts=1 32300
^recovery_us: sender=0 seq=1 idx=2046 attempts=1 32315
^recovery_us: sender=0 seq=1 idx=2132 attempts=1 32328
^recovery_us: sender=0 seq=1 idx=2133 attempts=1 32349
^recovery_us: sender=0 seq=1 idx=2134 attempts=1 32364
^recovery_us: sender=0 seq=1 idx=2135 attempts=1 32377
^recovery_us: sender=0 seq=1 idx=2221 attempts=1 32390
^recovery_us: sender=0 seq=1 idx=2222 attempts=1 32411
^recovery_us: sender=0 seq=1 idx=2223 attempts=1 32425
^recovery_us: sender=0 seq=1 idx=2224 attempts=1 32438
^recovery_us: sender=0 seq=1 idx=2310 attempts=1 32458
^recovery_us: sender=0 seq=1 idx=2311 attempts=1 32473
^recovery_us: sender=0 seq=1 idx=2312 attempts=1 32486
^recovery_us: sender=0 seq=1 idx=2313 attempts=1 32506
^recovery_us: sender=0 seq=1 idx=2399 attempts=1 32520
^recovery_us: sender=0 seq=1 idx=2400 attempts=1 32533
^recovery_us: sender=0 seq=1 idx=2401 attempts=1 32553
^recovery_us: sender=0 seq=1 idx=2402 attempts=1 32569
^recovery_us: sender=0 seq=1 idx=2488 attempts=1 32589
^recovery_us: sender=0 seq=1 idx=2489 attempts=1 32603
^recovery_us: sender=0 seq=1 idx=2490 attempts=1 32615
^recovery_us: sender=0 seq=1 idx=2491 attempts=1 32636
^recovery_us: sender=0 seq=1 idx=2577 attempts=1 32650
^recovery_us: sender=0 seq=1 idx=2578 attempts=1 32663
^recovery_us: sender=0 seq=1 idx=2579 attempts=1 32676
^recovery_us: sender=0 seq=1 idx=2580 attempts=1 32845
^recovery_us: sender=0 seq=1 idx=2666 attempts=1 32861
^recovery_us: sender=0 seq=1 idx=2667 attempts=1 32874
^recovery_us: sender=0 seq=1 idx=2668 attempts=1 32895
^recovery_us: sender=0 seq=1 idx=2669 attempts=1 32908
^recovery_us: sender=0 seq=1 idx=2755 attempts=1 32921
^recovery_us: sender=0 seq=1 idx=2756 attempts=1 32941
^recovery_us: sender=0 seq=1 idx=2757 attempts=1 32957
^recovery_us: sender=0 seq=1 idx=2758 attempts=1 32971
^recovery_us: sender=0 seq=1 idx=2844 attempts=1 33005
^recovery_us: sender=0 seq=1 idx=2845 attempts=1 33019
^recovery_us: sender=0 seq=1 idx=2846 attempts=1 33032
^recovery_us: sender=0 seq=1 idx=2847 attempts=1 33052
^recovery_us: sender=0 seq=1 idx=2933 attempts=1 33067
^recovery_us: sender=0 seq=1 idx=2934 attempts=1 33080
^recovery_us: sender=0 seq=1 idx=2935 attempts=1 33093
^recovery_us: sender=0 seq=1 idx=2936 attempts=1 33118
^recovery_us: sender=0 seq=1 idx=3022 attempts=1 33132
^recovery_us: sender=0 seq=1 idx=3023 attempts=1 33145
^recovery_us: sender=0 seq=1 idx=3024 attempts=1 33165
^recovery_us: sender=0 seq=1 idx=3025 attempts=1 33180
^recovery_us: sender=0 seq=1 idx=3111 attempts=1 33192
^recovery_us: sender=0 seq=1 idx=3112 attempts=1 33213
^recovery_us: sender=0 seq=1 idx=3113 attempts=1 33228
^recovery_us: sender=0 seq=1 idx=3114 attempts=1 33242
^recovery_us: sender=0 seq=1 idx=3200 attempts=1 33261
^recovery_us: sender=0 seq=1 idx=3201 attempts=1 33279
^recovery_us: sender=0 seq=1 idx=3202 attempts=1 33299
^recovery_us: sender=0 seq=1 idx=3203 attempts=1 33315
^recovery_us: sender=0 seq=1 idx=3289 attempts=1 33329
^recovery_us: sender=0 seq=1 idx=3290 attempts=1 33349
^recovery_us: sender=0 seq=1 idx=3291 attempts=1 33362
^recovery_us: sender=0 seq=1 idx=3292 attempts=1 33374
^recovery_us: sender=0 seq=1 idx=3378 attempts=1 33387
^recovery_us: sender=0 seq=1 idx=3379 attempts=1 33407
^recovery_us: sender=0 seq=1 idx=3380 attempts=1 33424
^recovery_us: sender=0 seq=1 idx=3381 attempts=1 33437
^recovery_us: sender=0 seq=1 idx=3467 attempts=1 33458
^recovery_us: sender=0 seq=1 idx=3468 attempts=1 33471
^recovery_us: sender=0 seq=1 idx=3469 attempts=1 33484
^recovery_us: sender=0 seq=1 idx=3470 attempts=1 33507
^recovery_us: sender=0 seq=1 idx=3556 attempts=1 33522
^recovery_us: sender=0 seq=1 idx=3557 attempts=1 33535
^recovery_us: sender=0 seq=1 idx=3558 attempts=1 33554
^recovery_us: sender=0 seq=1 idx=3559 attempts=1 33568
^recovery_us: sender=0 seq=1 idx=3645 attempts=1 33581
^recovery_us: sender=0 seq=1 idx=3646 attempts=1 33602
^recovery_us: sender=0 seq=1 idx=3647 attempts=1 33616
^recovery_us: sender=0 seq=1 idx=3648 attempts=1 33629
^recovery_us: sender=0 seq=1 idx=3734 attempts=1 33649
^recovery_us: sender=0 seq=1 idx=3735 attempts=1 33664
^recovery_us: sender=0 seq=1 idx=3736 attempts=1 33677
^recovery_us: sender=0 seq=1 idx=3737 attempts=1 33690
^recovery_us: sender=0 seq=1 idx=3823 attempts=1 33710
^recovery_us: sender=0 seq=1 idx=3824 attempts=1 33724
^recovery_us: sender=0 seq=1 idx=3825 attempts=1 33829
^recovery_us: sender=0 seq=1 idx=3826 attempts=1 33853
^recovery_us: sender=0 seq=1 idx=3912 attempts=1 33867
^recovery_us: sender=0 seq=1 idx=3913 attempts=1 33880
^recovery_us: sender=0 seq=1 idx=3914 attempts=1 33900
^recovery_us: sender=0 seq=1 idx=3915 attempts=1 33914
^recovery_us: sender=0 seq=1 idx=4001 attempts=1 33938
^recovery_us: sender=0 seq=1 idx=4002 attempts=1 33953
^recovery_us: sender=0 seq=1 idx=4003 attempts=1 33966
^recovery_us: sender=0 seq=1 idx=4004 attempts=1 33995
^recovery_us: sender=0 seq=1 idx=4090 attempts=1 34011
^recovery_us: sender=0 seq=1 idx=4091 attempts=1 34024
^recovery_us: sender=0 seq=1 idx=4092 attempts=1 34037
^recovery_us: sender=0 seq=1 idx=4093 attempts=1 34058
^recovery_us: sender=0 seq=1 idx=4179 attempts=1 34073
^recovery_us: sender=0 seq=1 idx=4180 attempts=1 34086
^recovery_us: sender=0 seq=1 idx=4181 attempts=1 34107
^recovery_us: sender=0 seq=1 idx=4182 attempts=1 34123
^recovery_us: sender=0 seq=1 idx=4268 attempts=1 34136
^recovery_us: sender=0 seq=1 idx=4269 attempts=1 34157
^recovery_us: sender=0 seq=1 idx=4270 attempts=1 34170
^recovery_us: sender=0 seq=1 idx=4271 attempts=1 34183
^recovery_us: sender=0 seq=1 idx=4357 attempts=1 34203
^recovery_us: sender=0 seq=1 idx=4358 attempts=1 34218
^recovery_us: sender=0 seq=1 idx=4359 attempts=1 34231
^recovery_us: sender=0 seq=1 idx=4360 attempts=1 34251
^recovery_us: sender=0 seq=1 idx=4446 attempts=1 34267
^recovery_us: sender=0 seq=1 idx=4447 attempts=1 34280
^recovery_us: sender=0 seq=1 idx=4448 attempts=1 34308
^recovery_us: sender=0 seq=1 idx=4449 attempts=1 34328
^recovery_us: sender=0 seq=1 idx=4535 attempts=1 34342
^recovery_us: sender=0 seq=1 idx=4536 attempts=1 34355
^recovery_us: sender=0 seq=1 idx=4537 attempts=1 34375
^recovery_us: sender=0 seq=1 idx=4538 attempts=1 34389
^recovery_us: sender=0 seq=1 idx=4624 attempts=1 34402
^recovery_us: sender=0 seq=1 idx=4625 attempts=1 34423
^recovery_us: sender=0 seq=1 idx=4626 attempts=1 34437
^recovery_us: sender=0 seq=1 idx=4627 attempts=1 34451
^recovery_us: sender=0 seq=1 idx=4713 attempts=1 34471
^recovery_us: sender=0 seq=1 idx=4714 attempts=1 34486
^recovery_us: sender=0 seq=1 idx=4715 attempts=1 34506
^recovery_us: sender=0 seq=1 idx=4716 attempts=1 34519
^recovery_us: sender=0 seq=1 idx=4802 attempts=1 34532
^recovery_us: sender=0 seq=1 idx=4803 attempts=1 34553
^recovery_us: sender=0 seq=1 idx=4804 attempts=1 34568
^recovery_us: sender=0 seq=1 idx=4805 attempts=1 34581
^recovery_us: sender=0 seq=1 idx=4891 attempts=1 34601
^recovery_us: sender=0 seq=1 idx=4892 attempts=1 34615
^recovery_us: sender=0 seq=1 idx=4893 attempts=1 34628
^recovery_us: sender=0 seq=1 idx=4894 attempts=1 34640
^recovery_us: sender=0 seq=1 idx=4980 attempts=1 34662
^recovery_us: sender=0 seq=1 idx=4981 attempts=1 34677
^recovery_us: sender=0 seq=1 idx=4982 attempts=1 34690
^recovery_us: sender=0 seq=1 idx=4983 attempts=1 34714
^recovery_us: sender=0 seq=1 idx=5069 attempts=1 34730
^recovery_us: sender=0 seq=1 idx=5070 attempts=1 34744
^recovery_us: sender=0 seq=1 idx=5071 attempts=1 34763
^recovery_us: sender=0 seq=1 idx=5072 attempts=1 34781
^recovery_us: sender=0 seq=1 idx=5158 attempts=1 34793
^recovery_us: sender=0 seq=1 idx=5159 attempts=1 34814
^recovery_us: sender=0 seq=1 idx=5160 attempts=1 34830
^recovery_us: sender=0 seq=1 idx=5161 attempts=1 34845
^recovery_us: sender=0 seq=1 idx=5247 attempts=1 35336
^recovery_us: sender=0 seq=1 idx=5248 attempts=1 35365
^recovery_us: sender=0 seq=1 idx=5249 attempts=1 35380
^recovery_us: sender=0 seq=1 idx=5250 attempts=1 35393
^recovery_us: sender=0 seq=1 idx=5336 attempts=1 35424
^recovery_us: sender=0 seq=1 idx=5337 attempts=1 35443
^recovery_us: sender=0 seq=1 idx=5338 attempts=1 35456
^recovery_us: sender=0 seq=1 idx=5339 attempts=1 35487
^recovery_us: sender=0 seq=1 idx=5425 attempts=1 35504
^recovery_us: sender=0 seq=1 idx=5426 attempts=1 35518
^recovery_us: sender=0 seq=1 idx=5427 attempts=1 35550
^recovery_us: sender=0 seq=1 idx=5428 attempts=1 35567
^recovery_us: sender=0 seq=1 idx=5514 attempts=1 35592
^recovery_us: sender=0 seq=1 idx=5515 attempts=1 35612
^recovery_us: sender=0 seq=1 idx=5516 attempts=1 35625
^recovery_us: sender=0 seq=1 idx=5517 attempts=1 35651
^recovery_us: sender=0 seq=1 idx=5603 attempts=1 35673
^recovery_us: sender=0 seq=1 idx=5604 attempts=1 35687
^recovery_us: sender=0 seq=1 idx=5605 attempts=1 35713
^recovery_us: sender=0 seq=1 idx=5606 attempts=1 35733
^recovery_us: sender=0 seq=1 idx=5692 attempts=1 35747
^recovery_us: sender=0 seq=1 idx=5693 attempts=1 35762
^recovery_us: sender=0 seq=1 idx=5694 attempts=1 35791
^recovery_us: sender=0 seq=1 idx=5695 attempts=1 35807
^recovery_us: sender=0 seq=1 idx=5781 attempts=1 35821
^recovery_us: sender=0 seq=1 idx=5782 attempts=1 35850
^recovery_us: sender=0 seq=1 idx=5783 attempts=1 35866
^recovery_us: sender=0 seq=1 idx=5784 attempts=1 35881
^recovery_us: sender=0 seq=1 idx=5870 attempts=1 35909
^recovery_us: sender=0 seq=1 idx=5871 attempts=1 35927
^recovery_us: sender=0 seq=1 idx=5872 attempts=1 35945
^recovery_us: sender=0 seq=1 idx=5873 attempts=1 35967
^recovery_us: sender=0 seq=1 idx=5959 attempts=1 35994
^recovery_us: sender=0 seq=1 idx=5960 attempts=1 36008
^recovery_us: sender=0 seq=1 idx=5961 attempts=1 36030
^recovery_us: sender=0 seq=1 idx=5962 attempts=1 36043
^recovery_us: sender=0 seq=1 idx=6048 attempts=1 36057
^recovery_us: sender=0 seq=1 idx=6049 attempts=1 36083
^recovery_us: sender=0 seq=1 idx=6050 attempts=1 36098
^recovery_us: sender=0 seq=1 idx=6051 attempts=1 36111
^recovery_us: sender=0 seq=1 idx=6137 attempts=1 36124
^recovery_us: sender=0 seq=1 idx=6138 attempts=1 36145
^recovery_us: sender=0 seq=1 idx=6139 attempts=1 36158
^recovery_us: sender=0 seq=1 idx=6140 attempts=1 36171
^recovery_us: sender=0 seq=1 idx=6226 attempts=1 36191
^recovery_us: sender=0 seq=1 idx=6227 attempts=1 36206
^recovery_us: sender=0 seq=1 idx=6228 attempts=1 36225
^recovery_us: sender=0 seq=1 idx=6229 attempts=1 36240
^recovery_us: sender=0 seq=1 idx=6315 attempts=1 36253
^recovery_us: sender=0 seq=1 idx=6316 attempts=1 36274
^recovery_us: sender=0 seq=1 idx=6317 attempts=1 36287
^recovery_us: sender=0 seq=1 idx=6318 attempts=1 36300
^recovery_us: sender=0 seq=1 idx=6404 attempts=1 36320
^recovery_us: sender=0 seq=1 idx=6405 attempts=1 36335
^recovery_us: sender=0 seq=1 idx=6406 attempts=1 36348
^recovery_us: sender=0 seq=1 idx=6407 attempts=1 36368
^recovery_us: sender=0 seq=1 idx=6493 attempts=1 36383
^recovery_us: sender=0 seq=1 idx=6494 attempts=1 39528
^recovery_us: sender=0 seq=1 idx=6495 attempts=1 39554
^recovery_us: sender=0 seq=1 idx=6496 attempts=1 39583
^recovery_us: sender=0 seq=1 idx=6582 attempts=1 39597
^recovery_us: sender=0 seq=1 idx=6583 attempts=1 39619
^recovery_us: sender=0 seq=1 idx=6584 attempts=1 39641
^recovery_us: sender=0 seq=1 idx=6585 attempts=1 39657
^recovery_us: sender=0 seq=1 idx=6671 attempts=1 39676
^recovery_us: sender=0 seq=1 idx=6672 attempts=1 39702
^recovery_us: sender=0 seq=1 idx=6673 attempts=1 39717
^recovery_us: sender=0 seq=1 idx=6674 attempts=1 39736
^recovery_us: sender=0 seq=1 idx=6760 attempts=1 39761
^recovery_us: sender=0 seq=1 idx=6761 attempts=1 39778
^recovery_us: sender=0 seq=1 idx=6762 attempts=1 39798
^recovery_us: sender=0 seq=1 idx=6763 attempts=1 39825
^recovery_us: sender=0 seq=1 idx=6849 attempts=1 39841
^recovery_us: sender=0 seq=1 idx=6850 attempts=1 39860
^recovery_us: sender=0 seq=1 idx=6851 attempts=1 39874
^recovery_us: sender=0 seq=1 idx=6852 attempts=1 39897
^recovery_us: sender=0 seq=1 idx=6938 attempts=1 39920
^recovery_us: sender=0 seq=1 idx=6939 attempts=1 39935
^recovery_us: sender=0 seq=1 idx=6940 attempts=1 39958
^recovery_us: sender=0 seq=1 idx=6941 attempts=1 39992
^recovery_us: sender=0 seq=1 idx=7027 attempts=1 40017
^recovery_us: sender=0 seq=1 idx=7028 attempts=1 40039
^recovery_us: sender=0 seq=1 idx=7029 attempts=1 40053
^recovery_us: sender=0 seq=1 idx=7030 attempts=1 40084
^recovery_us: sender=0 seq=1 idx=7116 attempts=1 40107
^recovery_us: sender=0 seq=1 idx=7117 attempts=1 40125
^recovery_us: sender=0 seq=1 idx=7118 attempts=1 40147
^recovery_us: sender=0 seq=1 idx=7119 attempts=1 40161
^recovery_us: sender=0 seq=1 idx=7205 attempts=1 40174
^recovery_us: sender=0 seq=1 idx=7206 attempts=1 40195
^recovery_us: sender=0 seq=1 idx=7207 attempts=1 40208
^recovery_us: sender=0 seq=1 idx=7208 attempts=1 40221
^recovery_us: sender=0 seq=1 idx=7294 attempts=1 40234
^recovery_us: sender=0 seq=1 idx=7295 attempts=1 40254
^recovery_us: sender=0 seq=1 idx=7296 attempts=1 40269
^recovery_us: sender=0 seq=1 idx=7297 attempts=1 40281
^recovery_us: sender=0 seq=1 idx=7383 attempts=1 40301
^recovery_us: sender=0 seq=1 idx=7384 attempts=1 40314
^recovery_us: sender=0 seq=1 idx=7385 attempts=1 40327
^recovery_us: sender=0 seq=1 idx=7386 attempts=1 40347
^recovery_us: sender=0 seq=1 idx=7472 attempts=1 40362
^recovery_us: sender=0 seq=1 idx=7473 attempts=1 40376
^recovery_us: sender=0 seq=1 idx=7474 attempts=1 40396
^recovery_us: sender=0 seq=1 idx=7475 attempts=1 40409
^recovery_us: sender=0 seq=1 idx=7561 attempts=1 40422
^recovery_us: sender=0 seq=1 idx=7562 attempts=1 40442
^recovery_us: sender=0 seq=1 idx=7563 attempts=1 40457
^recovery_us: sender=0 seq=1 idx=7564 attempts=1 40470
^recovery_us: sender=0 seq=1 idx=7650 attempts=1 40490
^recovery_us: sender=0 seq=1 idx=7651 attempts=1 40506
^recovery_us: sender=0 seq=1 idx=7652 attempts=1 40518
^recovery_us: sender=0 seq=1 idx=7653 attempts=1 40530
^recovery_us: sender=0 seq=1 idx=7739 attempts=1 40551
^recovery_us: sender=0 seq=1 idx=7740 attempts=1 43722
^recovery_us: sender=0 seq=1 idx=7741 attempts=1 43759
^recovery_us: sender=0 seq=1 idx=7742 attempts=1 43774
^recovery_us: sender=0 seq=1 idx=7828 attempts=1 43787
^recovery_us: sender=0 seq=1 idx=7829 attempts=1 43818
^recovery_us: sender=0 seq=1 idx=7830 attempts=1 43836
^recovery_us: sender=0 seq=1 idx=7831 attempts=1 43849
^recovery_us: sender=0 seq=1 idx=7917 attempts=1 43877
^recovery_us: sender=0 seq=1 idx=7918 attempts=1 43893
^recovery_us: sender=0 seq=1 idx=7919 attempts=1 43906
^recovery_us: sender=0 seq=1 idx=7920 attempts=1 43934
^recovery_us: sender=0 seq=1 idx=8006 attempts=1 43950
^recovery_us: sender=0 seq=1 idx=8007 attempts=1 43963
^recovery_us: sender=0 seq=1 idx=8008 attempts=1 44001
^recovery_us: sender=0 seq=1 idx=8009 attempts=1 44016
^recovery_us: sender=0 seq=1 idx=8095 attempts=1 44030
^recovery_us: sender=0 seq=1 idx=8096 attempts=1 44048
^recovery_us: sender=0 seq=1 idx=8097 attempts=1 44079
^recovery_us: sender=0 seq=1 idx=8098 attempts=1 44095
^recovery_us: sender=0 seq=1 idx=8184 attempts=1 44116
^recovery_us: sender=0 seq=1 idx=8185 attempts=1 44140
^recovery_us: sender=0 seq=1 idx=8186 attempts=1 44153
^recovery_us: sender=0 seq=1 idx=8187 attempts=1 44166
^recovery_us: sender=0 seq=1 idx=8273 attempts=1 44186
^recovery_us: sender=0 seq=1 idx=8274 attempts=1 44200
^recovery_us: sender=0 seq=1 idx=8275 attempts=1 44213
^recovery_us: sender=0 seq=1 idx=8276 attempts=1 44232
^recovery_us: sender=0 seq=1 idx=8362 attempts=1 44245
^recovery_us: sender=0 seq=1 idx=8363 attempts=1 44258
^recovery_us: sender=0 seq=1 idx=8364 attempts=1 44278
^recovery_us: sender=0 seq=1 idx=8365 attempts=1 44293
^recovery_us: sender=0 seq=1 idx=8451 attempts=1 44305
^recovery_us: sender=0 seq=1 idx=8452 attempts=1 44318
^recovery_us: sender=0 seq=1 idx=8453 attempts=1 44337
^recovery_us: sender=0 seq=1 idx=8454 attempts=1 44350
^recovery_us: sender=0 seq=1 idx=8540 attempts=1 44370
^recovery_us: sender=0 seq=1 idx=8541 attempts=1 44383
^recovery_us: sender=0 seq=1 idx=8542 attempts=1 44396
^recovery_us: sender=0 seq=1 idx=8543 attempts=1 44416
TIMER pid=3 off_eval.run()=19130.89 ms
TS pid=3 wall=1777587741596 post_offline
TS pid=3 wall=1777587741700 post_setrandom
TS pid=3 wall=1777587741701 online_layer=0
TS pid=3 wall=1777587741751 online_layer=1
TS pid=3 wall=1777587741958 online_layer=5
