--- Details ---
buy_list_size: 32
num-parties: 3
pid: 0
repeat: 1
security_param: 128
seed: 200
sell_list_size: 32
threads: 64

--- Circuit ---
Input: 3
Addition: 225
Multiplication: 388
Multiplication with Fan-in 3: 0
Multiplication with Fan-in 4: 0
Subtraction: 99
Addition with constant: 322
Multiplication with constant: 76
ReLU: 0
MSB: 0
Equals to zero: 1
Less than zero: 97
Dotproduct: 0
Dotproduct with truncation: 0
Invalid: 0
Total: 1211
Depth: 7

--- Repetition 1 ---
time: 199.957678 ms
sent: 54197 bytes

--- Statistics ---
peak_resident_set_size: 63420
peak_virtual_memory: 5313252

NetIOMP: pid=0 peer=1 ios  ns_send=0 ns_recv=0
NetIOMP: pid=0 peer=1 ios2 ns_send=0 ns_recv=0
NetIOMP: pid=0 peer=2 ios  ns_send=0 ns_recv=0
NetIOMP: pid=0 peer=2 ios2 ns_send=0 ns_recv=0
NetIOMP: pid=0 peer=3 ios  ns_send=10288 ns_recv=0
NetIOMP: pid=0 peer=3 ios2 ns_send=0 ns_recv=0
NetIOMP: pid=0 TOTAL ns_send=10288 ns_recv=0
