--- Details ---
depth: 100
gates_per_level: 10000
num-parties: 3
pid: 1
repeat: 1
security_param: 128
seed: 200
threads: 6

--- Circuit ---
Input: 10000
Addition: 0
Multiplication: 1000000
Multiplication with Fan-in 3: 0
Multiplication with Fan-in 4: 0
Subtraction: 0
Addition with constant: 0
Multiplication with constant: 0
ReLU: 0
MSB: 0
Equals to zero: 0
Less than zero: 0
Dotproduct: 0
Dotproduct with truncation: 0
Invalid: 0
Total: 1010000
Depth: 101

TS pid=1 wall=1777587583202 pre_sync
TS pid=1 wall=1777587584219 post_sync
TIMER pid=1 off_eval.run()=8380.46 ms
TS pid=1 wall=1777587592600 post_offline
TS pid=1 wall=1777587592839 post_setrandom
TS pid=1 wall=1777587592840 online_layer=0
