--- Details ---
depth: 100
gates_per_level: 10000
num-parties: 3
pid: 2
repeat: 1
security_param: 128
seed: 200
threads: 6

--- Circuit ---
Input: 10000
Addition: 0
Multiplication: 1000000
Multiplication with Fan-in 3: 0
Multiplication with Fan-in 4: 0
Subtraction: 0
Addition with constant: 0
Multiplication with constant: 0
ReLU: 0
MSB: 0
Equals to zero: 0
Less than zero: 0
Dotproduct: 0
Dotproduct with truncation: 0
Invalid: 0
Total: 1010000
Depth: 101

TS pid=2 wall=1777587583112 pre_sync
TS pid=2 wall=1777587584435 post_sync
TIMER pid=2 off_eval.run()=8359.15 ms
TS pid=2 wall=1777587592794 post_offline
TS pid=2 wall=1777587593045 post_setrandom
TS pid=2 wall=1777587593046 online_layer=0
