--- Details ---
depth: 100
gates_per_level: 10000
num-parties: 3
pid: 3
repeat: 1
security_param: 128
seed: 200
threads: 6

--- Circuit ---
Input: 10000
Addition: 0
Multiplication: 1000000
Multiplication with Fan-in 3: 0
Multiplication with Fan-in 4: 0
Subtraction: 0
Addition with constant: 0
Multiplication with constant: 0
ReLU: 0
MSB: 0
Equals to zero: 0
Less than zero: 0
Dotproduct: 0
Dotproduct with truncation: 0
Invalid: 0
Total: 1010000
Depth: 101

TS pid=3 wall=1777587582603 pre_sync
TS pid=3 wall=1777587584189 post_sync
^recovery_us: sender=0 seq=1 idx=85 attempts=1 85629
^recovery_us: sender=0 seq=1 idx=86 attempts=1 85672
^recovery_us: sender=0 seq=1 idx=87 attempts=1 85687
^recovery_us: sender=0 seq=1 idx=88 attempts=1 85701
^recovery_us: sender=0 seq=1 idx=174 attempts=1 85714
^recovery_us: sender=0 seq=1 idx=175 attempts=1 85727
^recovery_us: sender=0 seq=1 idx=176 attempts=1 85739
^recovery_us: sender=0 seq=1 idx=177 attempts=1 85753
^recovery_us: sender=0 seq=1 idx=263 attempts=1 85766
^recovery_us: sender=0 seq=1 idx=264 attempts=1 85781
^recovery_us: sender=0 seq=1 idx=265 attempts=1 85794
^recovery_us: sender=0 seq=1 idx=266 attempts=1 85808
^recovery_us: sender=0 seq=1 idx=352 attempts=1 85821
^recovery_us: sender=0 seq=1 idx=353 attempts=1 85834
^recovery_us: sender=0 seq=1 idx=354 attempts=1 85848
^recovery_us: sender=0 seq=1 idx=355 attempts=1 85861
^recovery_us: sender=0 seq=1 idx=441 attempts=1 85874
^recovery_us: sender=0 seq=1 idx=442 attempts=1 85888
^recovery_us: sender=0 seq=1 idx=443 attempts=1 85901
^recovery_us: sender=0 seq=1 idx=444 attempts=1 85914
^recovery_us: sender=0 seq=1 idx=530 attempts=1 85928
^recovery_us: sender=0 seq=1 idx=531 attempts=1 85941
^recovery_us: sender=0 seq=1 idx=532 attempts=1 85991
^recovery_us: sender=0 seq=1 idx=533 attempts=1 86009
^recovery_us: sender=0 seq=1 idx=619 attempts=1 86024
^recovery_us: sender=0 seq=1 idx=620 attempts=1 86046
^recovery_us: sender=0 seq=1 idx=621 attempts=1 86061
^recovery_us: sender=0 seq=1 idx=622 attempts=1 86075
^recovery_us: sender=0 seq=1 idx=708 attempts=1 86097
^recovery_us: sender=0 seq=1 idx=709 attempts=1 86111
^recovery_us: sender=0 seq=1 idx=710 attempts=1 86124
^recovery_us: sender=0 seq=1 idx=711 attempts=1 86138
^recovery_us: sender=0 seq=1 idx=797 attempts=1 86161
^recovery_us: sender=0 seq=1 idx=798 attempts=1 86177
^recovery_us: sender=0 seq=1 idx=799 attempts=1 86191
^recovery_us: sender=0 seq=1 idx=800 attempts=1 86212
^recovery_us: sender=0 seq=1 idx=886 attempts=1 86225
^recovery_us: sender=0 seq=1 idx=887 attempts=1 86239
^recovery_us: sender=0 seq=1 idx=888 attempts=1 86259
^recovery_us: sender=0 seq=1 idx=889 attempts=1 86275
^recovery_us: sender=0 seq=1 idx=975 attempts=1 86289
^recovery_us: sender=0 seq=1 idx=976 attempts=1 86312
^recovery_us: sender=0 seq=1 idx=977 attempts=1 86328
^recovery_us: sender=0 seq=1 idx=978 attempts=1 86341
^recovery_us: sender=0 seq=1 idx=1064 attempts=1 86362
^recovery_us: sender=0 seq=1 idx=1065 attempts=1 86378
^recovery_us: sender=0 seq=1 idx=1066 attempts=1 86392
^recovery_us: sender=0 seq=1 idx=1067 attempts=1 86413
^recovery_us: sender=0 seq=1 idx=1153 attempts=1 86428
^recovery_us: sender=0 seq=1 idx=1154 attempts=1 86442
^recovery_us: sender=0 seq=1 idx=1155 attempts=1 86456
^recovery_us: sender=0 seq=1 idx=1156 attempts=1 86476
^recovery_us: sender=0 seq=1 idx=1242 attempts=1 86490
^recovery_us: sender=0 seq=1 idx=1243 attempts=1 86504
^recovery_us: sender=0 seq=1 idx=1244 attempts=1 86525
^recovery_us: sender=0 seq=1 idx=1245 attempts=1 86539
^recovery_us: sender=0 seq=1 idx=1331 attempts=1 86561
^recovery_us: sender=0 seq=1 idx=1332 attempts=1 86577
^recovery_us: sender=0 seq=1 idx=1333 attempts=1 86590
^recovery_us: sender=0 seq=1 idx=1334 attempts=1 86611
^recovery_us: sender=0 seq=1 idx=1420 attempts=1 86626
^recovery_us: sender=0 seq=1 idx=1421 attempts=1 86811
^recovery_us: sender=0 seq=1 idx=1422 attempts=1 86839
^recovery_us: sender=0 seq=1 idx=1423 attempts=1 86853
^recovery_us: sender=0 seq=1 idx=1509 attempts=1 86865
^recovery_us: sender=0 seq=1 idx=1510 attempts=1 86887
^recovery_us: sender=0 seq=1 idx=1511 attempts=1 86901
^recovery_us: sender=0 seq=1 idx=1512 attempts=1 86915
^recovery_us: sender=0 seq=1 idx=1598 attempts=1 86928
^recovery_us: sender=0 seq=1 idx=1599 attempts=1 86950
^recovery_us: sender=0 seq=1 idx=1600 attempts=1 86964
^recovery_us: sender=0 seq=1 idx=1601 attempts=1 86988
^recovery_us: sender=0 seq=1 idx=1687 attempts=1 87011
^recovery_us: sender=0 seq=1 idx=1688 attempts=1 87025
^recovery_us: sender=0 seq=1 idx=1689 attempts=1 87038
^recovery_us: sender=0 seq=1 idx=1690 attempts=1 87059
^recovery_us: sender=0 seq=1 idx=1776 attempts=1 87073
^recovery_us: sender=0 seq=1 idx=1777 attempts=1 87087
^recovery_us: sender=0 seq=1 idx=1778 attempts=1 87108
^recovery_us: sender=0 seq=1 idx=1779 attempts=1 87122
^recovery_us: sender=0 seq=1 idx=1865 attempts=1 87135
^recovery_us: sender=0 seq=1 idx=1866 attempts=1 87156
^recovery_us: sender=0 seq=1 idx=1867 attempts=1 87171
^recovery_us: sender=0 seq=1 idx=1868 attempts=1 87184
^recovery_us: sender=0 seq=1 idx=1954 attempts=1 87197
^recovery_us: sender=0 seq=1 idx=1955 attempts=1 87218
^recovery_us: sender=0 seq=1 idx=1956 attempts=1 87234
^recovery_us: sender=0 seq=1 idx=1957 attempts=1 87248
^recovery_us: sender=0 seq=1 idx=2043 attempts=1 87270
^recovery_us: sender=0 seq=1 idx=2044 attempts=1 87284
^recovery_us: sender=0 seq=1 idx=2045 attempts=1 87305
^recovery_us: sender=0 seq=1 idx=2046 attempts=1 87321
^recovery_us: sender=0 seq=1 idx=2132 attempts=1 87334
^recovery_us: sender=0 seq=1 idx=2133 attempts=1 87355
^recovery_us: sender=0 seq=1 idx=2134 attempts=1 87370
^recovery_us: sender=0 seq=1 idx=2135 attempts=1 87383
^recovery_us: sender=0 seq=1 idx=2221 attempts=1 87406
^recovery_us: sender=0 seq=1 idx=2222 attempts=1 87421
^recovery_us: sender=0 seq=1 idx=2223 attempts=1 87435
^recovery_us: sender=0 seq=1 idx=2224 attempts=1 87455
^recovery_us: sender=0 seq=1 idx=2310 attempts=1 87470
^recovery_us: sender=0 seq=1 idx=2311 attempts=1 87484
^recovery_us: sender=0 seq=1 idx=2312 attempts=1 87498
^recovery_us: sender=0 seq=1 idx=2313 attempts=1 87519
^recovery_us: sender=0 seq=1 idx=2399 attempts=1 87535
^recovery_us: sender=0 seq=1 idx=2400 attempts=1 87548
^recovery_us: sender=0 seq=1 idx=2401 attempts=1 87569
^recovery_us: sender=0 seq=1 idx=2402 attempts=1 87584
^recovery_us: sender=0 seq=1 idx=2488 attempts=1 87597
^recovery_us: sender=0 seq=1 idx=2489 attempts=1 87622
^recovery_us: sender=0 seq=1 idx=2490 attempts=1 87637
^recovery_us: sender=0 seq=1 idx=2491 attempts=1 87650
^recovery_us: sender=0 seq=1 idx=2577 attempts=1 87672
^recovery_us: sender=0 seq=1 idx=2578 attempts=1 87686
^recovery_us: sender=0 seq=1 idx=2579 attempts=1 87699
^recovery_us: sender=0 seq=1 idx=2580 attempts=1 87720
^recovery_us: sender=0 seq=1 idx=2666 attempts=1 87735
^recovery_us: sender=0 seq=1 idx=2667 attempts=1 87918
^recovery_us: sender=0 seq=1 idx=2668 attempts=1 87941
^recovery_us: sender=0 seq=1 idx=2669 attempts=1 87955
^recovery_us: sender=0 seq=1 idx=2755 attempts=1 87969
^recovery_us: sender=0 seq=1 idx=2756 attempts=1 87995
^recovery_us: sender=0 seq=1 idx=2757 attempts=1 88018
^recovery_us: sender=0 seq=1 idx=2758 attempts=1 88034
^recovery_us: sender=0 seq=1 idx=2844 attempts=1 88054
^recovery_us: sender=0 seq=1 idx=2845 attempts=1 88070
^recovery_us: sender=0 seq=1 idx=2846 attempts=1 88083
^recovery_us: sender=0 seq=1 idx=2847 attempts=1 88104
^recovery_us: sender=0 seq=1 idx=2933 attempts=1 88121
^recovery_us: sender=0 seq=1 idx=2934 attempts=1 88136
^recovery_us: sender=0 seq=1 idx=2935 attempts=1 88157
^recovery_us: sender=0 seq=1 idx=2936 attempts=1 88170
^recovery_us: sender=0 seq=1 idx=3022 attempts=1 88184
^recovery_us: sender=0 seq=1 idx=3023 attempts=1 88205
^recovery_us: sender=0 seq=1 idx=3024 attempts=1 88219
^recovery_us: sender=0 seq=1 idx=3025 attempts=1 88233
^recovery_us: sender=0 seq=1 idx=3111 attempts=1 88254
^recovery_us: sender=0 seq=1 idx=3112 attempts=1 88270
^recovery_us: sender=0 seq=1 idx=3113 attempts=1 88284
^recovery_us: sender=0 seq=1 idx=3114 attempts=1 88297
^recovery_us: sender=0 seq=1 idx=3200 attempts=1 88320
^recovery_us: sender=0 seq=1 idx=3201 attempts=1 88333
^recovery_us: sender=0 seq=1 idx=3202 attempts=1 88346
^recovery_us: sender=0 seq=1 idx=3203 attempts=1 88367
^recovery_us: sender=0 seq=1 idx=3289 attempts=1 88383
^recovery_us: sender=0 seq=1 idx=3290 attempts=1 88397
^recovery_us: sender=0 seq=1 idx=3291 attempts=1 88417
^recovery_us: sender=0 seq=1 idx=3292 attempts=1 88432
^recovery_us: sender=0 seq=1 idx=3378 attempts=1 88446
^recovery_us: sender=0 seq=1 idx=3379 attempts=1 88466
^recovery_us: sender=0 seq=1 idx=3380 attempts=1 88481
^recovery_us: sender=0 seq=1 idx=3381 attempts=1 88495
^recovery_us: sender=0 seq=1 idx=3467 attempts=1 88516
^recovery_us: sender=0 seq=1 idx=3468 attempts=1 88533
^recovery_us: sender=0 seq=1 idx=3469 attempts=1 88546
^recovery_us: sender=0 seq=1 idx=3470 attempts=1 88559
^recovery_us: sender=0 seq=1 idx=3556 attempts=1 88585
^recovery_us: sender=0 seq=1 idx=3557 attempts=1 88600
^recovery_us: sender=0 seq=1 idx=3558 attempts=1 88621
^recovery_us: sender=0 seq=1 idx=3559 attempts=1 88636
^recovery_us: sender=0 seq=1 idx=3645 attempts=1 88651
^recovery_us: sender=0 seq=1 idx=3646 attempts=1 88672
^recovery_us: sender=0 seq=1 idx=3647 attempts=1 88691
^recovery_us: sender=0 seq=1 idx=3648 attempts=1 88704
^recovery_us: sender=0 seq=1 idx=3734 attempts=1 88725
^recovery_us: sender=0 seq=1 idx=3735 attempts=1 88740
^recovery_us: sender=0 seq=1 idx=3736 attempts=1 88754
^recovery_us: sender=0 seq=1 idx=3737 attempts=1 88775
^recovery_us: sender=0 seq=1 idx=3823 attempts=1 88790
^recovery_us: sender=0 seq=1 idx=3824 attempts=1 88808
^recovery_us: sender=0 seq=1 idx=3825 attempts=1 88829
^recovery_us: sender=0 seq=1 idx=3826 attempts=1 88845
^recovery_us: sender=0 seq=1 idx=3912 attempts=1 88858
^recovery_us: sender=0 seq=1 idx=3913 attempts=1 88872
^recovery_us: sender=0 seq=1 idx=3914 attempts=1 88893
^recovery_us: sender=0 seq=1 idx=3915 attempts=1 88909
^recovery_us: sender=0 seq=1 idx=4001 attempts=1 88922
^recovery_us: sender=0 seq=1 idx=4002 attempts=1 88943
^recovery_us: sender=0 seq=1 idx=4003 attempts=1 88959
^recovery_us: sender=0 seq=1 idx=4004 attempts=1 88972
^recovery_us: sender=0 seq=1 idx=4090 attempts=1 89177
^recovery_us: sender=0 seq=1 idx=4091 attempts=1 89194
^recovery_us: sender=0 seq=1 idx=4092 attempts=1 89207
^recovery_us: sender=0 seq=1 idx=4093 attempts=1 89229
^recovery_us: sender=0 seq=1 idx=4179 attempts=1 89243
^recovery_us: sender=0 seq=1 idx=4180 attempts=1 89257
^recovery_us: sender=0 seq=1 idx=4181 attempts=1 89278
^recovery_us: sender=0 seq=1 idx=4182 attempts=1 89293
^recovery_us: sender=0 seq=1 idx=4268 attempts=1 89306
^recovery_us: sender=0 seq=1 idx=4269 attempts=1 89329
^recovery_us: sender=0 seq=1 idx=4270 attempts=1 89342
^recovery_us: sender=0 seq=1 idx=4271 attempts=1 89357
^recovery_us: sender=0 seq=1 idx=4357 attempts=1 89377
^recovery_us: sender=0 seq=1 idx=4358 attempts=1 89392
^recovery_us: sender=0 seq=1 idx=4359 attempts=1 89405
^recovery_us: sender=0 seq=1 idx=4360 attempts=1 89426
^recovery_us: sender=0 seq=1 idx=4446 attempts=1 89442
^recovery_us: sender=0 seq=1 idx=4447 attempts=1 89455
^recovery_us: sender=0 seq=1 idx=4448 attempts=1 89476
^recovery_us: sender=0 seq=1 idx=4449 attempts=1 89492
^recovery_us: sender=0 seq=1 idx=4535 attempts=1 89505
^recovery_us: sender=0 seq=1 idx=4536 attempts=1 89531
^recovery_us: sender=0 seq=1 idx=4537 attempts=1 89547
^recovery_us: sender=0 seq=1 idx=4538 attempts=1 89560
^recovery_us: sender=0 seq=1 idx=4624 attempts=1 89581
^recovery_us: sender=0 seq=1 idx=4625 attempts=1 89597
^recovery_us: sender=0 seq=1 idx=4626 attempts=1 89610
^recovery_us: sender=0 seq=1 idx=4627 attempts=1 89631
^recovery_us: sender=0 seq=1 idx=4713 attempts=1 89646
^recovery_us: sender=0 seq=1 idx=4714 attempts=1 89660
^recovery_us: sender=0 seq=1 idx=4715 attempts=1 89673
^recovery_us: sender=0 seq=1 idx=4716 attempts=1 89694
^recovery_us: sender=0 seq=1 idx=4802 attempts=1 89709
^recovery_us: sender=0 seq=1 idx=4803 attempts=1 89722
^recovery_us: sender=0 seq=1 idx=4804 attempts=1 89743
^recovery_us: sender=0 seq=1 idx=4805 attempts=1 89757
^recovery_us: sender=0 seq=1 idx=4891 attempts=1 89770
^recovery_us: sender=0 seq=1 idx=4892 attempts=1 89799
^recovery_us: sender=0 seq=1 idx=4893 attempts=1 89815
^recovery_us: sender=0 seq=1 idx=4894 attempts=1 89827
^recovery_us: sender=0 seq=1 idx=4980 attempts=1 89848
^recovery_us: sender=0 seq=1 idx=4981 attempts=1 89864
^recovery_us: sender=0 seq=1 idx=4982 attempts=1 89877
^recovery_us: sender=0 seq=1 idx=4983 attempts=1 89898
^recovery_us: sender=0 seq=1 idx=5069 attempts=1 89912
^recovery_us: sender=0 seq=1 idx=5070 attempts=1 89926
^recovery_us: sender=0 seq=1 idx=5071 attempts=1 89947
^recovery_us: sender=0 seq=1 idx=5072 attempts=1 89960
^recovery_us: sender=0 seq=1 idx=5158 attempts=1 89973
^recovery_us: sender=0 seq=1 idx=5159 attempts=1 90006
^recovery_us: sender=0 seq=1 idx=5160 attempts=1 90020
^recovery_us: sender=0 seq=1 idx=5161 attempts=1 90033
^recovery_us: sender=0 seq=1 idx=5247 attempts=1 90054
^recovery_us: sender=0 seq=1 idx=5248 attempts=1 90071
^recovery_us: sender=0 seq=1 idx=5249 attempts=1 90084
^recovery_us: sender=0 seq=1 idx=5250 attempts=1 90105
^recovery_us: sender=0 seq=1 idx=5336 attempts=1 90289
^recovery_us: sender=0 seq=1 idx=5337 attempts=1 90305
^recovery_us: sender=0 seq=1 idx=5338 attempts=1 90327
^recovery_us: sender=0 seq=1 idx=5339 attempts=1 90341
^recovery_us: sender=0 seq=1 idx=5425 attempts=1 90355
^recovery_us: sender=0 seq=1 idx=5426 attempts=1 90376
^recovery_us: sender=0 seq=1 idx=5427 attempts=1 90391
^recovery_us: sender=0 seq=1 idx=5428 attempts=1 90404
^recovery_us: sender=0 seq=1 idx=5514 attempts=1 90418
^recovery_us: sender=0 seq=1 idx=5515 attempts=1 90438
^recovery_us: sender=0 seq=1 idx=5516 attempts=1 90452
^recovery_us: sender=0 seq=1 idx=5517 attempts=1 90466
^recovery_us: sender=0 seq=1 idx=5603 attempts=1 90491
^recovery_us: sender=0 seq=1 idx=5604 attempts=1 90508
^recovery_us: sender=0 seq=1 idx=5605 attempts=1 90521
^recovery_us: sender=0 seq=1 idx=5606 attempts=1 90542
^recovery_us: sender=0 seq=1 idx=5692 attempts=1 90556
^recovery_us: sender=0 seq=1 idx=5693 attempts=1 90569
^recovery_us: sender=0 seq=1 idx=5694 attempts=1 90589
^recovery_us: sender=0 seq=1 idx=5695 attempts=1 90604
^recovery_us: sender=0 seq=1 idx=5781 attempts=1 90618
^recovery_us: sender=0 seq=1 idx=5782 attempts=1 90639
^recovery_us: sender=0 seq=1 idx=5783 attempts=1 90654
^recovery_us: sender=0 seq=1 idx=5784 attempts=1 90675
^recovery_us: sender=0 seq=1 idx=5870 attempts=1 90689
^recovery_us: sender=0 seq=1 idx=5871 attempts=1 90702
^recovery_us: sender=0 seq=1 idx=5872 attempts=1 90716
^recovery_us: sender=0 seq=1 idx=5873 attempts=1 90736
^recovery_us: sender=0 seq=1 idx=5959 attempts=1 90752
^recovery_us: sender=0 seq=1 idx=5960 attempts=1 90766
^recovery_us: sender=0 seq=1 idx=5961 attempts=1 90786
^recovery_us: sender=0 seq=1 idx=5962 attempts=1 90800
^recovery_us: sender=0 seq=1 idx=6048 attempts=1 90814
^recovery_us: sender=0 seq=1 idx=6049 attempts=1 90835
^recovery_us: sender=0 seq=1 idx=6050 attempts=1 90851
^recovery_us: sender=0 seq=1 idx=6051 attempts=1 90865
^recovery_us: sender=0 seq=1 idx=6137 attempts=1 90886
^recovery_us: sender=0 seq=1 idx=6138 attempts=1 90901
^recovery_us: sender=0 seq=1 idx=6139 attempts=1 90914
^recovery_us: sender=0 seq=1 idx=6140 attempts=1 90935
^recovery_us: sender=0 seq=1 idx=6226 attempts=1 90950
^recovery_us: sender=0 seq=1 idx=6227 attempts=1 90964
^recovery_us: sender=0 seq=1 idx=6228 attempts=1 90985
^recovery_us: sender=0 seq=1 idx=6229 attempts=1 91008
^recovery_us: sender=0 seq=1 idx=6315 attempts=1 91022
^recovery_us: sender=0 seq=1 idx=6316 attempts=1 91036
^recovery_us: sender=0 seq=1 idx=6317 attempts=1 91056
^recovery_us: sender=0 seq=1 idx=6318 attempts=1 91071
^recovery_us: sender=0 seq=1 idx=6404 attempts=1 91084
^recovery_us: sender=0 seq=1 idx=6405 attempts=1 91106
^recovery_us: sender=0 seq=1 idx=6406 attempts=1 91122
^recovery_us: sender=0 seq=1 idx=6407 attempts=1 91135
^recovery_us: sender=0 seq=1 idx=6493 attempts=1 91156
^recovery_us: sender=0 seq=1 idx=6494 attempts=1 91172
^recovery_us: sender=0 seq=1 idx=6495 attempts=1 91185
^recovery_us: sender=0 seq=1 idx=6496 attempts=1 91377
^recovery_us: sender=0 seq=1 idx=6582 attempts=1 91393
^recovery_us: sender=0 seq=1 idx=6583 attempts=1 91418
^recovery_us: sender=0 seq=1 idx=6584 attempts=1 91432
^recovery_us: sender=0 seq=1 idx=6585 attempts=1 91446
^recovery_us: sender=0 seq=1 idx=6671 attempts=1 91459
^recovery_us: sender=0 seq=1 idx=6672 attempts=1 91480
^recovery_us: sender=0 seq=1 idx=6673 attempts=1 91495
^recovery_us: sender=0 seq=1 idx=6674 attempts=1 91509
^recovery_us: sender=0 seq=1 idx=6760 attempts=1 91529
^recovery_us: sender=0 seq=1 idx=6761 attempts=1 91545
^recovery_us: sender=0 seq=1 idx=6762 attempts=1 91558
^recovery_us: sender=0 seq=1 idx=6763 attempts=1 91579
^recovery_us: sender=0 seq=1 idx=6849 attempts=1 91593
^recovery_us: sender=0 seq=1 idx=6850 attempts=1 91606
^recovery_us: sender=0 seq=1 idx=6851 attempts=1 91626
^recovery_us: sender=0 seq=1 idx=6852 attempts=1 91641
^recovery_us: sender=0 seq=1 idx=6937 attempts=1 91655
^recovery_us: sender=0 seq=1 idx=6938 attempts=1 91675
^recovery_us: sender=0 seq=1 idx=6939 attempts=1 91689
^recovery_us: sender=0 seq=1 idx=6940 attempts=1 91702
^recovery_us: sender=0 seq=1 idx=6941 attempts=1 91723
^recovery_us: sender=0 seq=1 idx=7027 attempts=1 91739
^recovery_us: sender=0 seq=1 idx=7028 attempts=1 91752
^recovery_us: sender=0 seq=1 idx=7029 attempts=1 91766
^recovery_us: sender=0 seq=1 idx=7030 attempts=1 91787
^recovery_us: sender=0 seq=1 idx=7116 attempts=1 91803
^recovery_us: sender=0 seq=1 idx=7117 attempts=1 91816
^recovery_us: sender=0 seq=1 idx=7118 attempts=1 91837
^recovery_us: sender=0 seq=1 idx=7119 attempts=1 91855
^recovery_us: sender=0 seq=1 idx=7205 attempts=1 91869
^recovery_us: sender=0 seq=1 idx=7206 attempts=1 91889
^recovery_us: sender=0 seq=1 idx=7207 attempts=1 91904
^recovery_us: sender=0 seq=1 idx=7208 attempts=1 91918
^recovery_us: sender=0 seq=1 idx=7294 attempts=1 91938
^recovery_us: sender=0 seq=1 idx=7295 attempts=1 91952
^recovery_us: sender=0 seq=1 idx=7296 attempts=1 91972
^recovery_us: sender=0 seq=1 idx=7297 attempts=1 92036
^recovery_us: sender=0 seq=1 idx=7383 attempts=1 92051
^recovery_us: sender=0 seq=1 idx=7384 attempts=1 92072
^recovery_us: sender=0 seq=1 idx=7385 attempts=1 92086
^recovery_us: sender=0 seq=1 idx=7386 attempts=1 92099
^recovery_us: sender=0 seq=1 idx=7472 attempts=1 92112
^recovery_us: sender=0 seq=1 idx=7473 attempts=1 92133
^recovery_us: sender=0 seq=1 idx=7474 attempts=1 92148
^recovery_us: sender=0 seq=1 idx=7475 attempts=1 92162
^recovery_us: sender=0 seq=1 idx=7561 attempts=1 92183
^recovery_us: sender=0 seq=1 idx=7562 attempts=1 92197
^recovery_us: sender=0 seq=1 idx=7563 attempts=1 92210
^recovery_us: sender=0 seq=1 idx=7564 attempts=1 92235
^recovery_us: sender=0 seq=1 idx=7650 attempts=1 92251
^recovery_us: sender=0 seq=1 idx=7651 attempts=1 92264
^recovery_us: sender=0 seq=1 idx=7652 attempts=1 92284
^recovery_us: sender=0 seq=1 idx=7653 attempts=1 92300
^recovery_us: sender=0 seq=1 idx=7739 attempts=1 92314
^recovery_us: sender=0 seq=1 idx=7740 attempts=1 92334
^recovery_us: sender=0 seq=1 idx=7741 attempts=1 92348
^recovery_us: sender=0 seq=1 idx=7742 attempts=1 92361
^recovery_us: sender=0 seq=1 idx=7828 attempts=1 92374
^recovery_us: sender=0 seq=1 idx=7829 attempts=1 92547
^recovery_us: sender=0 seq=1 idx=7830 attempts=1 92563
^recovery_us: sender=0 seq=1 idx=7831 attempts=1 92577
^recovery_us: sender=0 seq=1 idx=7917 attempts=1 92598
^recovery_us: sender=0 seq=1 idx=7918 attempts=1 92612
^recovery_us: sender=0 seq=1 idx=7919 attempts=1 92625
^recovery_us: sender=0 seq=1 idx=7920 attempts=1 92645
^recovery_us: sender=0 seq=1 idx=8006 attempts=1 92660
^recovery_us: sender=0 seq=1 idx=8007 attempts=1 92674
^recovery_us: sender=0 seq=1 idx=8008 attempts=1 92695
^recovery_us: sender=0 seq=1 idx=8009 attempts=1 92709
^recovery_us: sender=0 seq=1 idx=8031 attempts=1 92730
^recovery_us: sender=0 seq=1 idx=8032 attempts=1 92746
^recovery_us: sender=0 seq=1 idx=8033 attempts=1 92759
^recovery_us: sender=0 seq=1 idx=8034 attempts=1 92780
^recovery_us: sender=0 seq=1 idx=8035 attempts=1 92796
^recovery_us: sender=0 seq=1 idx=8036 attempts=1 92808
^recovery_us: sender=0 seq=1 idx=8101 attempts=1 92822
^recovery_us: sender=0 seq=1 idx=8102 attempts=1 92842
^recovery_us: sender=0 seq=1 idx=8103 attempts=1 92856
^recovery_us: sender=0 seq=1 idx=8104 attempts=1 92869
^recovery_us: sender=0 seq=1 idx=8126 attempts=1 92890
^recovery_us: sender=0 seq=1 idx=8127 attempts=1 92905
^recovery_us: sender=0 seq=1 idx=8128 attempts=1 92918
^recovery_us: sender=0 seq=1 idx=8129 attempts=1 92939
^recovery_us: sender=0 seq=1 idx=8130 attempts=1 92952
^recovery_us: sender=0 seq=1 idx=8131 attempts=1 92966
^recovery_us: sender=0 seq=1 idx=8132 attempts=1 92998
^recovery_us: sender=0 seq=1 idx=8133 attempts=1 93014
^recovery_us: sender=0 seq=1 idx=8134 attempts=1 93027
^recovery_us: sender=0 seq=1 idx=8135 attempts=1 93048
^recovery_us: sender=0 seq=1 idx=8136 attempts=1 93062
^recovery_us: sender=0 seq=1 idx=8137 attempts=1 93076
^recovery_us: sender=0 seq=1 idx=8138 attempts=1 93096
^recovery_us: sender=0 seq=1 idx=8139 attempts=1 93112
^recovery_us: sender=0 seq=1 idx=8140 attempts=1 93125
^recovery_us: sender=0 seq=1 idx=8141 attempts=1 93139
^recovery_us: sender=0 seq=1 idx=8142 attempts=1 93164
^recovery_us: sender=0 seq=1 idx=8143 attempts=1 93180
^recovery_us: sender=0 seq=1 idx=8144 attempts=1 93193
^recovery_us: sender=0 seq=1 idx=8145 attempts=1 93213
^recovery_us: sender=0 seq=1 idx=8210 attempts=1 93228
^recovery_us: sender=0 seq=1 idx=8211 attempts=1 93241
^recovery_us: sender=0 seq=1 idx=8212 attempts=1 93263
^recovery_us: sender=0 seq=1 idx=8213 attempts=1 93278
^recovery_us: sender=0 seq=1 idx=8299 attempts=1 93310
^recovery_us: sender=0 seq=1 idx=8300 attempts=1 93326
^recovery_us: sender=0 seq=1 idx=8301 attempts=1 93339
^recovery_us: sender=0 seq=1 idx=8302 attempts=1 93360
^recovery_us: sender=0 seq=1 idx=8324 attempts=1 93374
^recovery_us: sender=0 seq=1 idx=8325 attempts=1 93387
^recovery_us: sender=0 seq=1 idx=8326 attempts=1 93407
^recovery_us: sender=0 seq=1 idx=8327 attempts=1 93423
^recovery_us: sender=0 seq=1 idx=8328 attempts=1 93437
^recovery_us: sender=0 seq=1 idx=8393 attempts=1 93450
^recovery_us: sender=0 seq=1 idx=8394 attempts=1 93471
^recovery_us: sender=0 seq=1 idx=8395 attempts=1 93484
^recovery_us: sender=0 seq=1 idx=8396 attempts=1 93656
^recovery_us: sender=0 seq=1 idx=8418 attempts=1 93679
^recovery_us: sender=0 seq=1 idx=8419 attempts=1 93693
^recovery_us: sender=0 seq=1 idx=8420 attempts=1 93707
^recovery_us: sender=0 seq=1 idx=8421 attempts=1 93736
^recovery_us: sender=0 seq=1 idx=8422 attempts=1 93752
^recovery_us: sender=0 seq=1 idx=8423 attempts=1 93765
^recovery_us: sender=0 seq=1 idx=8424 attempts=1 93786
^recovery_us: sender=0 seq=1 idx=8425 attempts=1 93801
^recovery_us: sender=0 seq=1 idx=8426 attempts=1 93816
^recovery_us: sender=0 seq=1 idx=8427 attempts=1 93836
^recovery_us: sender=0 seq=1 idx=8428 attempts=1 93850
^recovery_us: sender=0 seq=1 idx=8429 attempts=1 93863
^recovery_us: sender=0 seq=1 idx=8430 attempts=1 93876
^recovery_us: sender=0 seq=1 idx=8431 attempts=1 93896
^recovery_us: sender=0 seq=1 idx=8432 attempts=1 93911
^recovery_us: sender=0 seq=1 idx=8433 attempts=1 93925
^recovery_us: sender=0 seq=1 idx=8434 attempts=1 93945
^recovery_us: sender=0 seq=1 idx=8435 attempts=1 93959
^recovery_us: sender=0 seq=1 idx=8436 attempts=1 93973
^recovery_us: sender=0 seq=1 idx=8501 attempts=1 94005
^recovery_us: sender=0 seq=1 idx=8502 attempts=1 94021
^recovery_us: sender=0 seq=1 idx=8503 attempts=1 94041
^recovery_us: sender=0 seq=1 idx=8504 attempts=1 94055
^recovery_us: sender=0 seq=1 idx=8526 attempts=1 94068
^recovery_us: sender=0 seq=1 idx=8527 attempts=1 94094
^recovery_us: sender=0 seq=1 idx=8528 attempts=1 94109
^recovery_us: sender=0 seq=1 idx=8529 attempts=1 94123
^recovery_us: sender=0 seq=1 idx=8530 attempts=1 94143
^recovery_us: sender=0 seq=1 idx=8531 attempts=1 94158
^recovery_us: sender=0 seq=1 idx=8532 attempts=1 94171
^recovery_us: sender=0 seq=1 idx=8533 attempts=1 94184
^recovery_us: sender=0 seq=1 idx=8534 attempts=1 94204
^recovery_us: sender=0 seq=1 idx=8535 attempts=1 94218
^recovery_us: sender=0 seq=1 idx=8536 attempts=1 94232
^recovery_us: sender=0 seq=1 idx=8537 attempts=1 94253
^recovery_us: sender=0 seq=1 idx=8602 attempts=1 94268
^recovery_us: sender=0 seq=1 idx=8603 attempts=1 94281
^recovery_us: sender=0 seq=1 idx=8604 attempts=1 94301
^recovery_us: sender=0 seq=1 idx=8605 attempts=1 94315
^recovery_us: sender=0 seq=1 idx=8627 attempts=1 94328
^recovery_us: sender=0 seq=1 idx=8628 attempts=1 94349
^recovery_us: sender=0 seq=1 idx=8629 attempts=1 94364
^recovery_us: sender=0 seq=1 idx=8630 attempts=1 94377
^recovery_us: sender=0 seq=1 idx=8631 attempts=1 94398
^recovery_us: sender=0 seq=1 idx=8632 attempts=1 94412
^recovery_us: sender=0 seq=1 idx=8633 attempts=1 94426
^recovery_us: sender=0 seq=1 idx=8634 attempts=1 94446
^recovery_us: sender=0 seq=1 idx=8635 attempts=1 94461
^recovery_us: sender=0 seq=1 idx=8636 attempts=1 94474
^recovery_us: sender=0 seq=1 idx=8637 attempts=1 94488
^recovery_us: sender=0 seq=1 idx=8638 attempts=1 94509
^recovery_us: sender=0 seq=1 idx=8639 attempts=1 94524
^recovery_us: sender=0 seq=1 idx=8640 attempts=1 94537
^recovery_us: sender=0 seq=1 idx=8641 attempts=1 94557
^recovery_us: sender=0 seq=1 idx=8642 attempts=1 94573
^recovery_us: sender=0 seq=1 idx=8643 attempts=1 94593
^recovery_us: sender=0 seq=1 idx=8644 attempts=1 94608
^recovery_us: sender=0 seq=1 idx=8645 attempts=1 94622
^recovery_us: sender=0 seq=1 idx=8710 attempts=1 94642
^recovery_us: sender=0 seq=1 idx=8711 attempts=1 94657
^recovery_us: sender=0 seq=1 idx=8712 attempts=1 94669
^recovery_us: sender=0 seq=1 idx=8713 attempts=1 94690
^recovery_us: sender=0 seq=1 idx=8735 attempts=1 94859
^recovery_us: sender=0 seq=1 idx=8736 attempts=1 94874
^recovery_us: sender=0 seq=1 idx=8737 attempts=1 94895
^recovery_us: sender=0 seq=1 idx=8738 attempts=1 94910
^recovery_us: sender=0 seq=1 idx=8739 attempts=1 94923
^recovery_us: sender=0 seq=1 idx=8740 attempts=1 94936
^recovery_us: sender=0 seq=1 idx=8741 attempts=1 94957
^recovery_us: sender=0 seq=1 idx=8742 attempts=1 94972
^recovery_us: sender=0 seq=1 idx=8743 attempts=1 94994
^recovery_us: sender=0 seq=1 idx=8744 attempts=1 95019
^recovery_us: sender=0 seq=1 idx=8745 attempts=1 95033
^recovery_us: sender=0 seq=1 idx=8746 attempts=1 95047
^recovery_us: sender=0 seq=1 idx=8747 attempts=1 95067
^recovery_us: sender=0 seq=1 idx=8748 attempts=1 95081
^recovery_us: sender=0 seq=1 idx=8749 attempts=1 95095
^recovery_us: sender=0 seq=1 idx=8750 attempts=1 95115
^recovery_us: sender=0 seq=1 idx=8751 attempts=1 95130
^recovery_us: sender=0 seq=1 idx=8752 attempts=1 95143
^recovery_us: sender=0 seq=1 idx=8753 attempts=1 95164
^recovery_us: sender=0 seq=1 idx=8818 attempts=1 95178
^recovery_us: sender=0 seq=1 idx=8819 attempts=1 95194
^recovery_us: sender=0 seq=1 idx=8820 attempts=1 95207
^recovery_us: sender=0 seq=1 idx=8821 attempts=1 95227
^recovery_us: sender=0 seq=1 idx=8843 attempts=1 95241
^recovery_us: sender=0 seq=1 idx=8844 attempts=1 95254
^recovery_us: sender=0 seq=1 idx=8845 attempts=1 95274
^recovery_us: sender=0 seq=1 idx=8846 attempts=1 95288
^recovery_us: sender=0 seq=1 idx=8847 attempts=1 95309
^recovery_us: sender=0 seq=1 idx=8848 attempts=1 95325
^recovery_us: sender=0 seq=1 idx=8849 attempts=1 95338
^recovery_us: sender=0 seq=1 idx=8850 attempts=1 95358
^recovery_us: sender=0 seq=1 idx=8851 attempts=1 95372
^recovery_us: sender=0 seq=1 idx=8852 attempts=1 95385
^recovery_us: sender=0 seq=1 idx=8917 attempts=1 95405
^recovery_us: sender=0 seq=1 idx=8918 attempts=1 95419
^recovery_us: sender=0 seq=1 idx=8919 attempts=1 95433
^recovery_us: sender=0 seq=1 idx=8920 attempts=1 95454
^recovery_us: sender=0 seq=1 idx=8942 attempts=1 95468
^recovery_us: sender=0 seq=1 idx=8943 attempts=1 95481
^recovery_us: sender=0 seq=1 idx=8944 attempts=1 95494
^recovery_us: sender=0 seq=1 idx=8945 attempts=1 95515
^recovery_us: sender=0 seq=1 idx=8946 attempts=1 95529
^recovery_us: sender=0 seq=1 idx=8947 attempts=1 95544
^recovery_us: sender=0 seq=1 idx=8948 attempts=1 95565
^recovery_us: sender=0 seq=1 idx=8949 attempts=1 95578
^recovery_us: sender=0 seq=1 idx=8950 attempts=1 95591
^recovery_us: sender=0 seq=1 idx=8951 attempts=1 95612
^recovery_us: sender=0 seq=1 idx=8952 attempts=1 95627
^recovery_us: sender=0 seq=1 idx=9017 attempts=1 95640
^recovery_us: sender=0 seq=1 idx=9018 attempts=1 95661
^recovery_us: sender=0 seq=1 idx=9019 attempts=1 95680
^recovery_us: sender=0 seq=1 idx=9020 attempts=1 95693
^recovery_us: sender=0 seq=1 idx=9042 attempts=1 95714
^recovery_us: sender=0 seq=1 idx=9043 attempts=1 95728
^recovery_us: sender=0 seq=1 idx=9044 attempts=1 95741
^recovery_us: sender=0 seq=1 idx=9109 attempts=1 95766
^recovery_us: sender=0 seq=1 idx=9110 attempts=1 95779
^recovery_us: sender=0 seq=1 idx=9111 attempts=1 95793
^recovery_us: sender=0 seq=1 idx=9112 attempts=1 95806
^recovery_us: sender=0 seq=1 idx=9134 attempts=1 96000
^recovery_us: sender=0 seq=1 idx=9135 attempts=1 96017
^recovery_us: sender=0 seq=1 idx=9136 attempts=1 96039
^recovery_us: sender=0 seq=1 idx=9137 attempts=1 96053
^recovery_us: sender=0 seq=1 idx=9138 attempts=1 96066
^recovery_us: sender=0 seq=1 idx=9139 attempts=1 96087
^recovery_us: sender=0 seq=1 idx=9140 attempts=1 96105
^recovery_us: sender=0 seq=1 idx=9141 attempts=1 96118
^recovery_us: sender=0 seq=1 idx=9142 attempts=1 96139
^recovery_us: sender=0 seq=1 idx=9143 attempts=1 96155
^recovery_us: sender=0 seq=1 idx=9144 attempts=1 96168
^recovery_us: sender=0 seq=1 idx=9145 attempts=1 96188
^recovery_us: sender=0 seq=1 idx=9146 attempts=1 96202
^recovery_us: sender=0 seq=1 idx=9147 attempts=1 96215
^recovery_us: sender=0 seq=1 idx=9148 attempts=1 96229
^recovery_us: sender=0 seq=1 idx=9149 attempts=1 96250
^recovery_us: sender=0 seq=1 idx=9150 attempts=1 96266
^recovery_us: sender=0 seq=1 idx=9151 attempts=1 96280
^recovery_us: sender=0 seq=1 idx=9152 attempts=1 96300
^recovery_us: sender=0 seq=1 idx=9153 attempts=1 96313
^recovery_us: sender=0 seq=1 idx=9154 attempts=1 96327
^recovery_us: sender=0 seq=1 idx=9219 attempts=1 96348
^recovery_us: sender=0 seq=1 idx=9220 attempts=1 96361
^recovery_us: sender=0 seq=1 idx=9221 attempts=1 96374
^recovery_us: sender=0 seq=1 idx=9222 attempts=1 96395
^recovery_us: sender=0 seq=1 idx=9244 attempts=1 96411
^recovery_us: sender=0 seq=1 idx=9245 attempts=1 96424
^recovery_us: sender=0 seq=1 idx=9246 attempts=1 96444
^recovery_us: sender=0 seq=1 idx=9247 attempts=1 96458
^recovery_us: sender=0 seq=1 idx=9248 attempts=1 96471
^recovery_us: sender=0 seq=1 idx=9249 attempts=1 96492
^recovery_us: sender=0 seq=1 idx=9250 attempts=1 96507
^recovery_us: sender=0 seq=1 idx=9251 attempts=1 96521
^recovery_us: sender=0 seq=1 idx=9252 attempts=1 96534
^recovery_us: sender=0 seq=1 idx=9253 attempts=1 96554
^recovery_us: sender=0 seq=1 idx=9254 attempts=1 96568
^recovery_us: sender=0 seq=1 idx=9255 attempts=1 96588
^recovery_us: sender=0 seq=1 idx=9256 attempts=1 96602
^recovery_us: sender=0 seq=1 idx=9257 attempts=1 96614
^recovery_us: sender=0 seq=1 idx=9258 attempts=1 96635
^recovery_us: sender=0 seq=1 idx=9259 attempts=1 96651
^recovery_us: sender=0 seq=1 idx=9260 attempts=1 96664
^recovery_us: sender=0 seq=1 idx=9261 attempts=1 96689
^recovery_us: sender=0 seq=1 idx=9262 attempts=1 96703
^recovery_us: sender=0 seq=1 idx=9327 attempts=1 96716
^recovery_us: sender=0 seq=1 idx=9328 attempts=1 96736
^recovery_us: sender=0 seq=1 idx=9329 attempts=1 96751
^recovery_us: sender=0 seq=1 idx=9330 attempts=1 96765
^recovery_us: sender=0 seq=1 idx=9416 attempts=1 96788
^recovery_us: sender=0 seq=1 idx=9417 attempts=1 96801
^recovery_us: sender=0 seq=1 idx=9418 attempts=1 96815
^recovery_us: sender=0 seq=1 idx=9419 attempts=1 96828
^recovery_us: sender=0 seq=1 idx=9505 attempts=1 96848
^recovery_us: sender=0 seq=1 idx=9506 attempts=1 96867
^recovery_us: sender=0 seq=1 idx=9507 attempts=1 96880
^recovery_us: sender=0 seq=1 idx=9508 attempts=1 97070
^recovery_us: sender=0 seq=1 idx=9530 attempts=1 97088
^recovery_us: sender=0 seq=1 idx=9531 attempts=1 97101
^recovery_us: sender=0 seq=1 idx=9532 attempts=1 97122
^recovery_us: sender=0 seq=1 idx=9533 attempts=1 97136
^recovery_us: sender=0 seq=1 idx=9598 attempts=1 97150
^recovery_us: sender=0 seq=1 idx=9599 attempts=1 97171
^recovery_us: sender=0 seq=1 idx=9600 attempts=1 97186
^recovery_us: sender=0 seq=1 idx=9601 attempts=1 97200
^recovery_us: sender=0 seq=1 idx=9687 attempts=1 97220
^recovery_us: sender=0 seq=1 idx=9688 attempts=1 97234
^recovery_us: sender=0 seq=1 idx=9689 attempts=1 97247
^recovery_us: sender=0 seq=1 idx=9690 attempts=1 97260
^recovery_us: sender=0 seq=1 idx=9776 attempts=1 97281
^recovery_us: sender=0 seq=1 idx=9777 attempts=1 97297
^recovery_us: sender=0 seq=1 idx=9778 attempts=1 97317
^recovery_us: sender=0 seq=1 idx=9779 attempts=1 97332
^recovery_us: sender=0 seq=1 idx=9801 attempts=1 97346
^recovery_us: sender=0 seq=1 idx=9802 attempts=1 97367
^recovery_us: sender=0 seq=1 idx=9803 attempts=1 97380
^recovery_us: sender=0 seq=1 idx=9804 attempts=1 97392
^recovery_us: sender=0 seq=1 idx=9805 attempts=1 97420
^recovery_us: sender=0 seq=1 idx=9806 attempts=1 97436
^recovery_us: sender=0 seq=1 idx=9807 attempts=1 97449
^recovery_us: sender=0 seq=1 idx=9808 attempts=1 97471
^recovery_us: sender=0 seq=1 idx=9809 attempts=1 97487
^recovery_us: sender=0 seq=1 idx=9810 attempts=1 97500
^recovery_us: sender=0 seq=1 idx=9811 attempts=1 97521
^recovery_us: sender=0 seq=1 idx=9812 attempts=1 97534
^recovery_us: sender=0 seq=1 idx=9813 attempts=1 97548
^recovery_us: sender=0 seq=1 idx=9814 attempts=1 97562
^recovery_us: sender=0 seq=1 idx=9815 attempts=1 97583
^recovery_us: sender=0 seq=1 idx=9816 attempts=1 97598
^recovery_us: sender=0 seq=1 idx=9817 attempts=1 97612
^recovery_us: sender=0 seq=1 idx=9818 attempts=1 97637
^recovery_us: sender=0 seq=1 idx=9883 attempts=1 97652
^recovery_us: sender=0 seq=1 idx=9884 attempts=1 97666
^recovery_us: sender=0 seq=1 idx=9885 attempts=1 97686
^recovery_us: sender=0 seq=1 idx=9886 attempts=1 97701
^recovery_us: sender=0 seq=1 idx=9908 attempts=1 97714
^recovery_us: sender=0 seq=1 idx=9909 attempts=1 97734
^recovery_us: sender=0 seq=1 idx=9910 attempts=1 97748
^recovery_us: sender=0 seq=1 idx=9975 attempts=1 97760
^recovery_us: sender=0 seq=1 idx=9976 attempts=1 97781
^recovery_us: sender=0 seq=1 idx=9977 attempts=1 97794
^recovery_us: sender=0 seq=1 idx=9978 attempts=1 97807
^recovery_us: sender=0 seq=1 idx=10064 attempts=1 97828
^recovery_us: sender=0 seq=1 idx=10065 attempts=1 97844
^recovery_us: sender=0 seq=1 idx=10066 attempts=1 97858
^recovery_us: sender=0 seq=1 idx=10067 attempts=1 97879
^recovery_us: sender=0 seq=1 idx=10089 attempts=1 97893
^recovery_us: sender=0 seq=1 idx=10090 attempts=1 97906
^recovery_us: sender=0 seq=1 idx=10091 attempts=1 97926
^recovery_us: sender=0 seq=1 idx=10092 attempts=1 97942
^recovery_us: sender=0 seq=1 idx=10093 attempts=1 97955
^recovery_us: sender=0 seq=1 idx=10094 attempts=1 97984
^recovery_us: sender=0 seq=1 idx=10095 attempts=1 98177
^recovery_us: sender=0 seq=1 idx=10096 attempts=1 98193
^recovery_us: sender=0 seq=1 idx=10097 attempts=1 98214
^recovery_us: sender=0 seq=1 idx=10098 attempts=1 98227
^recovery_us: sender=0 seq=1 idx=10099 attempts=1 98241
^recovery_us: sender=0 seq=1 idx=10100 attempts=1 98262
^recovery_us: sender=0 seq=1 idx=10101 attempts=1 98277
^recovery_us: sender=0 seq=1 idx=10102 attempts=1 98291
^recovery_us: sender=0 seq=1 idx=10103 attempts=1 98311
^recovery_us: sender=0 seq=1 idx=10168 attempts=1 98327
^recovery_us: sender=0 seq=1 idx=10169 attempts=1 98340
^recovery_us: sender=0 seq=1 idx=10170 attempts=1 98353
^recovery_us: sender=0 seq=1 idx=10171 attempts=1 98375
^recovery_us: sender=0 seq=1 idx=10193 attempts=1 98389
^recovery_us: sender=0 seq=1 idx=10194 attempts=1 98402
^recovery_us: sender=0 seq=1 idx=10195 attempts=1 98422
^recovery_us: sender=0 seq=1 idx=10196 attempts=1 98437
^recovery_us: sender=0 seq=1 idx=10197 attempts=1 98451
^recovery_us: sender=0 seq=1 idx=10198 attempts=1 98471
^recovery_us: sender=0 seq=1 idx=10199 attempts=1 98484
^recovery_us: sender=0 seq=1 idx=10200 attempts=1 98497
^recovery_us: sender=0 seq=1 idx=10201 attempts=1 98517
^recovery_us: sender=0 seq=1 idx=10202 attempts=1 98531
^recovery_us: sender=0 seq=1 idx=10203 attempts=1 98544
^recovery_us: sender=0 seq=1 idx=10204 attempts=1 98570
^recovery_us: sender=0 seq=1 idx=10205 attempts=1 98586
^recovery_us: sender=0 seq=1 idx=10206 attempts=1 98606
^recovery_us: sender=0 seq=1 idx=10207 attempts=1 98620
^recovery_us: sender=0 seq=1 idx=10208 attempts=1 98633
^recovery_us: sender=0 seq=1 idx=10209 attempts=1 98647
^recovery_us: sender=0 seq=1 idx=10210 attempts=1 98667
^recovery_us: sender=0 seq=1 idx=10275 attempts=1 98682
^recovery_us: sender=0 seq=1 idx=10276 attempts=1 98695
^recovery_us: sender=0 seq=1 idx=10277 attempts=1 98716
^recovery_us: sender=0 seq=1 idx=10278 attempts=1 98731
^recovery_us: sender=0 seq=1 idx=10300 attempts=1 98745
^recovery_us: sender=0 seq=1 idx=10301 attempts=1 98764
^recovery_us: sender=0 seq=1 idx=10302 attempts=1 98778
^recovery_us: sender=0 seq=1 idx=10303 attempts=1 98793
^recovery_us: sender=0 seq=1 idx=10304 attempts=1 98813
^recovery_us: sender=0 seq=1 idx=10305 attempts=1 98829
^recovery_us: sender=0 seq=1 idx=10306 attempts=1 98842
^recovery_us: sender=0 seq=1 idx=10307 attempts=1 98863
^recovery_us: sender=0 seq=1 idx=10308 attempts=1 98877
^recovery_us: sender=0 seq=1 idx=10309 attempts=1 98890
^recovery_us: sender=0 seq=1 idx=10310 attempts=1 98905
^recovery_us: sender=0 seq=1 idx=10311 attempts=1 98927
^recovery_us: sender=0 seq=1 idx=10376 attempts=1 98942
^recovery_us: sender=0 seq=1 idx=10377 attempts=1 98956
^recovery_us: sender=0 seq=1 idx=10378 attempts=1 99079
^recovery_us: sender=0 seq=1 idx=10379 attempts=1 99097
^recovery_us: sender=0 seq=1 idx=10401 attempts=1 99110
^recovery_us: sender=0 seq=1 idx=10402 attempts=1 99132
^recovery_us: sender=0 seq=1 idx=10403 attempts=1 99146
^recovery_us: sender=0 seq=1 idx=10404 attempts=1 99159
^recovery_us: sender=0 seq=1 idx=10405 attempts=1 99180
^recovery_us: sender=0 seq=1 idx=10406 attempts=1 99195
^recovery_us: sender=0 seq=1 idx=10407 attempts=1 99390
^recovery_us: sender=0 seq=1 idx=10408 attempts=1 99413
^recovery_us: sender=0 seq=1 idx=10409 attempts=1 99427
^recovery_us: sender=0 seq=1 idx=10410 attempts=1 99447
^recovery_us: sender=0 seq=1 idx=10411 attempts=1 99461
^recovery_us: sender=0 seq=1 idx=10476 attempts=1 99473
^recovery_us: sender=0 seq=1 idx=10477 attempts=1 99487
^recovery_us: sender=0 seq=1 idx=10478 attempts=1 99507
^recovery_us: sender=0 seq=1 idx=10479 attempts=1 99523
^recovery_us: sender=0 seq=1 idx=10501 attempts=1 99536
^recovery_us: sender=0 seq=1 idx=10502 attempts=1 99557
^recovery_us: sender=0 seq=1 idx=10503 attempts=1 99572
^recovery_us: sender=0 seq=1 idx=10504 attempts=1 99585
^recovery_us: sender=0 seq=1 idx=10505 attempts=1 99610
^recovery_us: sender=0 seq=1 idx=10506 attempts=1 99625
^recovery_us: sender=0 seq=1 idx=10507 attempts=1 99640
^recovery_us: sender=0 seq=1 idx=10508 attempts=1 99660
^recovery_us: sender=0 seq=1 idx=10509 attempts=1 99674
^recovery_us: sender=0 seq=1 idx=10510 attempts=1 99687
^recovery_us: sender=0 seq=1 idx=10511 attempts=1 99708
^recovery_us: sender=0 seq=1 idx=10512 attempts=1 99722
^recovery_us: sender=0 seq=1 idx=10513 attempts=1 99736
^recovery_us: sender=0 seq=1 idx=10514 attempts=1 99756
^recovery_us: sender=0 seq=1 idx=10515 attempts=1 99772
^recovery_us: sender=0 seq=1 idx=10516 attempts=1 99785
^recovery_us: sender=0 seq=1 idx=10517 attempts=1 99798
^recovery_us: sender=0 seq=1 idx=10518 attempts=1 99818
^recovery_us: sender=0 seq=1 idx=10519 attempts=1 99832
^recovery_us: sender=0 seq=1 idx=10584 attempts=1 99845
^recovery_us: sender=0 seq=1 idx=10585 attempts=1 99865
^recovery_us: sender=0 seq=1 idx=10586 attempts=1 99880
^recovery_us: sender=0 seq=1 idx=10587 attempts=1 99894
^recovery_us: sender=0 seq=1 idx=10673 attempts=1 99916
^recovery_us: sender=0 seq=1 idx=10674 attempts=1 99931
^recovery_us: sender=0 seq=1 idx=10675 attempts=1 99943
^recovery_us: sender=0 seq=1 idx=10676 attempts=1 99964
^recovery_us: sender=0 seq=1 idx=10762 attempts=1 99987
^recovery_us: sender=0 seq=1 idx=10763 attempts=1 100008
^recovery_us: sender=0 seq=1 idx=10764 attempts=1 100024
^recovery_us: sender=0 seq=1 idx=10765 attempts=1 100037
^recovery_us: sender=0 seq=1 idx=10851 attempts=1 100058
^recovery_us: sender=0 seq=1 idx=10852 attempts=1 100072
^recovery_us: sender=0 seq=1 idx=10853 attempts=1 100085
^recovery_us: sender=0 seq=1 idx=10854 attempts=1 100098
^recovery_us: sender=0 seq=1 idx=10876 attempts=1 100118
^recovery_us: sender=0 seq=1 idx=10877 attempts=1 100132
^recovery_us: sender=0 seq=1 idx=10878 attempts=1 100145
^recovery_us: sender=0 seq=1 idx=10879 attempts=1 100166
^recovery_us: sender=0 seq=1 idx=10880 attempts=1 100181
^recovery_us: sender=0 seq=1 idx=10881 attempts=1 100194
^recovery_us: sender=0 seq=1 idx=10946 attempts=1 100214
^recovery_us: sender=0 seq=1 idx=10947 attempts=1 100228
^recovery_us: sender=0 seq=1 idx=10948 attempts=1 100241
^recovery_us: sender=0 seq=1 idx=10949 attempts=1 100261
^recovery_us: sender=0 seq=1 idx=10971 attempts=1 100276
^recovery_us: sender=0 seq=1 idx=10972 attempts=1 100289
^recovery_us: sender=0 seq=1 idx=10973 attempts=1 100310
^recovery_us: sender=0 seq=1 idx=10974 attempts=1 100325
^recovery_us: sender=0 seq=1 idx=10975 attempts=1 100338
^recovery_us: sender=0 seq=1 idx=10976 attempts=1 100518
^recovery_us: sender=0 seq=1 idx=10977 attempts=1 100546
^recovery_us: sender=0 seq=1 idx=10978 attempts=1 100560
^recovery_us: sender=0 seq=1 idx=10979 attempts=1 100573
^recovery_us: sender=0 seq=1 idx=10980 attempts=1 100594
^recovery_us: sender=0 seq=1 idx=10981 attempts=1 100609
^recovery_us: sender=0 seq=1 idx=10982 attempts=1 100622
^recovery_us: sender=0 seq=1 idx=10983 attempts=1 100643
^recovery_us: sender=0 seq=1 idx=10984 attempts=1 100656
^recovery_us: sender=0 seq=1 idx=11049 attempts=1 100669
^recovery_us: sender=0 seq=1 idx=11050 attempts=1 100689
^recovery_us: sender=0 seq=1 idx=11051 attempts=1 100703
^recovery_us: sender=0 seq=1 idx=11052 attempts=1 100723
^recovery_us: sender=0 seq=1 idx=11074 attempts=1 100742
^recovery_us: sender=0 seq=1 idx=11075 attempts=1 100755
^recovery_us: sender=0 seq=1 idx=11076 attempts=1 100776
^recovery_us: sender=0 seq=1 idx=11077 attempts=1 100791
^recovery_us: sender=0 seq=1 idx=11078 attempts=1 100804
^recovery_us: sender=0 seq=1 idx=11079 attempts=1 100817
^recovery_us: sender=0 seq=1 idx=11080 attempts=1 100838
^recovery_us: sender=0 seq=1 idx=11081 attempts=1 100852
^recovery_us: sender=0 seq=1 idx=11082 attempts=1 100865
^recovery_us: sender=0 seq=1 idx=11083 attempts=1 100886
^recovery_us: sender=0 seq=1 idx=11084 attempts=1 100901
^recovery_us: sender=0 seq=1 idx=11085 attempts=1 100914
^recovery_us: sender=0 seq=1 idx=11086 attempts=1 100935
^recovery_us: sender=0 seq=1 idx=11087 attempts=1 100949
^recovery_us: sender=0 seq=1 idx=11088 attempts=1 100962
^recovery_us: sender=0 seq=1 idx=11089 attempts=1 100991
^recovery_us: sender=0 seq=1 idx=11090 attempts=1 101006
^recovery_us: sender=0 seq=1 idx=11091 attempts=1 101019
^recovery_us: sender=0 seq=1 idx=11092 attempts=1 101040
^recovery_us: sender=0 seq=1 idx=11093 attempts=1 101055
^recovery_us: sender=0 seq=1 idx=11094 attempts=1 101068
^recovery_us: sender=0 seq=1 idx=11095 attempts=1 101088
^recovery_us: sender=0 seq=1 idx=11096 attempts=1 101101
^recovery_us: sender=0 seq=1 idx=11097 attempts=1 101115
^recovery_us: sender=0 seq=1 idx=11162 attempts=1 101129
^recovery_us: sender=0 seq=1 idx=11163 attempts=1 101149
^recovery_us: sender=0 seq=1 idx=11164 attempts=1 101164
^recovery_us: sender=0 seq=1 idx=11165 attempts=1 101177
^recovery_us: sender=0 seq=1 idx=11251 attempts=1 101198
^recovery_us: sender=0 seq=1 idx=11252 attempts=1 101213
^recovery_us: sender=0 seq=1 idx=11253 attempts=1 101227
^recovery_us: sender=0 seq=1 idx=11254 attempts=1 101255
^recovery_us: sender=0 seq=1 idx=11276 attempts=1 101269
^recovery_us: sender=0 seq=1 idx=11277 attempts=1 101295
^recovery_us: sender=0 seq=1 idx=11278 attempts=1 101310
^recovery_us: sender=0 seq=1 idx=11279 attempts=1 101323
^recovery_us: sender=0 seq=1 idx=11280 attempts=1 101343
^recovery_us: sender=0 seq=1 idx=11281 attempts=1 101357
^recovery_us: sender=0 seq=1 idx=11282 attempts=1 101370
^recovery_us: sender=0 seq=1 idx=11283 attempts=1 101386
^recovery_us: sender=0 seq=1 idx=11284 attempts=1 101406
^recovery_us: sender=0 seq=1 idx=11285 attempts=1 101422
^recovery_us: sender=0 seq=1 idx=11286 attempts=1 101435
^recovery_us: sender=0 seq=1 idx=11287 attempts=1 101455
^recovery_us: sender=0 seq=1 idx=11288 attempts=1 101468
^recovery_us: sender=0 seq=1 idx=11353 attempts=1 101481
^recovery_us: sender=0 seq=1 idx=11354 attempts=1 101502
^recovery_us: sender=0 seq=1 idx=11355 attempts=1 101517
^recovery_us: sender=0 seq=1 idx=11356 attempts=1 101531
^recovery_us: sender=0 seq=1 idx=11378 attempts=1 101551
^recovery_us: sender=0 seq=1 idx=11379 attempts=1 101567
^recovery_us: sender=0 seq=1 idx=11380 attempts=1 101757
^recovery_us: sender=0 seq=1 idx=11381 attempts=1 101780
^recovery_us: sender=0 seq=1 idx=11382 attempts=1 101794
^recovery_us: sender=0 seq=1 idx=11383 attempts=1 101807
^recovery_us: sender=0 seq=1 idx=11384 attempts=1 101828
^recovery_us: sender=0 seq=1 idx=11385 attempts=1 101843
^recovery_us: sender=0 seq=1 idx=11386 attempts=1 101856
^recovery_us: sender=0 seq=1 idx=11387 attempts=1 101868
^recovery_us: sender=0 seq=1 idx=11388 attempts=1 101889
^recovery_us: sender=0 seq=1 idx=11389 attempts=1 101905
^recovery_us: sender=0 seq=1 idx=11390 attempts=1 101919
^recovery_us: sender=0 seq=1 idx=11391 attempts=1 101939
^recovery_us: sender=0 seq=1 idx=11392 attempts=1 101953
^recovery_us: sender=0 seq=1 idx=11393 attempts=1 101966
^recovery_us: sender=0 seq=1 idx=11394 attempts=1 101998
^recovery_us: sender=0 seq=1 idx=11395 attempts=1 102014
^recovery_us: sender=0 seq=1 idx=11460 attempts=1 102034
^recovery_us: sender=0 seq=1 idx=11461 attempts=1 102048
^recovery_us: sender=0 seq=1 idx=11462 attempts=1 102061
^recovery_us: sender=0 seq=1 idx=11463 attempts=1 102082
^recovery_us: sender=0 seq=1 idx=11549 attempts=1 102095
^recovery_us: sender=0 seq=1 idx=11550 attempts=1 102110
^recovery_us: sender=0 seq=1 idx=11551 attempts=1 102130
^recovery_us: sender=0 seq=1 idx=11552 attempts=1 102145
^recovery_us: sender=0 seq=1 idx=11638 attempts=1 102159
^recovery_us: sender=0 seq=1 idx=11639 attempts=1 102172
^recovery_us: sender=0 seq=1 idx=11640 attempts=1 102194
^recovery_us: sender=0 seq=1 idx=11641 attempts=1 102207
^recovery_us: sender=0 seq=1 idx=11663 attempts=1 102220
^recovery_us: sender=0 seq=1 idx=11664 attempts=1 102244
^recovery_us: sender=0 seq=1 idx=11665 attempts=1 102260
^recovery_us: sender=0 seq=1 idx=11666 attempts=1 102273
^recovery_us: sender=0 seq=1 idx=11667 attempts=1 102294
^recovery_us: sender=0 seq=1 idx=11668 attempts=1 102307
^recovery_us: sender=0 seq=1 idx=11669 attempts=1 102321
^recovery_us: sender=0 seq=1 idx=11670 attempts=1 102341
^recovery_us: sender=0 seq=1 idx=11671 attempts=1 102356
^recovery_us: sender=0 seq=1 idx=11672 attempts=1 102370
^recovery_us: sender=0 seq=1 idx=11673 attempts=1 102391
^recovery_us: sender=0 seq=1 idx=11738 attempts=1 102406
^recovery_us: sender=0 seq=1 idx=11739 attempts=1 102419
^recovery_us: sender=0 seq=1 idx=11740 attempts=1 102432
^recovery_us: sender=0 seq=1 idx=11741 attempts=1 102453
^recovery_us: sender=0 seq=1 idx=11763 attempts=1 102467
^recovery_us: sender=0 seq=1 idx=11764 attempts=1 102480
^recovery_us: sender=0 seq=1 idx=11765 attempts=1 102501
^recovery_us: sender=0 seq=1 idx=11766 attempts=1 102516
^recovery_us: sender=0 seq=1 idx=11767 attempts=1 102529
^recovery_us: sender=0 seq=1 idx=11768 attempts=1 102550
^recovery_us: sender=0 seq=1 idx=11769 attempts=1 102563
^recovery_us: sender=0 seq=1 idx=11770 attempts=1 102584
^recovery_us: sender=0 seq=1 idx=11771 attempts=1 102599
^recovery_us: sender=0 seq=1 idx=11772 attempts=1 102613
^recovery_us: sender=0 seq=1 idx=11773 attempts=1 102633
^recovery_us: sender=0 seq=1 idx=11774 attempts=1 102649
^recovery_us: sender=0 seq=1 idx=11775 attempts=1 102662
^recovery_us: sender=0 seq=1 idx=11776 attempts=1 102682
^recovery_us: sender=0 seq=1 idx=11777 attempts=1 102863
^recovery_us: sender=0 seq=1 idx=11778 attempts=1 102880
^recovery_us: sender=0 seq=1 idx=11779 attempts=1 102893
^recovery_us: sender=0 seq=1 idx=11780 attempts=1 102913
^recovery_us: sender=0 seq=1 idx=11781 attempts=1 102927
^recovery_us: sender=0 seq=1 idx=11782 attempts=1 102941
^recovery_us: sender=0 seq=1 idx=11783 attempts=1 102961
^recovery_us: sender=0 seq=1 idx=11784 attempts=1 102984
^recovery_us: sender=0 seq=1 idx=11849 attempts=1 102999
^recovery_us: sender=0 seq=1 idx=11850 attempts=1 103020
^recovery_us: sender=0 seq=1 idx=11851 attempts=1 103033
^recovery_us: sender=0 seq=1 idx=11852 attempts=1 103046
^recovery_us: sender=0 seq=1 idx=11938 attempts=1 103068
^recovery_us: sender=0 seq=1 idx=11939 attempts=1 103083
^recovery_us: sender=0 seq=1 idx=11940 attempts=1 103096
^recovery_us: sender=0 seq=1 idx=11941 attempts=1 103117
^recovery_us: sender=0 seq=1 idx=12027 attempts=1 103135
^recovery_us: sender=0 seq=1 idx=12028 attempts=1 103148
^recovery_us: sender=0 seq=1 idx=12029 attempts=1 103173
^recovery_us: sender=0 seq=1 idx=12030 attempts=1 103188
^recovery_us: sender=0 seq=1 idx=12052 attempts=1 103202
^recovery_us: sender=0 seq=1 idx=12053 attempts=1 103215
^recovery_us: sender=0 seq=1 idx=12054 attempts=1 103235
^recovery_us: sender=0 seq=1 idx=12055 attempts=1 103249
^recovery_us: sender=0 seq=1 idx=12056 attempts=1 103262
^recovery_us: sender=0 seq=1 idx=12057 attempts=1 103282
^recovery_us: sender=0 seq=1 idx=12122 attempts=1 103295
^recovery_us: sender=0 seq=1 idx=12123 attempts=1 103315
^recovery_us: sender=0 seq=1 idx=12124 attempts=1 103331
^recovery_us: sender=0 seq=1 idx=12125 attempts=1 103344
^recovery_us: sender=0 seq=1 idx=12211 attempts=1 103364
^recovery_us: sender=0 seq=1 idx=12212 attempts=1 103377
^recovery_us: sender=0 seq=1 idx=12213 attempts=1 103391
^recovery_us: sender=0 seq=1 idx=12214 attempts=1 103411
^recovery_us: sender=0 seq=1 idx=12236 attempts=1 103426
^recovery_us: sender=0 seq=1 idx=12237 attempts=1 103440
^recovery_us: sender=0 seq=1 idx=12238 attempts=1 103461
^recovery_us: sender=0 seq=1 idx=12239 attempts=1 103474
^recovery_us: sender=0 seq=1 idx=12240 attempts=1 103487
^recovery_us: sender=0 seq=1 idx=12241 attempts=1 103501
^recovery_us: sender=0 seq=1 idx=12242 attempts=1 103521
^recovery_us: sender=0 seq=1 idx=12243 attempts=1 103535
^recovery_us: sender=0 seq=1 idx=12244 attempts=1 103548
^recovery_us: sender=0 seq=1 idx=12309 attempts=1 103569
^recovery_us: sender=0 seq=1 idx=12310 attempts=1 103583
^recovery_us: sender=0 seq=1 idx=12311 attempts=1 103599
^recovery_us: sender=0 seq=1 idx=12312 attempts=1 103624
^recovery_us: sender=0 seq=1 idx=12398 attempts=1 103658
^recovery_us: sender=0 seq=1 idx=12399 attempts=1 103671
^recovery_us: sender=0 seq=1 idx=12400 attempts=1 103692
^recovery_us: sender=0 seq=1 idx=12401 attempts=1 103707
^recovery_us: sender=0 seq=1 idx=12423 attempts=1 103720
^recovery_us: sender=0 seq=1 idx=12424 attempts=1 103741
^recovery_us: sender=0 seq=1 idx=12425 attempts=1 103756
^recovery_us: sender=0 seq=1 idx=12426 attempts=1 103769
^recovery_us: sender=0 seq=1 idx=12427 attempts=1 103782
^recovery_us: sender=0 seq=1 idx=12428 attempts=1 103802
^recovery_us: sender=0 seq=1 idx=12493 attempts=1 103824
^recovery_us: sender=0 seq=1 idx=12494 attempts=1 103842
^recovery_us: sender=0 seq=1 idx=12495 attempts=1 103864
^recovery_us: sender=0 seq=1 idx=12496 attempts=1 103878
^recovery_us: sender=0 seq=1 idx=12582 attempts=1 103899
^recovery_us: sender=0 seq=1 idx=12583 attempts=1 103914
^recovery_us: sender=0 seq=1 idx=12584 attempts=1 103926
^recovery_us: sender=0 seq=1 idx=12585 attempts=1 103951
^recovery_us: sender=0 seq=1 idx=12607 attempts=1 103966
^recovery_us: sender=0 seq=1 idx=12608 attempts=1 103987
^recovery_us: sender=0 seq=1 idx=12609 attempts=1 104011
^recovery_us: sender=0 seq=1 idx=12610 attempts=1 104026
^recovery_us: sender=0 seq=1 idx=12611 attempts=1 104040
^recovery_us: sender=0 seq=1 idx=12612 attempts=1 104060
^recovery_us: sender=0 seq=1 idx=12613 attempts=1 104074
^recovery_us: sender=0 seq=1 idx=12614 attempts=1 104087
^recovery_us: sender=0 seq=1 idx=12615 attempts=1 104101
^recovery_us: sender=0 seq=1 idx=12616 attempts=1 104122
^recovery_us: sender=0 seq=1 idx=12617 attempts=1 104137
^recovery_us: sender=0 seq=1 idx=12618 attempts=1 104155
^recovery_us: sender=0 seq=1 idx=12619 attempts=1 104176
^recovery_us: sender=0 seq=1 idx=12620 attempts=1 104190
^recovery_us: sender=0 seq=1 idx=12621 attempts=1 104203
^recovery_us: sender=0 seq=1 idx=12622 attempts=1 104223
^recovery_us: sender=0 seq=1 idx=12623 attempts=1 104237
^recovery_us: sender=0 seq=1 idx=12624 attempts=1 104251
^recovery_us: sender=0 seq=1 idx=12625 attempts=1 104271
^recovery_us: sender=0 seq=1 idx=12690 attempts=1 104286
^recovery_us: sender=0 seq=1 idx=12691 attempts=1 104299
^recovery_us: sender=0 seq=1 idx=12692 attempts=1 104320
^recovery_us: sender=0 seq=1 idx=12693 attempts=1 104334
^recovery_us: sender=0 seq=1 idx=12715 attempts=1 104346
^recovery_us: sender=0 seq=1 idx=12716 attempts=1 104366
^recovery_us: sender=0 seq=1 idx=12717 attempts=1 104380
^recovery_us: sender=0 seq=1 idx=12718 attempts=1 104393
^recovery_us: sender=0 seq=1 idx=12719 attempts=1 104407
^recovery_us: sender=0 seq=1 idx=12720 attempts=1 104427
^recovery_us: sender=0 seq=1 idx=12721 attempts=1 104442
^recovery_us: sender=0 seq=1 idx=12722 attempts=1 104462
^recovery_us: sender=0 seq=1 idx=12723 attempts=1 104476
^recovery_us: sender=0 seq=1 idx=12724 attempts=1 104489
^recovery_us: sender=0 seq=1 idx=12725 attempts=1 104510
^recovery_us: sender=0 seq=1 idx=12726 attempts=1 104525
^recovery_us: sender=0 seq=1 idx=12727 attempts=1 104538
^recovery_us: sender=0 seq=1 idx=12728 attempts=1 104559
^recovery_us: sender=0 seq=1 idx=12729 attempts=1 104574
^recovery_us: sender=0 seq=1 idx=12730 attempts=1 104588
^recovery_us: sender=0 seq=1 idx=12731 attempts=1 104608
^recovery_us: sender=0 seq=1 idx=12732 attempts=1 104622
^recovery_us: sender=0 seq=1 idx=12733 attempts=1 104635
^recovery_us: sender=0 seq=1 idx=12798 attempts=1 104656
^recovery_us: sender=0 seq=1 idx=12799 attempts=1 104672
^recovery_us: sender=0 seq=1 idx=12800 attempts=1 104685
^recovery_us: sender=0 seq=1 idx=12801 attempts=1 104698
^recovery_us: sender=0 seq=1 idx=12823 attempts=1 104724
^recovery_us: sender=0 seq=1 idx=12824 attempts=1 104739
^recovery_us: sender=0 seq=1 idx=12825 attempts=1 104752
^recovery_us: sender=0 seq=1 idx=12826 attempts=1 104772
^recovery_us: sender=0 seq=1 idx=12891 attempts=1 104786
^recovery_us: sender=0 seq=1 idx=12892 attempts=1 104801
^recovery_us: sender=0 seq=1 idx=12893 attempts=1 104831
^recovery_us: sender=0 seq=1 idx=12894 attempts=1 104846
^recovery_us: sender=0 seq=1 idx=12916 attempts=1 104858
^recovery_us: sender=0 seq=1 idx=12917 attempts=1 104886
^recovery_us: sender=0 seq=1 idx=12918 attempts=1 104900
^recovery_us: sender=0 seq=1 idx=12919 attempts=1 104914
^recovery_us: sender=0 seq=1 idx=12920 attempts=1 104934
^recovery_us: sender=0 seq=1 idx=12921 attempts=1 104949
^recovery_us: sender=0 seq=1 idx=12922 attempts=1 104962
^recovery_us: sender=0 seq=1 idx=12923 attempts=1 104984
^recovery_us: sender=0 seq=1 idx=12924 attempts=1 105007
^recovery_us: sender=0 seq=1 idx=12925 attempts=1 105023
^recovery_us: sender=0 seq=1 idx=12926 attempts=1 105043
^recovery_us: sender=0 seq=1 idx=12927 attempts=1 105056
^recovery_us: sender=0 seq=1 idx=12928 attempts=1 105069
^recovery_us: sender=0 seq=1 idx=12929 attempts=1 105091
^recovery_us: sender=0 seq=1 idx=12930 attempts=1 105106
^recovery_us: sender=0 seq=1 idx=12931 attempts=1 105119
^recovery_us: sender=0 seq=1 idx=12932 attempts=1 105140
^recovery_us: sender=0 seq=1 idx=12933 attempts=1 105154
^recovery_us: sender=0 seq=1 idx=12934 attempts=1 105167
^recovery_us: sender=0 seq=1 idx=12999 attempts=1 105187
^recovery_us: sender=0 seq=1 idx=13000 attempts=1 105203
^recovery_us: sender=0 seq=1 idx=13001 attempts=1 105217
^recovery_us: sender=0 seq=1 idx=13002 attempts=1 105238
^recovery_us: sender=0 seq=1 idx=13024 attempts=1 105251
^recovery_us: sender=0 seq=1 idx=13025 attempts=1 105265
^recovery_us: sender=0 seq=1 idx=13026 attempts=1 105279
^recovery_us: sender=0 seq=1 idx=13027 attempts=1 105299
^recovery_us: sender=0 seq=1 idx=13028 attempts=1 105312
^recovery_us: sender=0 seq=1 idx=13029 attempts=1 105325
^recovery_us: sender=0 seq=1 idx=13030 attempts=1 105347
^recovery_us: sender=0 seq=1 idx=13031 attempts=1 105360
^recovery_us: sender=0 seq=1 idx=13032 attempts=1 105374
^recovery_us: sender=0 seq=1 idx=13033 attempts=1 105394
^recovery_us: sender=0 seq=1 idx=13034 attempts=1 105409
^recovery_us: sender=0 seq=1 idx=13035 attempts=1 105422
^recovery_us: sender=0 seq=1 idx=13036 attempts=1 105443
^recovery_us: sender=0 seq=1 idx=13037 attempts=1 105459
^recovery_us: sender=0 seq=1 idx=13038 attempts=1 105472
^recovery_us: sender=0 seq=1 idx=13039 attempts=1 105497
^recovery_us: sender=0 seq=1 idx=13040 attempts=1 105511
^recovery_us: sender=0 seq=1 idx=13041 attempts=1 105524
^recovery_us: sender=0 seq=1 idx=13042 attempts=1 105544
^recovery_us: sender=0 seq=1 idx=13043 attempts=1 105560
^recovery_us: sender=0 seq=1 idx=13108 attempts=1 105572
^recovery_us: sender=0 seq=1 idx=13109 attempts=1 105593
^recovery_us: sender=0 seq=1 idx=13110 attempts=1 105608
^recovery_us: sender=0 seq=1 idx=13111 attempts=1 105621
^recovery_us: sender=0 seq=1 idx=13133 attempts=1 105642
^recovery_us: sender=0 seq=1 idx=13134 attempts=1 105655
^recovery_us: sender=0 seq=1 idx=13135 attempts=1 105668
^recovery_us: sender=0 seq=1 idx=13136 attempts=1 105688
^recovery_us: sender=0 seq=1 idx=13137 attempts=1 105703
^recovery_us: sender=0 seq=1 idx=13138 attempts=1 105716
^recovery_us: sender=0 seq=1 idx=13139 attempts=1 105738
^recovery_us: sender=0 seq=1 idx=13140 attempts=1 105752
^recovery_us: sender=0 seq=1 idx=13141 attempts=1 105766
^recovery_us: sender=0 seq=1 idx=13142 attempts=1 105786
^recovery_us: sender=0 seq=1 idx=13143 attempts=1 105800
^recovery_us: sender=0 seq=1 idx=13144 attempts=1 105813
^recovery_us: sender=0 seq=1 idx=13145 attempts=1 105833
^recovery_us: sender=0 seq=1 idx=13146 attempts=1 105848
^recovery_us: sender=0 seq=1 idx=13147 attempts=1 105861
^recovery_us: sender=0 seq=1 idx=13148 attempts=1 105874
^recovery_us: sender=0 seq=1 idx=13149 attempts=1 105895
^recovery_us: sender=0 seq=1 idx=13150 attempts=1 105908
^recovery_us: sender=0 seq=1 idx=13151 attempts=1 105921
^recovery_us: sender=0 seq=1 idx=13152 attempts=1 105941
^recovery_us: sender=0 seq=1 idx=13153 attempts=1 105957
^recovery_us: sender=0 seq=1 idx=13154 attempts=1 105971
^recovery_us: sender=0 seq=1 idx=13219 attempts=1 106002
^recovery_us: sender=0 seq=1 idx=13220 attempts=1 106016
^recovery_us: sender=0 seq=1 idx=13221 attempts=1 106029
^recovery_us: sender=0 seq=1 idx=13222 attempts=1 106050
^recovery_us: sender=0 seq=1 idx=13244 attempts=1 106064
^recovery_us: sender=0 seq=1 idx=13245 attempts=1 106076
^recovery_us: sender=0 seq=1 idx=13246 attempts=1 106097
^recovery_us: sender=0 seq=1 idx=13247 attempts=1 106112
^recovery_us: sender=0 seq=1 idx=13248 attempts=1 106125
^recovery_us: sender=0 seq=1 idx=13249 attempts=1 106145
^recovery_us: sender=0 seq=1 idx=13250 attempts=1 106159
^recovery_us: sender=0 seq=1 idx=13251 attempts=1 106172
^recovery_us: sender=0 seq=1 idx=13252 attempts=1 106192
^recovery_us: sender=0 seq=1 idx=13253 attempts=1 106207
^recovery_us: sender=0 seq=1 idx=13254 attempts=1 106220
^recovery_us: sender=0 seq=1 idx=13255 attempts=1 106245
^recovery_us: sender=0 seq=1 idx=13256 attempts=1 106260
^recovery_us: sender=0 seq=1 idx=13257 attempts=1 106272
^recovery_us: sender=0 seq=1 idx=13258 attempts=1 106293
^recovery_us: sender=0 seq=1 idx=13259 attempts=1 106306
^recovery_us: sender=0 seq=1 idx=13260 attempts=1 106321
^recovery_us: sender=0 seq=1 idx=13261 attempts=1 106342
^recovery_us: sender=0 seq=1 idx=13262 attempts=1 106357
^recovery_us: sender=0 seq=1 idx=13263 attempts=1 106370
^recovery_us: sender=0 seq=1 idx=13264 attempts=1 106391
^recovery_us: sender=0 seq=1 idx=13265 attempts=1 106404
^recovery_us: sender=0 seq=1 idx=13266 attempts=1 106417
^recovery_us: sender=0 seq=1 idx=13267 attempts=1 106430
^recovery_us: sender=0 seq=1 idx=13268 attempts=1 106450
^recovery_us: sender=0 seq=1 idx=13333 attempts=1 106463
^recovery_us: sender=0 seq=1 idx=13334 attempts=1 106477
^recovery_us: sender=0 seq=1 idx=13335 attempts=1 106498
^recovery_us: sender=0 seq=1 idx=13336 attempts=1 106514
^recovery_us: sender=0 seq=1 idx=13358 attempts=1 106527
^recovery_us: sender=0 seq=1 idx=13359 attempts=1 106547
^recovery_us: sender=0 seq=1 idx=13360 attempts=1 106563
^recovery_us: sender=0 seq=1 idx=13361 attempts=1 106576
^recovery_us: sender=0 seq=1 idx=13362 attempts=1 106596
^recovery_us: sender=0 seq=1 idx=13363 attempts=1 106611
^recovery_us: sender=0 seq=1 idx=13364 attempts=1 106623
^recovery_us: sender=0 seq=1 idx=13365 attempts=1 106645
^recovery_us: sender=0 seq=1 idx=13366 attempts=1 106658
^recovery_us: sender=0 seq=1 idx=13367 attempts=1 106678
^recovery_us: sender=0 seq=1 idx=13432 attempts=1 106692
^recovery_us: sender=0 seq=1 idx=13433 attempts=1 106705
^recovery_us: sender=0 seq=1 idx=13434 attempts=1 106718
^recovery_us: sender=0 seq=1 idx=13435 attempts=1 106739
^recovery_us: sender=0 seq=1 idx=13457 attempts=1 106755
^recovery_us: sender=0 seq=1 idx=13458 attempts=1 106768
^recovery_us: sender=0 seq=1 idx=13459 attempts=1 106788
^recovery_us: sender=0 seq=1 idx=13460 attempts=1 106803
^recovery_us: sender=0 seq=1 idx=13461 attempts=1 106816
^recovery_us: sender=0 seq=1 idx=13462 attempts=1 106837
^recovery_us: sender=0 seq=1 idx=13463 attempts=1 106851
^recovery_us: sender=0 seq=1 idx=13464 attempts=1 106864
^recovery_us: sender=0 seq=1 idx=13465 attempts=1 106885
^recovery_us: sender=0 seq=1 idx=13466 attempts=1 106899
^recovery_us: sender=0 seq=1 idx=13467 attempts=1 106911
^recovery_us: sender=0 seq=1 idx=13468 attempts=1 106932
^recovery_us: sender=0 seq=1 idx=13469 attempts=1 106945
^recovery_us: sender=0 seq=1 idx=13470 attempts=1 106959
^recovery_us: sender=0 seq=1 idx=13471 attempts=1 106972
^recovery_us: sender=0 seq=1 idx=13472 attempts=1 107009
^recovery_us: sender=0 seq=1 idx=13473 attempts=1 107026
^recovery_us: sender=0 seq=1 idx=13474 attempts=1 107039
^recovery_us: sender=0 seq=1 idx=13475 attempts=1 107060
^recovery_us: sender=0 seq=1 idx=13476 attempts=1 107075
^recovery_us: sender=0 seq=1 idx=13477 attempts=1 107088
^recovery_us: sender=0 seq=1 idx=13542 attempts=1 107109
^recovery_us: sender=0 seq=1 idx=13543 attempts=1 107123
^recovery_us: sender=0 seq=1 idx=13544 attempts=1 107136
^recovery_us: sender=0 seq=1 idx=13545 attempts=1 107157
^recovery_us: sender=0 seq=1 idx=13631 attempts=1 107172
^recovery_us: sender=0 seq=1 idx=13632 attempts=1 107185
^recovery_us: sender=0 seq=1 idx=13633 attempts=1 107206
^recovery_us: sender=0 seq=1 idx=13634 attempts=1 107221
^recovery_us: sender=0 seq=1 idx=13656 attempts=1 107241
^recovery_us: sender=0 seq=1 idx=13657 attempts=1 107254
^recovery_us: sender=0 seq=1 idx=13658 attempts=1 107268
^recovery_us: sender=0 seq=1 idx=13659 attempts=1 107281
^recovery_us: sender=0 seq=1 idx=13660 attempts=1 107304
^recovery_us: sender=0 seq=1 idx=13661 attempts=1 107319
^recovery_us: sender=0 seq=1 idx=13662 attempts=1 107332
^recovery_us: sender=0 seq=1 idx=13663 attempts=1 107352
^recovery_us: sender=0 seq=1 idx=13664 attempts=1 107366
^recovery_us: sender=0 seq=1 idx=13665 attempts=1 107379
^recovery_us: sender=0 seq=1 idx=13666 attempts=1 107399
^recovery_us: sender=0 seq=1 idx=13667 attempts=1 107414
^recovery_us: sender=0 seq=1 idx=13668 attempts=1 107427
^recovery_us: sender=0 seq=1 idx=13669 attempts=1 107448
^recovery_us: sender=0 seq=1 idx=13670 attempts=1 107464
^recovery_us: sender=0 seq=1 idx=13671 attempts=1 107477
^recovery_us: sender=0 seq=1 idx=13672 attempts=1 107497
^recovery_us: sender=0 seq=1 idx=13673 attempts=1 107513
^recovery_us: sender=0 seq=1 idx=13738 attempts=1 107526
^recovery_us: sender=0 seq=1 idx=13739 attempts=1 107547
^recovery_us: sender=0 seq=1 idx=13740 attempts=1 107560
^recovery_us: sender=0 seq=1 idx=13741 attempts=1 107573
^recovery_us: sender=0 seq=1 idx=13827 attempts=1 107586
^recovery_us: sender=0 seq=1 idx=13828 attempts=1 107607
^recovery_us: sender=0 seq=1 idx=13829 attempts=1 107620
^recovery_us: sender=0 seq=1 idx=13830 attempts=1 107633
^recovery_us: sender=0 seq=1 idx=13852 attempts=1 107653
^recovery_us: sender=0 seq=1 idx=13853 attempts=1 107667
^recovery_us: sender=0 seq=1 idx=13854 attempts=1 107680
^recovery_us: sender=0 seq=1 idx=13855 attempts=1 107700
^recovery_us: sender=0 seq=1 idx=13856 attempts=1 107715
^recovery_us: sender=0 seq=1 idx=13857 attempts=1 107728
^recovery_us: sender=0 seq=1 idx=13858 attempts=1 107753
^recovery_us: sender=0 seq=1 idx=13859 attempts=1 107766
^recovery_us: sender=0 seq=1 idx=13860 attempts=1 107787
^recovery_us: sender=0 seq=1 idx=13925 attempts=1 107803
^recovery_us: sender=0 seq=1 idx=13926 attempts=1 107816
^recovery_us: sender=0 seq=1 idx=13927 attempts=1 107836
^recovery_us: sender=0 seq=1 idx=13928 attempts=1 107851
^recovery_us: sender=0 seq=1 idx=14014 attempts=1 107865
^recovery_us: sender=0 seq=1 idx=14015 attempts=1 107880
^recovery_us: sender=0 seq=1 idx=14016 attempts=1 107901
^recovery_us: sender=0 seq=1 idx=14017 attempts=1 107915
^recovery_us: sender=0 seq=1 idx=14039 attempts=1 107928
^recovery_us: sender=0 seq=1 idx=14040 attempts=1 107949
^recovery_us: sender=0 seq=1 idx=14041 attempts=1 107962
^recovery_us: sender=0 seq=1 idx=14042 attempts=1 107984
^recovery_us: sender=0 seq=1 idx=14043 attempts=1 108013
^recovery_us: sender=0 seq=1 idx=14044 attempts=1 108029
^recovery_us: sender=0 seq=1 idx=14045 attempts=1 108043
^recovery_us: sender=0 seq=1 idx=14110 attempts=1 108063
^recovery_us: sender=0 seq=1 idx=14111 attempts=1 108079
^recovery_us: sender=0 seq=1 idx=14112 attempts=1 108094
^recovery_us: sender=0 seq=1 idx=14113 attempts=1 108115
^recovery_us: sender=0 seq=1 idx=14199 attempts=1 108131
^recovery_us: sender=0 seq=1 idx=14200 attempts=1 108144
^recovery_us: sender=0 seq=1 idx=14201 attempts=1 108157
^recovery_us: sender=0 seq=1 idx=14202 attempts=1 108177
^recovery_us: sender=0 seq=1 idx=14224 attempts=1 108192
^recovery_us: sender=0 seq=1 idx=14225 attempts=1 108204
^recovery_us: sender=0 seq=1 idx=14226 attempts=1 108227
^recovery_us: sender=0 seq=1 idx=14227 attempts=1 108241
^recovery_us: sender=0 seq=1 idx=14228 attempts=1 108254
^recovery_us: sender=0 seq=1 idx=14229 attempts=1 108275
^recovery_us: sender=0 seq=1 idx=14230 attempts=1 108289
^recovery_us: sender=0 seq=1 idx=14295 attempts=1 108301
^recovery_us: sender=0 seq=1 idx=14296 attempts=1 108322
^recovery_us: sender=0 seq=1 idx=14297 attempts=1 108337
^recovery_us: sender=0 seq=1 idx=14298 attempts=1 108359
^recovery_us: sender=0 seq=1 idx=14320 attempts=1 108374
^recovery_us: sender=0 seq=1 idx=14321 attempts=1 108387
^recovery_us: sender=0 seq=1 idx=14322 attempts=1 108408
^recovery_us: sender=0 seq=1 idx=14323 attempts=1 108428
^recovery_us: sender=0 seq=1 idx=14324 attempts=1 108442
^recovery_us: sender=0 seq=1 idx=14325 attempts=1 108455
^recovery_us: sender=0 seq=1 idx=14326 attempts=1 108477
^recovery_us: sender=0 seq=1 idx=14327 attempts=1 108492
^recovery_us: sender=0 seq=1 idx=14328 attempts=1 108506
^recovery_us: sender=0 seq=1 idx=14329 attempts=1 108531
^recovery_us: sender=0 seq=1 idx=14330 attempts=1 108546
^recovery_us: sender=0 seq=1 idx=14331 attempts=1 108559
^recovery_us: sender=0 seq=1 idx=14332 attempts=1 108579
^recovery_us: sender=0 seq=1 idx=14333 attempts=1 108594
^recovery_us: sender=0 seq=1 idx=14334 attempts=1 108606
^recovery_us: sender=0 seq=1 idx=14335 attempts=1 108627
^recovery_us: sender=0 seq=1 idx=14336 attempts=1 108642
^recovery_us: sender=0 seq=1 idx=14401 attempts=1 108656
^recovery_us: sender=0 seq=1 idx=14402 attempts=1 108676
^recovery_us: sender=0 seq=1 idx=14403 attempts=1 108690
^recovery_us: sender=0 seq=1 idx=14404 attempts=1 108703
^recovery_us: sender=0 seq=1 idx=14426 attempts=1 108723
^recovery_us: sender=0 seq=1 idx=14427 attempts=1 108738
^recovery_us: sender=0 seq=1 idx=14428 attempts=1 108752
^recovery_us: sender=0 seq=1 idx=14429 attempts=1 108766
^recovery_us: sender=0 seq=1 idx=14430 attempts=1 108786
^recovery_us: sender=0 seq=1 idx=14431 attempts=1 108801
^recovery_us: sender=0 seq=1 idx=14432 attempts=1 108813
^recovery_us: sender=0 seq=1 idx=14433 attempts=1 108833
^recovery_us: sender=0 seq=1 idx=14434 attempts=1 108848
^recovery_us: sender=0 seq=1 idx=14435 attempts=1 108862
^recovery_us: sender=0 seq=1 idx=14436 attempts=1 108883
^recovery_us: sender=0 seq=1 idx=14437 attempts=1 108898
^recovery_us: sender=0 seq=1 idx=14438 attempts=1 108919
^recovery_us: sender=0 seq=1 idx=14439 attempts=1 108933
^recovery_us: sender=0 seq=1 idx=14440 attempts=1 108946
^recovery_us: sender=0 seq=1 idx=14441 attempts=1 108966
^recovery_us: sender=0 seq=1 idx=14442 attempts=1 108989
^recovery_us: sender=0 seq=1 idx=14443 attempts=1 109004
^recovery_us: sender=0 seq=1 idx=14444 attempts=1 109025
^recovery_us: sender=0 seq=1 idx=14445 attempts=1 109040
^recovery_us: sender=0 seq=1 idx=14446 attempts=1 109053
^recovery_us: sender=0 seq=1 idx=14447 attempts=1 109066
^recovery_us: sender=0 seq=1 idx=14512 attempts=1 109086
^recovery_us: sender=0 seq=1 idx=14513 attempts=1 109101
^recovery_us: sender=0 seq=1 idx=14514 attempts=1 109115
^recovery_us: sender=0 seq=1 idx=14515 attempts=1 109136
^recovery_us: sender=0 seq=1 idx=14601 attempts=1 109151
^recovery_us: sender=0 seq=1 idx=14602 attempts=1 109164
^recovery_us: sender=0 seq=1 idx=14603 attempts=1 109185
^recovery_us: sender=0 seq=1 idx=14604 attempts=1 109200
^recovery_us: sender=0 seq=1 idx=14626 attempts=1 109213
^recovery_us: sender=0 seq=1 idx=14627 attempts=1 109234
^recovery_us: sender=0 seq=1 idx=14628 attempts=1 109247
^recovery_us: sender=0 seq=1 idx=14629 attempts=1 109261
^recovery_us: sender=0 seq=1 idx=14630 attempts=1 109285
^recovery_us: sender=0 seq=1 idx=14631 attempts=1 109301
^recovery_us: sender=0 seq=1 idx=14632 attempts=1 109314
^recovery_us: sender=0 seq=1 idx=14633 attempts=1 109327
^recovery_us: sender=0 seq=1 idx=14634 attempts=1 109348
^recovery_us: sender=0 seq=1 idx=14635 attempts=1 109364
^recovery_us: sender=0 seq=1 idx=14636 attempts=1 111794
^recovery_us: sender=0 seq=1 idx=14637 attempts=1 111823
^recovery_us: sender=0 seq=1 idx=14638 attempts=1 111839
^recovery_us: sender=0 seq=1 idx=14639 attempts=1 111853
^recovery_us: sender=0 seq=1 idx=14704 attempts=1 111873
^recovery_us: sender=0 seq=1 idx=14705 attempts=1 111888
^recovery_us: sender=0 seq=1 idx=14706 attempts=1 111909
^recovery_us: sender=0 seq=1 idx=14707 attempts=1 111923
^recovery_us: sender=0 seq=1 idx=14729 attempts=1 111936
^recovery_us: sender=0 seq=1 idx=14730 attempts=1 111959
^recovery_us: sender=0 seq=1 idx=14731 attempts=1 111988
^recovery_us: sender=0 seq=1 idx=14732 attempts=1 112002
^recovery_us: sender=0 seq=1 idx=14733 attempts=1 112024
^recovery_us: sender=0 seq=1 idx=14734 attempts=1 112038
^recovery_us: sender=0 seq=1 idx=14735 attempts=1 112052
^recovery_us: sender=0 seq=1 idx=14736 attempts=1 112065
^recovery_us: sender=0 seq=1 idx=14737 attempts=1 112087
^recovery_us: sender=0 seq=1 idx=14738 attempts=1 112102
^recovery_us: sender=0 seq=1 idx=14739 attempts=1 112116
^recovery_us: sender=0 seq=1 idx=14740 attempts=1 112138
^recovery_us: sender=0 seq=1 idx=14741 attempts=1 112152
^recovery_us: sender=0 seq=1 idx=14742 attempts=1 112170
^recovery_us: sender=0 seq=1 idx=14743 attempts=1 112190
^recovery_us: sender=0 seq=1 idx=14744 attempts=1 112204
^recovery_us: sender=0 seq=1 idx=14745 attempts=1 112216
^recovery_us: sender=0 seq=1 idx=14746 attempts=1 112236
^recovery_us: sender=0 seq=1 idx=14747 attempts=1 112250
^recovery_us: sender=0 seq=1 idx=14748 attempts=1 112264
^recovery_us: sender=0 seq=1 idx=14749 attempts=1 112285
^recovery_us: sender=0 seq=1 idx=14750 attempts=1 112299
^recovery_us: sender=0 seq=1 idx=14815 attempts=1 112312
^recovery_us: sender=0 seq=1 idx=14816 attempts=1 112333
^recovery_us: sender=0 seq=1 idx=14817 attempts=1 112347
^recovery_us: sender=0 seq=1 idx=14818 attempts=1 112360
^recovery_us: sender=0 seq=1 idx=14904 attempts=1 112374
^recovery_us: sender=0 seq=1 idx=14905 attempts=1 112394
^recovery_us: sender=0 seq=1 idx=14906 attempts=1 112410
^recovery_us: sender=0 seq=1 idx=14907 attempts=1 112422
^recovery_us: sender=0 seq=1 idx=14929 attempts=1 112442
^recovery_us: sender=0 seq=1 idx=14930 attempts=1 112456
^recovery_us: sender=0 seq=1 idx=14931 attempts=1 112480
^recovery_us: sender=0 seq=1 idx=14932 attempts=1 112495
^recovery_us: sender=0 seq=1 idx=14933 attempts=1 112508
^recovery_us: sender=0 seq=1 idx=14934 attempts=1 112528
^recovery_us: sender=0 seq=1 idx=14935 attempts=1 112545
^recovery_us: sender=0 seq=1 idx=14936 attempts=1 112558
^recovery_us: sender=0 seq=1 idx=14937 attempts=1 112579
^recovery_us: sender=0 seq=1 idx=14938 attempts=1 112594
^recovery_us: sender=0 seq=1 idx=14939 attempts=1 112607
^recovery_us: sender=0 seq=1 idx=14940 attempts=1 112628
^recovery_us: sender=0 seq=1 idx=14941 attempts=1 112642
^recovery_us: sender=0 seq=1 idx=14942 attempts=1 112656
^recovery_us: sender=0 seq=1 idx=14943 attempts=1 115994
^recovery_us: sender=0 seq=1 idx=14944 attempts=1 116022
^recovery_us: sender=0 seq=1 idx=15009 attempts=1 116036
^recovery_us: sender=0 seq=1 idx=15010 attempts=1 116050
^recovery_us: sender=0 seq=1 idx=15011 attempts=1 116070
^recovery_us: sender=0 seq=1 idx=15012 attempts=1 116084
^recovery_us: sender=0 seq=1 idx=15034 attempts=1 116098
^recovery_us: sender=0 seq=1 idx=15035 attempts=1 116118
^recovery_us: sender=0 seq=1 idx=15036 attempts=1 116132
^recovery_us: sender=0 seq=1 idx=15037 attempts=1 116146
^recovery_us: sender=0 seq=1 idx=15038 attempts=1 116169
^recovery_us: sender=0 seq=1 idx=15039 attempts=1 116182
^recovery_us: sender=0 seq=1 idx=15040 attempts=1 116199
^recovery_us: sender=0 seq=1 idx=15041 attempts=1 116219
^recovery_us: sender=0 seq=1 idx=15042 attempts=1 116236
^recovery_us: sender=0 seq=1 idx=15043 attempts=1 116250
^recovery_us: sender=0 seq=1 idx=15044 attempts=1 116263
^recovery_us: sender=0 seq=1 idx=15045 attempts=1 116285
^recovery_us: sender=0 seq=1 idx=15046 attempts=1 116300
^recovery_us: sender=0 seq=1 idx=15111 attempts=1 116313
^recovery_us: sender=0 seq=1 idx=15112 attempts=1 116335
^recovery_us: sender=0 seq=1 idx=15113 attempts=1 116349
^recovery_us: sender=0 seq=1 idx=15114 attempts=1 116369
^recovery_us: sender=0 seq=1 idx=15136 attempts=1 116382
^recovery_us: sender=0 seq=1 idx=15137 attempts=1 116397
^recovery_us: sender=0 seq=1 idx=15138 attempts=1 116418
^recovery_us: sender=0 seq=1 idx=15139 attempts=1 116431
^recovery_us: sender=0 seq=1 idx=15140 attempts=1 116445
^recovery_us: sender=0 seq=1 idx=15141 attempts=1 116464
^recovery_us: sender=0 seq=1 idx=15142 attempts=1 116478
^recovery_us: sender=0 seq=1 idx=15143 attempts=1 116492
^recovery_us: sender=0 seq=1 idx=15144 attempts=1 116512
^recovery_us: sender=0 seq=1 idx=15145 attempts=1 116526
^recovery_us: sender=0 seq=1 idx=15146 attempts=1 116538
^recovery_us: sender=0 seq=1 idx=15147 attempts=1 116552
^recovery_us: sender=0 seq=1 idx=15148 attempts=1 116577
^recovery_us: sender=0 seq=1 idx=15149 attempts=1 116590
^recovery_us: sender=0 seq=1 idx=15150 attempts=1 116604
^recovery_us: sender=0 seq=1 idx=15151 attempts=1 116624
^recovery_us: sender=0 seq=1 idx=15152 attempts=1 116637
^recovery_us: sender=0 seq=1 idx=15153 attempts=1 116650
^recovery_us: sender=0 seq=1 idx=15154 attempts=1 116671
^recovery_us: sender=0 seq=1 idx=15155 attempts=1 116685
^recovery_us: sender=0 seq=1 idx=15156 attempts=1 116698
^recovery_us: sender=0 seq=1 idx=15157 attempts=1 116717
^recovery_us: sender=0 seq=1 idx=15222 attempts=1 116731
^recovery_us: sender=0 seq=1 idx=15223 attempts=1 116745
^recovery_us: sender=0 seq=1 idx=15224 attempts=1 116765
^recovery_us: sender=0 seq=1 idx=15225 attempts=1 116780
^recovery_us: sender=0 seq=1 idx=15311 attempts=1 116793
^recovery_us: sender=0 seq=1 idx=15312 attempts=1 116813
^recovery_us: sender=0 seq=1 idx=15313 attempts=1 116828
^recovery_us: sender=0 seq=1 idx=15314 attempts=1 116841
^recovery_us: sender=0 seq=1 idx=15336 attempts=1 116853
^recovery_us: sender=0 seq=1 idx=15337 attempts=1 116874
^recovery_us: sender=0 seq=1 idx=15338 attempts=1 116888
^recovery_us: sender=0 seq=1 idx=15339 attempts=1 116908
^recovery_us: sender=0 seq=1 idx=15340 attempts=1 116924
^recovery_us: sender=0 seq=1 idx=15341 attempts=1 120177
^recovery_us: sender=0 seq=1 idx=15342 attempts=1 120212
^recovery_us: sender=0 seq=1 idx=15343 attempts=1 120226
^recovery_us: sender=0 seq=1 idx=15344 attempts=1 120239
^recovery_us: sender=0 seq=1 idx=15345 attempts=1 120263
^recovery_us: sender=0 seq=1 idx=15410 attempts=1 120277
^recovery_us: sender=0 seq=1 idx=15411 attempts=1 120290
^recovery_us: sender=0 seq=1 idx=15412 attempts=1 120311
^recovery_us: sender=0 seq=1 idx=15413 attempts=1 120326
^recovery_us: sender=0 seq=1 idx=15435 attempts=1 120340
^recovery_us: sender=0 seq=1 idx=15436 attempts=1 120353
^recovery_us: sender=0 seq=1 idx=15437 attempts=1 120374
^recovery_us: sender=0 seq=1 idx=15438 attempts=1 120388
^recovery_us: sender=0 seq=1 idx=15439 attempts=1 120401
^recovery_us: sender=0 seq=1 idx=15440 attempts=1 120423
^recovery_us: sender=0 seq=1 idx=15441 attempts=1 120437
^recovery_us: sender=0 seq=1 idx=15442 attempts=1 120449
^recovery_us: sender=0 seq=1 idx=15443 attempts=1 120470
^recovery_us: sender=0 seq=1 idx=15444 attempts=1 120486
^recovery_us: sender=0 seq=1 idx=15445 attempts=1 120499
^recovery_us: sender=0 seq=1 idx=15446 attempts=1 120520
^recovery_us: sender=0 seq=1 idx=15447 attempts=1 120534
^recovery_us: sender=0 seq=1 idx=15512 attempts=1 120547
^recovery_us: sender=0 seq=1 idx=15513 attempts=1 120573
^recovery_us: sender=0 seq=1 idx=15514 attempts=1 120587
^recovery_us: sender=0 seq=1 idx=15515 attempts=1 120601
^recovery_us: sender=0 seq=1 idx=15601 attempts=1 120621
^recovery_us: sender=0 seq=1 idx=15602 attempts=1 120635
^recovery_us: sender=0 seq=1 idx=15603 attempts=1 120649
^recovery_us: sender=0 seq=1 idx=15604 attempts=1 120662
^recovery_us: sender=0 seq=1 idx=15626 attempts=1 120683
^recovery_us: sender=0 seq=1 idx=15627 attempts=1 120697
^recovery_us: sender=0 seq=1 idx=15628 attempts=1 120717
^recovery_us: sender=0 seq=1 idx=15629 attempts=1 120732
^recovery_us: sender=0 seq=1 idx=15630 attempts=1 120745
^recovery_us: sender=0 seq=1 idx=15631 attempts=1 120766
^recovery_us: sender=0 seq=1 idx=15632 attempts=1 120780
^recovery_us: sender=0 seq=1 idx=15633 attempts=1 120798
^recovery_us: sender=0 seq=1 idx=15634 attempts=1 120818
^recovery_us: sender=0 seq=1 idx=15699 attempts=1 120832
^recovery_us: sender=0 seq=1 idx=15700 attempts=1 120844
^recovery_us: sender=0 seq=1 idx=15701 attempts=1 120865
^recovery_us: sender=0 seq=1 idx=15702 attempts=1 120878
^recovery_us: sender=0 seq=1 idx=15724 attempts=1 120891
^recovery_us: sender=0 seq=1 idx=15725 attempts=1 120912
^recovery_us: sender=0 seq=1 idx=15726 attempts=1 120927
^recovery_us: sender=0 seq=1 idx=15727 attempts=1 120940
^recovery_us: sender=0 seq=1 idx=15728 attempts=1 120953
^recovery_us: sender=0 seq=1 idx=15729 attempts=1 120973
^recovery_us: sender=0 seq=1 idx=15730 attempts=1 120999
^recovery_us: sender=0 seq=1 idx=15731 attempts=1 121012
^recovery_us: sender=0 seq=1 idx=15732 attempts=1 121034
^recovery_us: sender=0 seq=1 idx=15733 attempts=1 121049
^recovery_us: sender=0 seq=1 idx=15734 attempts=1 121063
^recovery_us: sender=0 seq=1 idx=15735 attempts=1 124373
^recovery_us: sender=0 seq=1 idx=15736 attempts=1 124391
^recovery_us: sender=0 seq=1 idx=15737 attempts=1 124405
^recovery_us: sender=0 seq=1 idx=15738 attempts=1 124427
^recovery_us: sender=0 seq=1 idx=15739 attempts=1 124442
^recovery_us: sender=0 seq=1 idx=15740 attempts=1 124456
^recovery_us: sender=0 seq=1 idx=15741 attempts=1 124476
^recovery_us: sender=0 seq=1 idx=15742 attempts=1 124489
^recovery_us: sender=0 seq=1 idx=15743 attempts=1 124504
^recovery_us: sender=0 seq=1 idx=15808 attempts=1 124517
^recovery_us: sender=0 seq=1 idx=15809 attempts=1 124538
^recovery_us: sender=0 seq=1 idx=15810 attempts=1 124557
^recovery_us: sender=0 seq=1 idx=15811 attempts=1 124577
^recovery_us: sender=0 seq=1 idx=15833 attempts=1 124592
^recovery_us: sender=0 seq=1 idx=15834 attempts=1 124609
^recovery_us: sender=0 seq=1 idx=15835 attempts=1 124636
^recovery_us: sender=0 seq=1 idx=15836 attempts=1 124649
^recovery_us: sender=0 seq=1 idx=15837 attempts=1 124662
^recovery_us: sender=0 seq=1 idx=15838 attempts=1 124682
^recovery_us: sender=0 seq=1 idx=15839 attempts=1 124697
^recovery_us: sender=0 seq=1 idx=15904 attempts=1 124710
^recovery_us: sender=0 seq=1 idx=15905 attempts=1 124731
^recovery_us: sender=0 seq=1 idx=15906 attempts=1 124748
^recovery_us: sender=0 seq=1 idx=15907 attempts=1 124761
^recovery_us: sender=0 seq=1 idx=15929 attempts=1 124782
^recovery_us: sender=0 seq=1 idx=15930 attempts=1 124797
^recovery_us: sender=0 seq=1 idx=15931 attempts=1 124811
^recovery_us: sender=0 seq=1 idx=15932 attempts=1 124823
^recovery_us: sender=0 seq=1 idx=15933 attempts=1 124844
^recovery_us: sender=0 seq=1 idx=15934 attempts=1 124858
^recovery_us: sender=0 seq=1 idx=15935 attempts=1 124872
^recovery_us: sender=0 seq=1 idx=15936 attempts=1 124892
^recovery_us: sender=0 seq=1 idx=15937 attempts=1 124905
^recovery_us: sender=0 seq=1 idx=15938 attempts=1 124918
^recovery_us: sender=0 seq=1 idx=15939 attempts=1 124939
^recovery_us: sender=0 seq=1 idx=15940 attempts=1 124953
^recovery_us: sender=0 seq=1 idx=15941 attempts=1 124965
^recovery_us: sender=0 seq=1 idx=15942 attempts=1 124999
^recovery_us: sender=0 seq=1 idx=15943 attempts=1 125015
^recovery_us: sender=0 seq=1 idx=15944 attempts=1 125028
^recovery_us: sender=0 seq=1 idx=16009 attempts=1 125048
^recovery_us: sender=0 seq=1 idx=16010 attempts=1 125064
^recovery_us: sender=0 seq=1 idx=16011 attempts=1 125092
^recovery_us: sender=0 seq=1 idx=16012 attempts=1 125117
^recovery_us: sender=0 seq=1 idx=16034 attempts=1 125130
^recovery_us: sender=0 seq=1 idx=16035 attempts=1 125143
^recovery_us: sender=0 seq=1 idx=16036 attempts=1 125164
^recovery_us: sender=0 seq=1 idx=16037 attempts=1 125179
^recovery_us: sender=0 seq=1 idx=16038 attempts=1 125192
^recovery_us: sender=0 seq=1 idx=16039 attempts=1 125215
^recovery_us: sender=0 seq=1 idx=16040 attempts=1 125228
^recovery_us: sender=0 seq=1 idx=16041 attempts=1 125241
^recovery_us: sender=0 seq=1 idx=16042 attempts=1 125262
^recovery_us: sender=0 seq=1 idx=16043 attempts=1 125276
^recovery_us: sender=0 seq=1 idx=16044 attempts=1 128567
^recovery_us: sender=0 seq=1 idx=16045 attempts=1 128594
^recovery_us: sender=0 seq=1 idx=16046 attempts=1 128608
^recovery_us: sender=0 seq=1 idx=16047 attempts=1 128620
^recovery_us: sender=0 seq=1 idx=16048 attempts=1 128641
^recovery_us: sender=0 seq=1 idx=16049 attempts=1 128655
^recovery_us: sender=0 seq=1 idx=16050 attempts=1 128669
^recovery_us: sender=0 seq=1 idx=16051 attempts=1 128695
^recovery_us: sender=0 seq=1 idx=16116 attempts=1 128713
^recovery_us: sender=0 seq=1 idx=16117 attempts=1 128727
^recovery_us: sender=0 seq=1 idx=16118 attempts=1 128740
^recovery_us: sender=0 seq=1 idx=16119 attempts=1 128761
^recovery_us: sender=0 seq=1 idx=16141 attempts=1 128775
^recovery_us: sender=0 seq=1 idx=16142 attempts=1 128788
^recovery_us: sender=0 seq=1 idx=16143 attempts=1 128809
^recovery_us: sender=0 seq=1 idx=16144 attempts=1 128823
^recovery_us: sender=0 seq=1 idx=16145 attempts=1 128837
^recovery_us: sender=0 seq=1 idx=16146 attempts=1 128858
^recovery_us: sender=0 seq=1 idx=16147 attempts=1 128874
^recovery_us: sender=0 seq=1 idx=16148 attempts=1 128887
^recovery_us: sender=0 seq=1 idx=16149 attempts=1 128908
^recovery_us: sender=0 seq=1 idx=16150 attempts=1 128921
^recovery_us: sender=0 seq=1 idx=16151 attempts=1 128935
^recovery_us: sender=0 seq=1 idx=16152 attempts=1 128956
^recovery_us: sender=0 seq=1 idx=16153 attempts=1 128970
^recovery_us: sender=0 seq=1 idx=16154 attempts=1 129003
^recovery_us: sender=0 seq=1 idx=16155 attempts=1 129017
^recovery_us: sender=0 seq=1 idx=16156 attempts=1 129030
^recovery_us: sender=0 seq=1 idx=16157 attempts=1 129043
^recovery_us: sender=0 seq=1 idx=16158 attempts=1 129063
^recovery_us: sender=0 seq=1 idx=16159 attempts=1 129076
^recovery_us: sender=0 seq=1 idx=16160 attempts=1 129088
^recovery_us: sender=0 seq=1 idx=16161 attempts=1 129108
^recovery_us: sender=0 seq=1 idx=16162 attempts=1 129122
^recovery_us: sender=0 seq=1 idx=16227 attempts=1 129136
^recovery_us: sender=0 seq=1 idx=16228 attempts=1 129156
^recovery_us: sender=0 seq=1 idx=16229 attempts=1 129171
^recovery_us: sender=0 seq=1 idx=16230 attempts=1 129184
^recovery_us: sender=0 seq=1 idx=16252 attempts=1 129204
^recovery_us: sender=0 seq=1 idx=16253 attempts=1 129219
^recovery_us: sender=0 seq=1 idx=16254 attempts=1 129233
^recovery_us: sender=0 seq=1 idx=16255 attempts=1 129253
^recovery_us: sender=0 seq=1 idx=16256 attempts=1 129266
^recovery_us: sender=0 seq=1 idx=16257 attempts=1 129279
^recovery_us: sender=0 seq=1 idx=16258 attempts=1 129292
^recovery_us: sender=0 seq=1 idx=16259 attempts=1 129312
^recovery_us: sender=0 seq=1 idx=16260 attempts=1 129328
^recovery_us: sender=0 seq=1 idx=16261 attempts=1 129341
^recovery_us: sender=0 seq=1 idx=16262 attempts=1 129362
^recovery_us: sender=0 seq=1 idx=16263 attempts=1 129375
^recovery_us: sender=0 seq=1 idx=16264 attempts=1 129388
^recovery_us: sender=0 seq=1 idx=16265 attempts=1 129408
^recovery_us: sender=0 seq=1 idx=16266 attempts=1 129423
^recovery_us: sender=0 seq=1 idx=16267 attempts=1 129435
^recovery_us: sender=0 seq=1 idx=16268 attempts=1 129460
^recovery_us: sender=0 seq=1 idx=16269 attempts=1 129475
^recovery_us: sender=0 seq=1 idx=16334 attempts=1 129489
^recovery_us: sender=0 seq=1 idx=16335 attempts=1 129509
^recovery_us: sender=0 seq=1 idx=16336 attempts=1 129522
^recovery_us: sender=0 seq=1 idx=16337 attempts=1 129542
^recovery_us: sender=0 seq=1 idx=16423 attempts=1 129561
^recovery_us: sender=0 seq=1 idx=16424 attempts=1 132759
^recovery_us: sender=0 seq=1 idx=16425 attempts=1 132778
^recovery_us: sender=0 seq=1 idx=16426 attempts=1 132801
^recovery_us: sender=0 seq=1 idx=16512 attempts=1 132814
^recovery_us: sender=0 seq=1 idx=16513 attempts=1 132828
^recovery_us: sender=0 seq=1 idx=16514 attempts=1 132849
^recovery_us: sender=0 seq=1 idx=16515 attempts=1 132862
^recovery_us: sender=0 seq=1 idx=16601 attempts=1 132875
^recovery_us: sender=0 seq=1 idx=16602 attempts=1 132897
^recovery_us: sender=0 seq=1 idx=16603 attempts=1 132910
^recovery_us: sender=0 seq=1 idx=16604 attempts=1 132923
^recovery_us: sender=0 seq=1 idx=16626 attempts=1 132944
^recovery_us: sender=0 seq=1 idx=16627 attempts=1 132958
^recovery_us: sender=0 seq=1 idx=16628 attempts=1 132971
^recovery_us: sender=0 seq=1 idx=16629 attempts=1 133005
^recovery_us: sender=0 seq=1 idx=16630 attempts=1 133019
^recovery_us: sender=0 seq=1 idx=16631 attempts=1 133032
^recovery_us: sender=0 seq=1 idx=16632 attempts=1 133053
^recovery_us: sender=0 seq=1 idx=16633 attempts=1 133067
^recovery_us: sender=0 seq=1 idx=16634 attempts=1 133080
^recovery_us: sender=0 seq=1 idx=16635 attempts=1 133093
^recovery_us: sender=0 seq=1 idx=16636 attempts=1 133113
^recovery_us: sender=0 seq=1 idx=16637 attempts=1 133127
^recovery_us: sender=0 seq=1 idx=16638 attempts=1 133141
^recovery_us: sender=0 seq=1 idx=16703 attempts=1 133161
^recovery_us: sender=0 seq=1 idx=16704 attempts=1 133177
^recovery_us: sender=0 seq=1 idx=16705 attempts=1 133190
^recovery_us: sender=0 seq=1 idx=16706 attempts=1 133220
^recovery_us: sender=0 seq=1 idx=16728 attempts=1 133233
^recovery_us: sender=0 seq=1 idx=16729 attempts=1 133245
^recovery_us: sender=0 seq=1 idx=16730 attempts=1 133267
^recovery_us: sender=0 seq=1 idx=16731 attempts=1 133281
^recovery_us: sender=0 seq=1 idx=16732 attempts=1 133302
^recovery_us: sender=0 seq=1 idx=16733 attempts=1 133315
^recovery_us: sender=0 seq=1 idx=16734 attempts=1 133328
^recovery_us: sender=0 seq=1 idx=16735 attempts=1 133349
^recovery_us: sender=0 seq=1 idx=16736 attempts=1 133363
^recovery_us: sender=0 seq=1 idx=16737 attempts=1 133376
^recovery_us: sender=0 seq=1 idx=16738 attempts=1 133389
^recovery_us: sender=0 seq=1 idx=16739 attempts=1 133413
^recovery_us: sender=0 seq=1 idx=16740 attempts=1 133429
^recovery_us: sender=0 seq=1 idx=16741 attempts=1 133441
^recovery_us: sender=0 seq=1 idx=16742 attempts=1 133462
^recovery_us: sender=0 seq=1 idx=16743 attempts=1 133477
^recovery_us: sender=0 seq=1 idx=16744 attempts=1 133491
^recovery_us: sender=0 seq=1 idx=16745 attempts=1 133512
^recovery_us: sender=0 seq=1 idx=16746 attempts=1 133525
^recovery_us: sender=0 seq=1 idx=16811 attempts=1 133538
^recovery_us: sender=0 seq=1 idx=16812 attempts=1 133557
^recovery_us: sender=0 seq=1 idx=16813 attempts=1 133572
^recovery_us: sender=0 seq=1 idx=16814 attempts=1 133585
^recovery_us: sender=0 seq=1 idx=16836 attempts=1 133606
^recovery_us: sender=0 seq=1 idx=16837 attempts=1 137005
^recovery_us: sender=0 seq=1 idx=16838 attempts=1 137025
^recovery_us: sender=0 seq=1 idx=16839 attempts=1 137038
^recovery_us: sender=0 seq=1 idx=16840 attempts=1 137061
^recovery_us: sender=0 seq=1 idx=16841 attempts=1 137074
^recovery_us: sender=0 seq=1 idx=16842 attempts=1 137087
^recovery_us: sender=0 seq=1 idx=16843 attempts=1 137107
^recovery_us: sender=0 seq=1 idx=16844 attempts=1 137122
^recovery_us: sender=0 seq=1 idx=16845 attempts=1 137136
^recovery_us: sender=0 seq=1 idx=16910 attempts=1 137155
^recovery_us: sender=0 seq=1 idx=16911 attempts=1 137171
^recovery_us: sender=0 seq=1 idx=16912 attempts=1 137183
^recovery_us: sender=0 seq=1 idx=16913 attempts=1 137203
^recovery_us: sender=0 seq=1 idx=16935 attempts=1 137217
^recovery_us: sender=0 seq=1 idx=16936 attempts=1 137237
^recovery_us: sender=0 seq=1 idx=16937 attempts=1 137252
^recovery_us: sender=0 seq=1 idx=16938 attempts=1 137264
^recovery_us: sender=0 seq=1 idx=16939 attempts=1 137286
^recovery_us: sender=0 seq=1 idx=16940 attempts=1 137300
^recovery_us: sender=0 seq=1 idx=16941 attempts=1 137312
^recovery_us: sender=0 seq=1 idx=16942 attempts=1 137325
^recovery_us: sender=0 seq=1 idx=16943 attempts=1 137346
^recovery_us: sender=0 seq=1 idx=16944 attempts=1 137360
^recovery_us: sender=0 seq=1 idx=16945 attempts=1 137373
^recovery_us: sender=0 seq=1 idx=16946 attempts=1 137393
^recovery_us: sender=0 seq=1 idx=16947 attempts=1 137406
^recovery_us: sender=0 seq=1 idx=16948 attempts=1 137419
^recovery_us: sender=0 seq=1 idx=16949 attempts=1 137439
^recovery_us: sender=0 seq=1 idx=16950 attempts=1 137452
^recovery_us: sender=0 seq=1 idx=16951 attempts=1 137465
^recovery_us: sender=0 seq=1 idx=16952 attempts=1 137486
^recovery_us: sender=0 seq=1 idx=17017 attempts=1 137501
^recovery_us: sender=0 seq=1 idx=17018 attempts=1 137515
^recovery_us: sender=0 seq=1 idx=17019 attempts=1 137539
^recovery_us: sender=0 seq=1 idx=17020 attempts=1 137554
^recovery_us: sender=0 seq=1 idx=17042 attempts=1 137566
^recovery_us: sender=0 seq=1 idx=17043 attempts=1 137586
^recovery_us: sender=0 seq=1 idx=17044 attempts=1 137599
^recovery_us: sender=0 seq=1 idx=17045 attempts=1 137613
^recovery_us: sender=0 seq=1 idx=17046 attempts=1 137626
^recovery_us: sender=0 seq=1 idx=17047 attempts=1 137646
^recovery_us: sender=0 seq=1 idx=17048 attempts=1 137661
^recovery_us: sender=0 seq=1 idx=17049 attempts=1 137673
^recovery_us: sender=0 seq=1 idx=17050 attempts=1 137693
^recovery_us: sender=0 seq=1 idx=17051 attempts=1 137709
^recovery_us: sender=0 seq=1 idx=17052 attempts=1 137722
^recovery_us: sender=0 seq=1 idx=17053 attempts=1 137741
^recovery_us: sender=0 seq=1 idx=17054 attempts=1 137756
^recovery_us: sender=0 seq=1 idx=17055 attempts=1 137776
^recovery_us: sender=0 seq=1 idx=17056 attempts=1 137791
^recovery_us: sender=0 seq=1 idx=17057 attempts=1 137803
^recovery_us: sender=0 seq=1 idx=17058 attempts=1 137823
^recovery_us: sender=0 seq=1 idx=17059 attempts=1 137835
^recovery_us: sender=0 seq=1 idx=17124 attempts=1 137848
^recovery_us: sender=0 seq=1 idx=17125 attempts=1 137865
^recovery_us: sender=0 seq=1 idx=17126 attempts=1 137885
^recovery_us: sender=0 seq=1 idx=17127 attempts=1 137900
^recovery_us: sender=0 seq=1 idx=17213 attempts=1 137914
^recovery_us: sender=0 seq=1 idx=17214 attempts=1 137934
^recovery_us: sender=0 seq=1 idx=17215 attempts=1 137947
^recovery_us: sender=0 seq=1 idx=17216 attempts=1 137960
^recovery_us: sender=0 seq=1 idx=17238 attempts=1 137987
^recovery_us: sender=0 seq=1 idx=17239 attempts=1 141148
^recovery_us: sender=0 seq=1 idx=17240 attempts=1 141167
^recovery_us: sender=0 seq=1 idx=17241 attempts=1 141189
^recovery_us: sender=0 seq=1 idx=17242 attempts=1 141203
^recovery_us: sender=0 seq=1 idx=17243 attempts=1 141215
^recovery_us: sender=0 seq=1 idx=17244 attempts=1 141235
^recovery_us: sender=0 seq=1 idx=17245 attempts=1 141249
^recovery_us: sender=0 seq=1 idx=17246 attempts=1 141262
^recovery_us: sender=0 seq=1 idx=17247 attempts=1 141282
^recovery_us: sender=0 seq=1 idx=17248 attempts=1 141295
^recovery_us: sender=0 seq=1 idx=17249 attempts=1 141308
^recovery_us: sender=0 seq=1 idx=17250 attempts=1 141321
^recovery_us: sender=0 seq=1 idx=17251 attempts=1 141341
^recovery_us: sender=0 seq=1 idx=17252 attempts=1 141354
^recovery_us: sender=0 seq=1 idx=17253 attempts=1 141367
^recovery_us: sender=0 seq=2 idx=0 attempts=1 194717
