=== Native distributed Asterisk MPC — TSN (eno2) ===
n=3 g=20000 d=100 repeat=1 slot_ns=1048544
active hosts: P0=local, P1=server1 P2=server2 P3=server3 
preflight: taprio aligned on all hosts (cycle=4194176, base_time mod cycle=0)
--- starting timesrcd (backend=ptp ptp_dev=/dev/ptp1) ---
--- launching MPC parties ---

=== Per-party results ===
--- Party 0 (local) ---
pid: 0
time: 26774.925794 ms
sent: 48320064 bytes
--- Party 1 (server1) ---
pid: 1
time: 41689.530383 ms
sent: 21332800 bytes
--- Party 2 (server2) ---
pid: 2
time: 41690.864626 ms
sent: 21332800 bytes
--- Party 3 (server3) ---
pid: 3
time: 41690.167226 ms
sent: 21334400 bytes

=== Retransmit + scheduler audit ===
P0: retx=0   poison=0   in_slot=34492  out_of_slot=439 boundary_spans=434
P1: retx=0   poison=0   in_slot=15588  out_of_slot=16  boundary_spans=16 
P2: retx=0   poison=0   in_slot=15584  out_of_slot=20  boundary_spans=20 
P3: retx=0   poison=0   in_slot=15981  out_of_slot=67  boundary_spans=65 
