--- Details ---
depth: 100
gates_per_level: 10000
num-parties: 3
pid: 3
repeat: 1
security_param: 128
seed: 200
threads: 6

--- Circuit ---
Input: 10000
Addition: 0
Multiplication: 1000000
Multiplication with Fan-in 3: 0
Multiplication with Fan-in 4: 0
Subtraction: 0
Addition with constant: 0
Multiplication with constant: 0
ReLU: 0
MSB: 0
Equals to zero: 0
Less than zero: 0
Dotproduct: 0
Dotproduct with truncation: 0
Invalid: 0
Total: 1010000
Depth: 101

TIMER pid=3 off_eval.run()=16010.39 ms
TIMER pid=3 online_loop=5875.73 ms
--- Repetition 1 ---
time: 21929.758848 ms
sent: 10667200 bytes

--- Statistics ---
peak_resident_set_size: 1158296
peak_virtual_memory: 1955660

BcastBus[p=3]: drop_self=8276 witness_disp=8004 drop_unkn=0 tnacks=272 wnacks=0 nack_origin_drop=0 nack_recv=0
  tx[0]: app_bytes=0 tx_dg=0 retx=0 evict=0 poisoned=0
  tx[1]: app_bytes=5333600 tx_dg=4002 retx=0 evict=0 poisoned=0
  tx[2]: app_bytes=5333600 tx_dg=4002 retx=0 evict=0 poisoned=0
  rx[0]: rx_dg=17261 poisoned=0
  rx[1]: rx_dg=4002 poisoned=0
  rx[2]: rx_dg=4002 poisoned=0
TDMAScheduler[p=3]: slot_ns=1048544 cycle_slots=4 waits=199 ns_waited=365449866 sends={in=8274 out=2 boundary_spans=2}
TDMAScheduler[p=3]: per-slot send counts: slot0(oth)=0 slot1(oth)=0 slot2(oth)=0 slot3(own)=8276
