Performing C SOURCE FILE Test CMAKE_HAVE_LIBC_PTHREAD failed with the following output:
Change Dir: /root/asterisk-native_root/build/CMakeFiles/CMakeTmp

Run Build Command(s):/usr/bin/gmake -f Makefile cmTC_cbcd5/fast && /usr/bin/gmake  -f CMakeFiles/cmTC_cbcd5.dir/build.make CMakeFiles/cmTC_cbcd5.dir/build
gmake[1]: Entering directory '/root/asterisk-native_root/build/CMakeFiles/CMakeTmp'
Building C object CMakeFiles/cmTC_cbcd5.dir/src.c.o
/usr/lib64/ccache/cc -DCMAKE_HAVE_LIBC_PTHREAD  -march=native -maes -mrdseed -lntl -g  -o CMakeFiles/cmTC_cbcd5.dir/src.c.o -c /root/asterisk-native_root/build/CMakeFiles/CMakeTmp/src.c
Linking C executable cmTC_cbcd5
/usr/bin/cmake -E cmake_link_script CMakeFiles/cmTC_cbcd5.dir/link.txt --verbose=1
/usr/lib64/ccache/cc -march=native -maes -mrdseed -lntl -g  CMakeFiles/cmTC_cbcd5.dir/src.c.o -o cmTC_cbcd5 
/usr/bin/ld: CMakeFiles/cmTC_cbcd5.dir/src.c.o: undefined reference to symbol 'pthread_cancel@@GLIBC_2.2.5'
/usr/bin/ld: /usr/lib64/libpthread.so.0: error adding symbols: DSO missing from command line
collect2: error: ld returned 1 exit status
gmake[1]: *** [CMakeFiles/cmTC_cbcd5.dir/build.make:99: cmTC_cbcd5] Error 1
gmake[1]: Leaving directory '/root/asterisk-native_root/build/CMakeFiles/CMakeTmp'
gmake: *** [Makefile:127: cmTC_cbcd5/fast] Error 2


Source file was:
#include <pthread.h>

static void* test_func(void* data)
{
  return data;
}

int main(void)
{
  pthread_t thread;
  pthread_create(&thread, NULL, test_func, NULL);
  pthread_detach(thread);
  pthread_cancel(thread);
  pthread_join(thread, NULL);
  pthread_atfork(NULL, NULL, NULL);
  pthread_exit(NULL);

  return 0;
}

